[32m[2026-01-31T12:35:30.497Z]  INFO: Requesting https://sparql.rhea-db.org/sparql { headers: { accept: 'application/n-quads,application/trig;q=0.95,application/ld+json;q=0.9,application/n-triples;q=0.8,text/turtle;q=0.6,application/rdf+xml;q=0.5,text/n3;q=0.35,application/xml;q=0.3,image/svg+xml;q=0.3,text/xml;q=0.3,text/html;q=0.2,application/xhtml+xml;q=0.18,application/json;q=0.135,text/shaclc;q=0.1,text/shaclc-ext;q=0.05', 'user-agent': 'Comunica/4.0 (linux; x64) ActorHttpFetch/4.4.1 Node.js/22' }, method: undefined, actor: 'urn:comunica:default:http/actors#fetch' }
[0m[32m[2026-01-31T12:35:30.498Z]  INFO: Requesting https://data.allie.dbcls.jp/sparql { headers: { accept: 'application/n-quads,application/trig;q=0.95,application/ld+json;q=0.9,application/n-triples;q=0.8,text/turtle;q=0.6,application/rdf+xml;q=0.5,text/n3;q=0.35,application/xml;q=0.3,image/svg+xml;q=0.3,text/xml;q=0.3,text/html;q=0.2,application/xhtml+xml;q=0.18,application/json;q=0.135,text/shaclc;q=0.1,text/shaclc-ext;q=0.05', 'user-agent': 'Comunica/4.0 (linux; x64) ActorHttpFetch/4.4.1 Node.js/22' }, method: undefined, actor: 'urn:comunica:default:http/actors#fetch' }
[0m[32m[2026-01-31T12:35:30.648Z]  INFO: Identified https://sparql.rhea-db.org/sparql as sparql source with service URL: https://sparql.rhea-db.org/sparql { actor: 'urn:comunica:default:query-source-identify-hypermedia/actors#sparql' }
[0m[90m[2026-01-31T12:35:30.651Z]  DEBUG: Delaying request { url: 'https://sparql.rhea-db.org/sparql?query=ASK%20WHERE%20%7B%20%3Fx%20%3Chttp%3A%2F%2Fwww.w3.org%2F2000%2F01%2Frdf-schema%23label%3E%20%3FenglishLabel.%20%7D', requestInterval: 27, currentDelay: 27, actor: 'urn:comunica:default:http/actors#limit-rate' }
[0m[90m[2026-01-31T12:35:30.651Z]  DEBUG: Delaying request { url: 'https://sparql.rhea-db.org/sparql?query=ASK%20WHERE%20%7B%20%3Fs%20%3Chttp%3A%2F%2Fwww.w3.org%2F2000%2F01%2Frdf-schema%23label%3E%20%3Fo.%20%7D', requestInterval: 27, currentDelay: 54, actor: 'urn:comunica:default:http/actors#limit-rate' }
[0m[90m[2026-01-31T12:35:30.652Z]  DEBUG: Delaying request { url: 'https://sparql.rhea-db.org/sparql?query=ASK%20WHERE%20%7B%20%3Fs%20%3Chttp%3A%2F%2Fwww.geneontology.org%2Fformats%2FoboInOwl%23hasSynonym%3E%20%3Fo.%20%7D', requestInterval: 27, currentDelay: 80, actor: 'urn:comunica:default:http/actors#limit-rate' }
[0m[32m[2026-01-31T12:35:30.652Z]  INFO: Requesting https://sparql.rhea-db.org/sparql?query=ASK%20WHERE%20%7B%20%3Fx%20%3Chttp%3A%2F%2Fwww.w3.org%2F2000%2F01%2Frdf-schema%23label%3E%20%221%2C2%2C4-%E3%83%88%E3%83%AA%E3%82%AF%E3%83%AD%E3%83%AD%E3%83%99%E3%83%B3%E3%82%BC%E3%83%B3%22%40ja.%20%7D { headers: { accept: 'application/sparql-results+json;q=1.0,application/sparql-results+xml;q=0.7', 'user-agent': 'Comunica/4.0 (linux; x64) ActorHttpFetch/4.4.1 Node.js/22' }, method: 'GET', actor: 'urn:comunica:default:http/actors#fetch' }
[0m[32m[2026-01-31T12:35:30.679Z]  INFO: Requesting https://sparql.rhea-db.org/sparql?query=ASK%20WHERE%20%7B%20%3Fx%20%3Chttp%3A%2F%2Fwww.w3.org%2F2000%2F01%2Frdf-schema%23label%3E%20%3FenglishLabel.%20%7D { headers: { accept: 'application/sparql-results+json;q=1.0,application/sparql-results+xml;q=0.7', 'user-agent': 'Comunica/4.0 (linux; x64) ActorHttpFetch/4.4.1 Node.js/22' }, method: 'GET', actor: 'urn:comunica:default:http/actors#fetch' }
[0m[32m[2026-01-31T12:35:30.706Z]  INFO: Requesting https://sparql.rhea-db.org/sparql?query=ASK%20WHERE%20%7B%20%3Fs%20%3Chttp%3A%2F%2Fwww.w3.org%2F2000%2F01%2Frdf-schema%23label%3E%20%3Fo.%20%7D { headers: { accept: 'application/sparql-results+json;q=1.0,application/sparql-results+xml;q=0.7', 'user-agent': 'Comunica/4.0 (linux; x64) ActorHttpFetch/4.4.1 Node.js/22' }, method: 'GET', actor: 'urn:comunica:default:http/actors#fetch' }
[0m[32m[2026-01-31T12:35:30.732Z]  INFO: Requesting https://sparql.rhea-db.org/sparql?query=ASK%20WHERE%20%7B%20%3Fs%20%3Chttp%3A%2F%2Fwww.geneontology.org%2Fformats%2FoboInOwl%23hasSynonym%3E%20%3Fo.%20%7D { headers: { accept: 'application/sparql-results+json;q=1.0,application/sparql-results+xml;q=0.7', 'user-agent': 'Comunica/4.0 (linux; x64) ActorHttpFetch/4.4.1 Node.js/22' }, method: 'GET', actor: 'urn:comunica:default:http/actors#fetch' }
[0m[32m[2026-01-31T12:35:31.468Z]  INFO: Identified https://data.allie.dbcls.jp/sparql as sparql source with service URL: https://data.allie.dbcls.jp/sparql { actor: 'urn:comunica:default:query-source-identify-hypermedia/actors#sparql' }
[0m[90m[2026-01-31T12:35:31.469Z]  DEBUG: Delaying request { url: 'https://data.allie.dbcls.jp/sparql?query=ASK%20WHERE%20%7B%20%3Fx%20%3Chttp%3A%2F%2Fwww.w3.org%2F2000%2F01%2Frdf-schema%23label%3E%20%3FenglishLabel.%20%7D', requestInterval: 287, currentDelay: 287, actor: 'urn:comunica:default:http/actors#limit-rate' }
[0m[90m[2026-01-31T12:35:31.469Z]  DEBUG: Delaying request { url: 'https://data.allie.dbcls.jp/sparql?query=ASK%20WHERE%20%7B%20%3Fs%20%3Chttp%3A%2F%2Fwww.w3.org%2F2000%2F01%2Frdf-schema%23label%3E%20%3Fo.%20%7D', requestInterval: 287, currentDelay: 574, actor: 'urn:comunica:default:http/actors#limit-rate' }
[0m[90m[2026-01-31T12:35:31.469Z]  DEBUG: Delaying request { url: 'https://data.allie.dbcls.jp/sparql?query=ASK%20WHERE%20%7B%20%3Fs%20%3Chttp%3A%2F%2Fwww.geneontology.org%2Fformats%2FoboInOwl%23hasSynonym%3E%20%3Fo.%20%7D', requestInterval: 287, currentDelay: 861, actor: 'urn:comunica:default:http/actors#limit-rate' }
[0m[32m[2026-01-31T12:35:31.469Z]  INFO: Requesting https://data.allie.dbcls.jp/sparql?query=ASK%20WHERE%20%7B%20%3Fx%20%3Chttp%3A%2F%2Fwww.w3.org%2F2000%2F01%2Frdf-schema%23label%3E%20%221%2C2%2C4-%E3%83%88%E3%83%AA%E3%82%AF%E3%83%AD%E3%83%AD%E3%83%99%E3%83%B3%E3%82%BC%E3%83%B3%22%40ja.%20%7D { headers: { accept: 'application/sparql-results+json;q=1.0,application/sparql-results+xml;q=0.7', 'user-agent': 'Comunica/4.0 (linux; x64) ActorHttpFetch/4.4.1 Node.js/22' }, method: 'GET', actor: 'urn:comunica:default:http/actors#fetch' }
[0m[32m[2026-01-31T12:35:31.757Z]  INFO: Requesting https://data.allie.dbcls.jp/sparql?query=ASK%20WHERE%20%7B%20%3Fx%20%3Chttp%3A%2F%2Fwww.w3.org%2F2000%2F01%2Frdf-schema%23label%3E%20%3FenglishLabel.%20%7D { headers: { accept: 'application/sparql-results+json;q=1.0,application/sparql-results+xml;q=0.7', 'user-agent': 'Comunica/4.0 (linux; x64) ActorHttpFetch/4.4.1 Node.js/22' }, method: 'GET', actor: 'urn:comunica:default:http/actors#fetch' }
[0m[32m[2026-01-31T12:35:32.043Z]  INFO: Requesting https://data.allie.dbcls.jp/sparql?query=ASK%20WHERE%20%7B%20%3Fs%20%3Chttp%3A%2F%2Fwww.w3.org%2F2000%2F01%2Frdf-schema%23label%3E%20%3Fo.%20%7D { headers: { accept: 'application/sparql-results+json;q=1.0,application/sparql-results+xml;q=0.7', 'user-agent': 'Comunica/4.0 (linux; x64) ActorHttpFetch/4.4.1 Node.js/22' }, method: 'GET', actor: 'urn:comunica:default:http/actors#fetch' }
[0m[32m[2026-01-31T12:35:32.331Z]  INFO: Requesting https://data.allie.dbcls.jp/sparql?query=ASK%20WHERE%20%7B%20%3Fs%20%3Chttp%3A%2F%2Fwww.geneontology.org%2Fformats%2FoboInOwl%23hasSynonym%3E%20%3Fo.%20%7D { headers: { accept: 'application/sparql-results+json;q=1.0,application/sparql-results+xml;q=0.7', 'user-agent': 'Comunica/4.0 (linux; x64) ActorHttpFetch/4.4.1 Node.js/22' }, method: 'GET', actor: 'urn:comunica:default:http/actors#fetch' }
[0m[90m[2026-01-31T12:35:32.567Z]  DEBUG: Pruning 2 source-specific operations { actor: 'urn:comunica:default:optimize-query-operation/actors#prune-empty-source-operations' }
[0m[90m[2026-01-31T12:35:32.569Z]  DEBUG: Push down filter across union entries with 2 fully overlapping, 0 partially overlapping, and 0 not overlapping { actor: 'urn:comunica:default:optimize-query-operation/actors#filter-pushdown' }
[0m[90m[2026-01-31T12:35:32.569Z]  DEBUG: Push down filter across join entries with 1 fully overlapping, 0 partially overlapping, and 1 not overlapping { actor: 'urn:comunica:default:optimize-query-operation/actors#filter-pushdown' }
[0m[90m[2026-01-31T12:35:32.569Z]  DEBUG: Pushed down filters in 2 iterations { actor: 'urn:comunica:default:optimize-query-operation/actors#filter-pushdown' }
[0m[90m[2026-01-31T12:35:32.570Z]  DEBUG: Hoist 1 source-specific operations into a single filter operation for QuerySourceHypermedia(https://sparql.rhea-db.org/sparql)(SkolemID:0) { actor: 'urn:comunica:default:optimize-query-operation/actors#group-sources' }
[0m[90m[2026-01-31T12:35:32.570Z]  DEBUG: Hoist 1 source-specific operations into a single filter operation for QuerySourceHypermedia(https://data.allie.dbcls.jp/sparql)(SkolemID:1) { actor: 'urn:comunica:default:optimize-query-operation/actors#group-sources' }
[0m[90m[2026-01-31T12:35:32.580Z]  DEBUG: Determined physical join operator 'inner-bind-source' { entries: 2, variables: [ [ 'x', 'englishLabel' ], [ 'x' ] ], costs: { 'inner-bind-source': NaN, 'inner-bind': NaN, 'inner-hash-def': NaN, 'inner-hash-undef': NaN, 'inner-symmetric-hash': NaN, 'inner-nested-loop': NaN }, coefficients: { 'inner-bind-source': { iterations: 1, persistedItems: Infinity, blockingItems: Infinity, requestTime: NaN }, 'inner-bind': { iterations: Infinity, persistedItems: 0, blockingItems: 0, requestTime: NaN }, 'inner-hash-def': { iterations: Infinity, persistedItems: Infinity, blockingItems: Infinity, requestTime: NaN }, 'inner-hash-undef': { iterations: Infinity, persistedItems: Infinity, blockingItems: Infinity, requestTime: NaN }, 'inner-symmetric-hash': { iterations: Infinity, persistedItems: Infinity, blockingItems: 0, requestTime: NaN }, 'inner-nested-loop': { iterations: Infinity, persistedItems: 0, blockingItems: 0, requestTime: NaN } } }
[0m[90m[2026-01-31T12:35:32.581Z]  DEBUG: First entry for Bind Join Source:  { entry: { type: 'union', input: [ { type: 'filter', input: Quad { termType: 'Quad', value: '', subject: [Object], predicate: [Object], object: [Object], graph: [Object], type: 'pattern' }, expression: { type: 'expression', expressionType: 'operator', operator: '=', args: [Array] }, metadata: { scopedSource: [Object] } }, { type: 'filter', input: Quad { termType: 'Quad', value: '', subject: [Object], predicate: [Object], object: [Object], graph: [Object], type: 'pattern' }, expression: { type: 'expression', expressionType: 'operator', operator: '=', args: [Array] }, metadata: { scopedSource: [Object] } } ] }, cardinality: { type: 'estimate', value: Infinity }, order: undefined, availableOrders: undefined, actor: 'urn:comunica:default:rdf-join/actors#inner-multi-bind-source' }
[0m[90m[2026-01-31T12:35:32.587Z]  DEBUG: Delaying request { url: 'https://data.allie.dbcls.jp/sparql?query=SELECT%20%3Fx%20%3FenglishLabel%20WHERE%20%7B%0A%20%20%3Fx%20%3Chttp%3A%2F%2Fwww.w3.org%2F2000%2F01%2Frdf-schema%23label%3E%20%3FenglishLabel.%0A%20%20FILTER((LANG(%3FenglishLabel))%20%3D%20%22en%22)%0A%7D', requestInterval: 355, currentDelay: 98, actor: 'urn:comunica:default:http/actors#limit-rate' }
[0m[32m[2026-01-31T12:35:32.587Z]  INFO: Requesting https://sparql.rhea-db.org/sparql?query=SELECT%20%3Fx%20%3FenglishLabel%20WHERE%20%7B%0A%20%20%3Fx%20%3Chttp%3A%2F%2Fwww.w3.org%2F2000%2F01%2Frdf-schema%23label%3E%20%3FenglishLabel.%0A%20%20FILTER((LANG(%3FenglishLabel))%20%3D%20%22en%22)%0A%7D { headers: { accept: 'application/sparql-results+json;q=1.0,application/sparql-results+xml;q=0.7', 'user-agent': 'Comunica/4.0 (linux; x64) ActorHttpFetch/4.4.1 Node.js/22' }, method: 'GET', actor: 'urn:comunica:default:http/actors#fetch' }
[0m[90m[2026-01-31T12:35:32.589Z]  DEBUG: Determined physical join operator 'inner-bind' { entries: 2, variables: [ [ 'x', 'englishLabel', 'englishLabelStr' ], [ 'chebi', 'englishLabelStr' ] ], costs: { 'inner-bind': NaN, 'inner-hash-def': NaN, 'inner-hash-undef': NaN, 'inner-symmetric-hash': NaN, 'inner-nested-loop': NaN }, coefficients: { 'inner-bind': { iterations: Infinity, persistedItems: 0, blockingItems: 0, requestTime: NaN }, 'inner-hash-def': { iterations: Infinity, persistedItems: Infinity, blockingItems: Infinity, requestTime: NaN }, 'inner-hash-undef': { iterations: Infinity, persistedItems: Infinity, blockingItems: Infinity, requestTime: NaN }, 'inner-symmetric-hash': { iterations: Infinity, persistedItems: Infinity, blockingItems: 0, requestTime: NaN }, 'inner-nested-loop': { iterations: Infinity, persistedItems: 0, blockingItems: 0, requestTime: NaN } } }
[0m[90m[2026-01-31T12:35:32.591Z]  DEBUG: First entry for Bind Join:  { entry: { type: 'extend', input: { type: 'join', input: [ { type: 'union', input: [Array] }, Quad { termType: 'Quad', value: '', subject: [Object], predicate: [Object], object: [Object], graph: [Object], type: 'pattern', metadata: [Object] } ] }, variable: Variable { termType: 'Variable', value: 'englishLabelStr' }, expression: { type: 'expression', expressionType: 'operator', operator: 'str', args: [ { type: 'expression', expressionType: 'term', term: [Object] } ] } }, cardinality: { type: 'estimate', value: Infinity }, order: undefined, availableOrders: undefined, actor: 'urn:comunica:default:rdf-join/actors#inner-multi-bind' }
[0m[32m[2026-01-31T12:35:32.686Z]  INFO: Requesting https://data.allie.dbcls.jp/sparql?query=SELECT%20%3Fx%20%3FenglishLabel%20WHERE%20%7B%0A%20%20%3Fx%20%3Chttp%3A%2F%2Fwww.w3.org%2F2000%2F01%2Frdf-schema%23label%3E%20%3FenglishLabel.%0A%20%20FILTER((LANG(%3FenglishLabel))%20%3D%20%22en%22)%0A%7D { headers: { accept: 'application/sparql-results+json;q=1.0,application/sparql-results+xml;q=0.7', 'user-agent': 'Comunica/4.0 (linux; x64) ActorHttpFetch/4.4.1 Node.js/22' }, method: 'GET', actor: 'urn:comunica:default:http/actors#fetch' }
[0m[32m[2026-01-31T12:36:16.579Z]  INFO: Requesting https://data.allie.dbcls.jp/sparql { headers: { accept: 'application/sparql-results+json;q=1.0,application/sparql-results+xml;q=0.7', 'content-length': '2267', 'content-type': 'application/x-www-form-urlencoded', 'user-agent': 'Comunica/4.0 (linux; x64) ActorHttpFetch/4.4.1 Node.js/22' }, method: 'POST', actor: 'urn:comunica:default:http/actors#fetch' }
[0m[90m[2026-01-31T12:36:16.584Z]  DEBUG: Delaying request { url: 'https://data.allie.dbcls.jp/sparql', requestInterval: 13414, currentDelay: 13409, actor: 'urn:comunica:default:http/actors#limit-rate' }
[0m[90m[2026-01-31T12:36:16.803Z]  DEBUG: Delaying request { url: 'https://data.allie.dbcls.jp/sparql', requestInterval: 13414, currentDelay: 26604, actor: 'urn:comunica:default:http/actors#limit-rate' }
[0m[90m[2026-01-31T12:36:16.807Z]  DEBUG: Delaying request { url: 'https://data.allie.dbcls.jp/sparql', requestInterval: 13414, currentDelay: 40014, actor: 'urn:comunica:default:http/actors#limit-rate' }
[0m[90m[2026-01-31T12:36:16.809Z]  DEBUG: Delaying request { url: 'https://data.allie.dbcls.jp/sparql', requestInterval: 13414, currentDelay: 53426, actor: 'urn:comunica:default:http/actors#limit-rate' }
[0m[90m[2026-01-31T12:36:16.811Z]  DEBUG: Delaying request { url: 'https://data.allie.dbcls.jp/sparql', requestInterval: 13414, currentDelay: 66838, actor: 'urn:comunica:default:http/actors#limit-rate' }
[0m[90m[2026-01-31T12:36:16.812Z]  DEBUG: Delaying request { url: 'https://data.allie.dbcls.jp/sparql', requestInterval: 13414, currentDelay: 80251, actor: 'urn:comunica:default:http/actors#limit-rate' }
[0m[90m[2026-01-31T12:36:16.815Z]  DEBUG: Delaying request { url: 'https://data.allie.dbcls.jp/sparql', requestInterval: 13414, currentDelay: 93662, actor: 'urn:comunica:default:http/actors#limit-rate' }
[0m[90m[2026-01-31T12:36:16.816Z]  DEBUG: Delaying request { url: 'https://data.allie.dbcls.jp/sparql', requestInterval: 13414, currentDelay: 107075, actor: 'urn:comunica:default:http/actors#limit-rate' }
[0m[90m[2026-01-31T12:36:16.818Z]  DEBUG: Delaying request { url: 'https://data.allie.dbcls.jp/sparql', requestInterval: 13414, currentDelay: 120487, actor: 'urn:comunica:default:http/actors#limit-rate' }
[0m[90m[2026-01-31T12:36:16.820Z]  DEBUG: Delaying request { url: 'https://data.allie.dbcls.jp/sparql', requestInterval: 13414, currentDelay: 133899, actor: 'urn:comunica:default:http/actors#limit-rate' }
[0m[90m[2026-01-31T12:36:16.821Z]  DEBUG: Delaying request { url: 'https://data.allie.dbcls.jp/sparql', requestInterval: 13414, currentDelay: 147312, actor: 'urn:comunica:default:http/actors#limit-rate' }
[0m[90m[2026-01-31T12:36:16.822Z]  DEBUG: Delaying request { url: 'https://data.allie.dbcls.jp/sparql', requestInterval: 13414, currentDelay: 160725, actor: 'urn:comunica:default:http/actors#limit-rate' }
[0m[90m[2026-01-31T12:36:17.032Z]  DEBUG: Delaying request { url: 'https://data.allie.dbcls.jp/sparql', requestInterval: 13414, currentDelay: 173929, actor: 'urn:comunica:default:http/actors#limit-rate' }
[0m[90m[2026-01-31T12:36:17.035Z]  DEBUG: Delaying request { url: 'https://data.allie.dbcls.jp/sparql', requestInterval: 13414, currentDelay: 187340, actor: 'urn:comunica:default:http/actors#limit-rate' }
[0m[90m[2026-01-31T12:36:17.036Z]  DEBUG: Delaying request { url: 'https://data.allie.dbcls.jp/sparql', requestInterval: 13414, currentDelay: 200753, actor: 'urn:comunica:default:http/actors#limit-rate' }
[0m[90m[2026-01-31T12:36:17.038Z]  DEBUG: Delaying request { url: 'https://data.allie.dbcls.jp/sparql', requestInterval: 13414, currentDelay: 214165, actor: 'urn:comunica:default:http/actors#limit-rate' }
[0m[90m[2026-01-31T12:36:17.039Z]  DEBUG: Delaying request { url: 'https://data.allie.dbcls.jp/sparql', requestInterval: 13414, currentDelay: 227578, actor: 'urn:comunica:default:http/actors#limit-rate' }
[0m[90m[2026-01-31T12:36:17.042Z]  DEBUG: Delaying request { url: 'https://data.allie.dbcls.jp/sparql', requestInterval: 13414, currentDelay: 240989, actor: 'urn:comunica:default:http/actors#limit-rate' }
[0m[90m[2026-01-31T12:36:17.044Z]  DEBUG: Delaying request { url: 'https://data.allie.dbcls.jp/sparql', requestInterval: 13414, currentDelay: 254401, actor: 'urn:comunica:default:http/actors#limit-rate' }
[0m[90m[2026-01-31T12:36:17.046Z]  DEBUG: Delaying request { url: 'https://data.allie.dbcls.jp/sparql', requestInterval: 13414, currentDelay: 267813, actor: 'urn:comunica:default:http/actors#limit-rate' }
[0m[90m[2026-01-31T12:36:17.047Z]  DEBUG: Delaying request { url: 'https://data.allie.dbcls.jp/sparql', requestInterval: 13414, currentDelay: 281226, actor: 'urn:comunica:default:http/actors#limit-rate' }
[0m[90m[2026-01-31T12:36:17.048Z]  DEBUG: Delaying request { url: 'https://data.allie.dbcls.jp/sparql', requestInterval: 13414, currentDelay: 294639, actor: 'urn:comunica:default:http/actors#limit-rate' }
[0m[90m[2026-01-31T12:36:17.050Z]  DEBUG: Delaying request { url: 'https://data.allie.dbcls.jp/sparql', requestInterval: 13414, currentDelay: 308051, actor: 'urn:comunica:default:http/actors#limit-rate' }
[0m[90m[2026-01-31T12:36:17.053Z]  DEBUG: Delaying request { url: 'https://data.allie.dbcls.jp/sparql', requestInterval: 13414, currentDelay: 321462, actor: 'urn:comunica:default:http/actors#limit-rate' }
[0m[90m[2026-01-31T12:36:17.055Z]  DEBUG: Delaying request { url: 'https://data.allie.dbcls.jp/sparql', requestInterval: 13414, currentDelay: 334874, actor: 'urn:comunica:default:http/actors#limit-rate' }
[0m[90m[2026-01-31T12:36:17.056Z]  DEBUG: Delaying request { url: 'https://data.allie.dbcls.jp/sparql', requestInterval: 13414, currentDelay: 348287, actor: 'urn:comunica:default:http/actors#limit-rate' }
[0m[90m[2026-01-31T12:36:17.058Z]  DEBUG: Delaying request { url: 'https://data.allie.dbcls.jp/sparql', requestInterval: 13414, currentDelay: 361699, actor: 'urn:comunica:default:http/actors#limit-rate' }
[0m[90m[2026-01-31T12:36:17.060Z]  DEBUG: Delaying request { url: 'https://data.allie.dbcls.jp/sparql', requestInterval: 13414, currentDelay: 375112, actor: 'urn:comunica:default:http/actors#limit-rate' }
[0m[90m[2026-01-31T12:36:17.061Z]  DEBUG: Delaying request { url: 'https://data.allie.dbcls.jp/sparql', requestInterval: 13414, currentDelay: 388524, actor: 'urn:comunica:default:http/actors#limit-rate' }
[0m[90m[2026-01-31T12:36:17.062Z]  DEBUG: Delaying request { url: 'https://data.allie.dbcls.jp/sparql', requestInterval: 13414, currentDelay: 401937, actor: 'urn:comunica:default:http/actors#limit-rate' }
[0m[90m[2026-01-31T12:36:17.064Z]  DEBUG: Delaying request { url: 'https://data.allie.dbcls.jp/sparql', requestInterval: 13414, currentDelay: 415349, actor: 'urn:comunica:default:http/actors#limit-rate' }
[0m[90m[2026-01-31T12:36:17.065Z]  DEBUG: Delaying request { url: 'https://data.allie.dbcls.jp/sparql', requestInterval: 13414, currentDelay: 428762, actor: 'urn:comunica:default:http/actors#limit-rate' }
[0m[90m[2026-01-31T12:36:17.067Z]  DEBUG: Delaying request { url: 'https://data.allie.dbcls.jp/sparql', requestInterval: 13414, currentDelay: 442174, actor: 'urn:comunica:default:http/actors#limit-rate' }
[0m[90m[2026-01-31T12:36:17.277Z]  DEBUG: Delaying request { url: 'https://data.allie.dbcls.jp/sparql', requestInterval: 13414, currentDelay: 455378, actor: 'urn:comunica:default:http/actors#limit-rate' }
[0m[90m[2026-01-31T12:36:17.280Z]  DEBUG: Delaying request { url: 'https://data.allie.dbcls.jp/sparql', requestInterval: 13414, currentDelay: 468789, actor: 'urn:comunica:default:http/actors#limit-rate' }
[0m[90m[2026-01-31T12:36:17.281Z]  DEBUG: Delaying request { url: 'https://data.allie.dbcls.jp/sparql', requestInterval: 13414, currentDelay: 482202, actor: 'urn:comunica:default:http/actors#limit-rate' }
[0m[90m[2026-01-31T12:36:17.282Z]  DEBUG: Delaying request { url: 'https://data.allie.dbcls.jp/sparql', requestInterval: 13414, currentDelay: 495615, actor: 'urn:comunica:default:http/actors#limit-rate' }
[0m[90m[2026-01-31T12:36:17.284Z]  DEBUG: Delaying request { url: 'https://data.allie.dbcls.jp/sparql', requestInterval: 13414, currentDelay: 509027, actor: 'urn:comunica:default:http/actors#limit-rate' }
[0m[90m[2026-01-31T12:36:17.286Z]  DEBUG: Delaying request { url: 'https://data.allie.dbcls.jp/sparql', requestInterval: 13414, currentDelay: 522439, actor: 'urn:comunica:default:http/actors#limit-rate' }
[0m[90m[2026-01-31T12:36:17.291Z]  DEBUG: Delaying request { url: 'https://data.allie.dbcls.jp/sparql', requestInterval: 13414, currentDelay: 535848, actor: 'urn:comunica:default:http/actors#limit-rate' }
[0m[90m[2026-01-31T12:36:17.292Z]  DEBUG: Delaying request { url: 'https://data.allie.dbcls.jp/sparql', requestInterval: 13414, currentDelay: 549261, actor: 'urn:comunica:default:http/actors#limit-rate' }
[0m[90m[2026-01-31T12:36:17.294Z]  DEBUG: Delaying request { url: 'https://data.allie.dbcls.jp/sparql', requestInterval: 13414, currentDelay: 562673, actor: 'urn:comunica:default:http/actors#limit-rate' }
[0m[90m[2026-01-31T12:36:17.296Z]  DEBUG: Delaying request { url: 'https://data.allie.dbcls.jp/sparql', requestInterval: 13414, currentDelay: 576085, actor: 'urn:comunica:default:http/actors#limit-rate' }
[0m[90m[2026-01-31T12:36:17.297Z]  DEBUG: Delaying request { url: 'https://data.allie.dbcls.jp/sparql', requestInterval: 13414, currentDelay: 589498, actor: 'urn:comunica:default:http/actors#limit-rate' }
[0m[90m[2026-01-31T12:36:17.298Z]  DEBUG: Delaying request { url: 'https://data.allie.dbcls.jp/sparql', requestInterval: 13414, currentDelay: 602911, actor: 'urn:comunica:default:http/actors#limit-rate' }
[0m[90m[2026-01-31T12:36:17.300Z]  DEBUG: Delaying request { url: 'https://data.allie.dbcls.jp/sparql', requestInterval: 13414, currentDelay: 616323, actor: 'urn:comunica:default:http/actors#limit-rate' }
[0m[90m[2026-01-31T12:36:17.301Z]  DEBUG: Delaying request { url: 'https://data.allie.dbcls.jp/sparql', requestInterval: 13414, currentDelay: 629736, actor: 'urn:comunica:default:http/actors#limit-rate' }
[0m[90m[2026-01-31T12:36:17.302Z]  DEBUG: Delaying request { url: 'https://data.allie.dbcls.jp/sparql', requestInterval: 13414, currentDelay: 643149, actor: 'urn:comunica:default:http/actors#limit-rate' }
[0m[90m[2026-01-31T12:36:17.305Z]  DEBUG: Delaying request { url: 'https://data.allie.dbcls.jp/sparql', requestInterval: 13414, currentDelay: 656560, actor: 'urn:comunica:default:http/actors#limit-rate' }
[0m[90m[2026-01-31T12:36:17.306Z]  DEBUG: Delaying request { url: 'https://data.allie.dbcls.jp/sparql', requestInterval: 13414, currentDelay: 669973, actor: 'urn:comunica:default:http/actors#limit-rate' }
[0m[90m[2026-01-31T12:36:17.308Z]  DEBUG: Delaying request { url: 'https://data.allie.dbcls.jp/sparql', requestInterval: 13414, currentDelay: 683385, actor: 'urn:comunica:default:http/actors#limit-rate' }
[0m[90m[2026-01-31T12:36:17.309Z]  DEBUG: Delaying request { url: 'https://data.allie.dbcls.jp/sparql', requestInterval: 13414, currentDelay: 696798, actor: 'urn:comunica:default:http/actors#limit-rate' }
[0m[90m[2026-01-31T12:36:17.310Z]  DEBUG: Delaying request { url: 'https://data.allie.dbcls.jp/sparql', requestInterval: 13414, currentDelay: 710211, actor: 'urn:comunica:default:http/actors#limit-rate' }
[0m[90m[2026-01-31T12:36:17.311Z]  DEBUG: Delaying request { url: 'https://data.allie.dbcls.jp/sparql', requestInterval: 13414, currentDelay: 723624, actor: 'urn:comunica:default:http/actors#limit-rate' }
[0m[90m[2026-01-31T12:36:17.313Z]  DEBUG: Delaying request { url: 'https://data.allie.dbcls.jp/sparql', requestInterval: 13414, currentDelay: 737036, actor: 'urn:comunica:default:http/actors#limit-rate' }
[0m[90m[2026-01-31T12:36:17.314Z]  DEBUG: Delaying request { url: 'https://data.allie.dbcls.jp/sparql', requestInterval: 13414, currentDelay: 750449, actor: 'urn:comunica:default:http/actors#limit-rate' }
[0m[90m[2026-01-31T12:36:17.316Z]  DEBUG: Delaying request { url: 'https://data.allie.dbcls.jp/sparql', requestInterval: 13414, currentDelay: 763861, actor: 'urn:comunica:default:http/actors#limit-rate' }
[0m[90m[2026-01-31T12:36:17.318Z]  DEBUG: Delaying request { url: 'https://data.allie.dbcls.jp/sparql', requestInterval: 13414, currentDelay: 777273, actor: 'urn:comunica:default:http/actors#limit-rate' }
[0m[90m[2026-01-31T12:36:17.319Z]  DEBUG: Delaying request { url: 'https://data.allie.dbcls.jp/sparql', requestInterval: 13414, currentDelay: 790686, actor: 'urn:comunica:default:http/actors#limit-rate' }
[0m[90m[2026-01-31T12:36:17.321Z]  DEBUG: Delaying request { url: 'https://data.allie.dbcls.jp/sparql', requestInterval: 13414, currentDelay: 804098, actor: 'urn:comunica:default:http/actors#limit-rate' }
[0m[90m[2026-01-31T12:36:17.322Z]  DEBUG: Delaying request { url: 'https://data.allie.dbcls.jp/sparql', requestInterval: 13414, currentDelay: 817511, actor: 'urn:comunica:default:http/actors#limit-rate' }
[0m[90m[2026-01-31T12:36:17.324Z]  DEBUG: Delaying request { url: 'https://data.allie.dbcls.jp/sparql', requestInterval: 13414, currentDelay: 830923, actor: 'urn:comunica:default:http/actors#limit-rate' }
[0m[90m[2026-01-31T12:36:17.325Z]  DEBUG: Delaying request { url: 'https://data.allie.dbcls.jp/sparql', requestInterval: 13414, currentDelay: 844336, actor: 'urn:comunica:default:http/actors#limit-rate' }
[0m[90m[2026-01-31T12:36:17.326Z]  DEBUG: Delaying request { url: 'https://data.allie.dbcls.jp/sparql', requestInterval: 13414, currentDelay: 857749, actor: 'urn:comunica:default:http/actors#limit-rate' }
[0m[90m[2026-01-31T12:36:17.328Z]  DEBUG: Delaying request { url: 'https://data.allie.dbcls.jp/sparql', requestInterval: 13414, currentDelay: 871161, actor: 'urn:comunica:default:http/actors#limit-rate' }
[0m[90m[2026-01-31T12:36:17.329Z]  DEBUG: Delaying request { url: 'https://data.allie.dbcls.jp/sparql', requestInterval: 13414, currentDelay: 884574, actor: 'urn:comunica:default:http/actors#limit-rate' }
[0m[90m[2026-01-31T12:36:17.332Z]  DEBUG: Delaying request { url: 'https://data.allie.dbcls.jp/sparql', requestInterval: 13414, currentDelay: 897985, actor: 'urn:comunica:default:http/actors#limit-rate' }
[0m[90m[2026-01-31T12:36:17.333Z]  DEBUG: Delaying request { url: 'https://data.allie.dbcls.jp/sparql', requestInterval: 13414, currentDelay: 911398, actor: 'urn:comunica:default:http/actors#limit-rate' }
[0m[90m[2026-01-31T12:36:17.335Z]  DEBUG: Delaying request { url: 'https://data.allie.dbcls.jp/sparql', requestInterval: 13414, currentDelay: 924810, actor: 'urn:comunica:default:http/actors#limit-rate' }
[0m[90m[2026-01-31T12:36:17.336Z]  DEBUG: Delaying request { url: 'https://data.allie.dbcls.jp/sparql', requestInterval: 13414, currentDelay: 938223, actor: 'urn:comunica:default:http/actors#limit-rate' }
[0m[90m[2026-01-31T12:36:17.337Z]  DEBUG: Delaying request { url: 'https://data.allie.dbcls.jp/sparql', requestInterval: 13414, currentDelay: 951636, actor: 'urn:comunica:default:http/actors#limit-rate' }
[0m[90m[2026-01-31T12:36:17.338Z]  DEBUG: Delaying request { url: 'https://data.allie.dbcls.jp/sparql', requestInterval: 13414, currentDelay: 965049, actor: 'urn:comunica:default:http/actors#limit-rate' }
[0m[90m[2026-01-31T12:36:17.339Z]  DEBUG: Delaying request { url: 'https://data.allie.dbcls.jp/sparql', requestInterval: 13414, currentDelay: 978462, actor: 'urn:comunica:default:http/actors#limit-rate' }
[0m[90m[2026-01-31T12:36:17.340Z]  DEBUG: Delaying request { url: 'https://data.allie.dbcls.jp/sparql', requestInterval: 13414, currentDelay: 991875, actor: 'urn:comunica:default:http/actors#limit-rate' }
[0m[90m[2026-01-31T12:36:17.342Z]  DEBUG: Delaying request { url: 'https://data.allie.dbcls.jp/sparql', requestInterval: 13414, currentDelay: 1005287, actor: 'urn:comunica:default:http/actors#limit-rate' }
[0m[90m[2026-01-31T12:36:17.491Z]  DEBUG: Delaying request { url: 'https://data.allie.dbcls.jp/sparql', requestInterval: 13414, currentDelay: 1018552, actor: 'urn:comunica:default:http/actors#limit-rate' }
[0m[90m[2026-01-31T12:36:17.494Z]  DEBUG: Delaying request { url: 'https://data.allie.dbcls.jp/sparql', requestInterval: 13414, currentDelay: 1031963, actor: 'urn:comunica:default:http/actors#limit-rate' }
[0m[90m[2026-01-31T12:36:17.496Z]  DEBUG: Delaying request { url: 'https://data.allie.dbcls.jp/sparql', requestInterval: 13414, currentDelay: 1045375, actor: 'urn:comunica:default:http/actors#limit-rate' }
[0m[90m[2026-01-31T12:36:17.497Z]  DEBUG: Delaying request { url: 'https://data.allie.dbcls.jp/sparql', requestInterval: 13414, currentDelay: 1058788, actor: 'urn:comunica:default:http/actors#limit-rate' }
[0m[90m[2026-01-31T12:36:17.498Z]  DEBUG: Delaying request { url: 'https://data.allie.dbcls.jp/sparql', requestInterval: 13414, currentDelay: 1072201, actor: 'urn:comunica:default:http/actors#limit-rate' }
[0m[90m[2026-01-31T12:36:17.499Z]  DEBUG: Delaying request { url: 'https://data.allie.dbcls.jp/sparql', requestInterval: 13414, currentDelay: 1085614, actor: 'urn:comunica:default:http/actors#limit-rate' }
[0m[90m[2026-01-31T12:36:17.502Z]  DEBUG: Delaying request { url: 'https://data.allie.dbcls.jp/sparql', requestInterval: 13414, currentDelay: 1099025, actor: 'urn:comunica:default:http/actors#limit-rate' }
[0m[90m[2026-01-31T12:36:17.504Z]  DEBUG: Delaying request { url: 'https://data.allie.dbcls.jp/sparql', requestInterval: 13414, currentDelay: 1112437, actor: 'urn:comunica:default:http/actors#limit-rate' }
[0m[90m[2026-01-31T12:36:17.505Z]  DEBUG: Delaying request { url: 'https://data.allie.dbcls.jp/sparql', requestInterval: 13414, currentDelay: 1125850, actor: 'urn:comunica:default:http/actors#limit-rate' }
[0m[90m[2026-01-31T12:36:17.506Z]  DEBUG: Delaying request { url: 'https://data.allie.dbcls.jp/sparql', requestInterval: 13414, currentDelay: 1139263, actor: 'urn:comunica:default:http/actors#limit-rate' }
[0m[90m[2026-01-31T12:36:17.508Z]  DEBUG: Delaying request { url: 'https://data.allie.dbcls.jp/sparql', requestInterval: 13414, currentDelay: 1152675, actor: 'urn:comunica:default:http/actors#limit-rate' }
[0m[90m[2026-01-31T12:36:17.509Z]  DEBUG: Delaying request { url: 'https://data.allie.dbcls.jp/sparql', requestInterval: 13414, currentDelay: 1166088, actor: 'urn:comunica:default:http/actors#limit-rate' }
[0m[90m[2026-01-31T12:36:17.510Z]  DEBUG: Delaying request { url: 'https://data.allie.dbcls.jp/sparql', requestInterval: 13414, currentDelay: 1179501, actor: 'urn:comunica:default:http/actors#limit-rate' }
[0m[90m[2026-01-31T12:36:17.512Z]  DEBUG: Delaying request { url: 'https://data.allie.dbcls.jp/sparql', requestInterval: 13414, currentDelay: 1192913, actor: 'urn:comunica:default:http/actors#limit-rate' }
[0m[90m[2026-01-31T12:36:17.514Z]  DEBUG: Delaying request { url: 'https://data.allie.dbcls.jp/sparql', requestInterval: 13414, currentDelay: 1206325, actor: 'urn:comunica:default:http/actors#limit-rate' }
[0m[90m[2026-01-31T12:36:17.516Z]  DEBUG: Delaying request { url: 'https://data.allie.dbcls.jp/sparql', requestInterval: 13414, currentDelay: 1219737, actor: 'urn:comunica:default:http/actors#limit-rate' }
[0m[90m[2026-01-31T12:36:17.517Z]  DEBUG: Delaying request { url: 'https://data.allie.dbcls.jp/sparql', requestInterval: 13414, currentDelay: 1233150, actor: 'urn:comunica:default:http/actors#limit-rate' }
[0m[90m[2026-01-31T12:36:17.519Z]  DEBUG: Delaying request { url: 'https://data.allie.dbcls.jp/sparql', requestInterval: 13414, currentDelay: 1246562, actor: 'urn:comunica:default:http/actors#limit-rate' }
[0m[90m[2026-01-31T12:36:17.520Z]  DEBUG: Delaying request { url: 'https://data.allie.dbcls.jp/sparql', requestInterval: 13414, currentDelay: 1259975, actor: 'urn:comunica:default:http/actors#limit-rate' }
[0m[90m[2026-01-31T12:36:17.529Z]  DEBUG: Delaying request { url: 'https://data.allie.dbcls.jp/sparql', requestInterval: 13414, currentDelay: 1273380, actor: 'urn:comunica:default:http/actors#limit-rate' }
[0m[90m[2026-01-31T12:36:17.531Z]  DEBUG: Server reported client-side error { url: 'https://data.allie.dbcls.jp/sparql', status: 400, statusText: 'Bad Request', currentAttempt: '1 / 51', actor: 'urn:comunica:default:http/actors#retry' }
[0mRequest failed: https://data.allie.dbcls.jp/sparql
