[32m[2025-10-14T19:24:16.079Z]  INFO: Requesting https://sparql.rhea-db.org/sparql { headers: { accept: 'application/n-quads,application/trig;q=0.95,application/ld+json;q=0.9,application/n-triples;q=0.8,text/turtle;q=0.6,application/rdf+xml;q=0.5,text/n3;q=0.35,application/xml;q=0.3,image/svg+xml;q=0.3,text/xml;q=0.3,text/html;q=0.2,application/xhtml+xml;q=0.18,application/json;q=0.135,text/shaclc;q=0.1,text/shaclc-ext;q=0.05', 'user-agent': 'Comunica/4.0 (linux; x64) ActorHttpFetch/4.4.1 Node.js/22' }, method: undefined, actor: 'urn:comunica:default:http/actors#fetch' }
[0m[32m[2025-10-14T19:24:16.080Z]  INFO: Requesting https://data.allie.dbcls.jp/sparql { headers: { accept: 'application/n-quads,application/trig;q=0.95,application/ld+json;q=0.9,application/n-triples;q=0.8,text/turtle;q=0.6,application/rdf+xml;q=0.5,text/n3;q=0.35,application/xml;q=0.3,image/svg+xml;q=0.3,text/xml;q=0.3,text/html;q=0.2,application/xhtml+xml;q=0.18,application/json;q=0.135,text/shaclc;q=0.1,text/shaclc-ext;q=0.05', 'user-agent': 'Comunica/4.0 (linux; x64) ActorHttpFetch/4.4.1 Node.js/22' }, method: undefined, actor: 'urn:comunica:default:http/actors#fetch' }
[0m[32m[2025-10-14T19:24:17.256Z]  INFO: Identified https://sparql.rhea-db.org/sparql as sparql source with service URL: https://sparql.rhea-db.org/sparql { actor: 'urn:comunica:default:query-source-identify-hypermedia/actors#sparql' }
[0m[90m[2025-10-14T19:24:17.259Z]  DEBUG: Delaying request { url: 'https://sparql.rhea-db.org/sparql?query=ASK%20WHERE%20%7B%20%3Fx%20%3Chttp%3A%2F%2Fwww.w3.org%2F2000%2F01%2Frdf-schema%23label%3E%20%3FenglishLabel.%20%7D', requestInterval: 335, currentDelay: 335, actor: 'urn:comunica:default:http/actors#limit-rate' }
[0m[90m[2025-10-14T19:24:17.259Z]  DEBUG: Delaying request { url: 'https://sparql.rhea-db.org/sparql?query=ASK%20WHERE%20%7B%20%3Fs%20%3Chttp%3A%2F%2Fwww.w3.org%2F2000%2F01%2Frdf-schema%23label%3E%20%3Fo.%20%7D', requestInterval: 335, currentDelay: 670, actor: 'urn:comunica:default:http/actors#limit-rate' }
[0m[90m[2025-10-14T19:24:17.259Z]  DEBUG: Delaying request { url: 'https://sparql.rhea-db.org/sparql?query=ASK%20WHERE%20%7B%20%3Fs%20%3Chttp%3A%2F%2Fwww.geneontology.org%2Fformats%2FoboInOwl%23hasSynonym%3E%20%3Fo.%20%7D', requestInterval: 335, currentDelay: 1005, actor: 'urn:comunica:default:http/actors#limit-rate' }
[0m[32m[2025-10-14T19:24:17.260Z]  INFO: Requesting https://sparql.rhea-db.org/sparql?query=ASK%20WHERE%20%7B%20%3Fx%20%3Chttp%3A%2F%2Fwww.w3.org%2F2000%2F01%2Frdf-schema%23label%3E%20%221%2C2%2C4-%E3%83%88%E3%83%AA%E3%82%AF%E3%83%AD%E3%83%AD%E3%83%99%E3%83%B3%E3%82%BC%E3%83%B3%22%40ja.%20%7D { headers: { accept: 'application/sparql-results+json;q=1.0,application/sparql-results+xml;q=0.7', 'user-agent': 'Comunica/4.0 (linux; x64) ActorHttpFetch/4.4.1 Node.js/22' }, method: 'GET', actor: 'urn:comunica:default:http/actors#fetch' }
[0m[32m[2025-10-14T19:24:17.384Z]  INFO: Identified https://data.allie.dbcls.jp/sparql as sparql source with service URL: https://data.allie.dbcls.jp/sparql { actor: 'urn:comunica:default:query-source-identify-hypermedia/actors#sparql' }
[0m[90m[2025-10-14T19:24:17.385Z]  DEBUG: Delaying request { url: 'https://data.allie.dbcls.jp/sparql?query=ASK%20WHERE%20%7B%20%3Fx%20%3Chttp%3A%2F%2Fwww.w3.org%2F2000%2F01%2Frdf-schema%23label%3E%20%3FenglishLabel.%20%7D', requestInterval: 385, currentDelay: 385, actor: 'urn:comunica:default:http/actors#limit-rate' }
[0m[90m[2025-10-14T19:24:17.385Z]  DEBUG: Delaying request { url: 'https://data.allie.dbcls.jp/sparql?query=ASK%20WHERE%20%7B%20%3Fs%20%3Chttp%3A%2F%2Fwww.w3.org%2F2000%2F01%2Frdf-schema%23label%3E%20%3Fo.%20%7D', requestInterval: 385, currentDelay: 770, actor: 'urn:comunica:default:http/actors#limit-rate' }
[0m[90m[2025-10-14T19:24:17.385Z]  DEBUG: Delaying request { url: 'https://data.allie.dbcls.jp/sparql?query=ASK%20WHERE%20%7B%20%3Fs%20%3Chttp%3A%2F%2Fwww.geneontology.org%2Fformats%2FoboInOwl%23hasSynonym%3E%20%3Fo.%20%7D', requestInterval: 385, currentDelay: 1155, actor: 'urn:comunica:default:http/actors#limit-rate' }
[0m[32m[2025-10-14T19:24:17.385Z]  INFO: Requesting https://data.allie.dbcls.jp/sparql?query=ASK%20WHERE%20%7B%20%3Fx%20%3Chttp%3A%2F%2Fwww.w3.org%2F2000%2F01%2Frdf-schema%23label%3E%20%221%2C2%2C4-%E3%83%88%E3%83%AA%E3%82%AF%E3%83%AD%E3%83%AD%E3%83%99%E3%83%B3%E3%82%BC%E3%83%B3%22%40ja.%20%7D { headers: { accept: 'application/sparql-results+json;q=1.0,application/sparql-results+xml;q=0.7', 'user-agent': 'Comunica/4.0 (linux; x64) ActorHttpFetch/4.4.1 Node.js/22' }, method: 'GET', actor: 'urn:comunica:default:http/actors#fetch' }
[0m[32m[2025-10-14T19:24:17.595Z]  INFO: Requesting https://sparql.rhea-db.org/sparql?query=ASK%20WHERE%20%7B%20%3Fx%20%3Chttp%3A%2F%2Fwww.w3.org%2F2000%2F01%2Frdf-schema%23label%3E%20%3FenglishLabel.%20%7D { headers: { accept: 'application/sparql-results+json;q=1.0,application/sparql-results+xml;q=0.7', 'user-agent': 'Comunica/4.0 (linux; x64) ActorHttpFetch/4.4.1 Node.js/22' }, method: 'GET', actor: 'urn:comunica:default:http/actors#fetch' }
[0m[32m[2025-10-14T19:24:17.771Z]  INFO: Requesting https://data.allie.dbcls.jp/sparql?query=ASK%20WHERE%20%7B%20%3Fx%20%3Chttp%3A%2F%2Fwww.w3.org%2F2000%2F01%2Frdf-schema%23label%3E%20%3FenglishLabel.%20%7D { headers: { accept: 'application/sparql-results+json;q=1.0,application/sparql-results+xml;q=0.7', 'user-agent': 'Comunica/4.0 (linux; x64) ActorHttpFetch/4.4.1 Node.js/22' }, method: 'GET', actor: 'urn:comunica:default:http/actors#fetch' }
[0m[32m[2025-10-14T19:24:17.932Z]  INFO: Requesting https://sparql.rhea-db.org/sparql?query=ASK%20WHERE%20%7B%20%3Fs%20%3Chttp%3A%2F%2Fwww.w3.org%2F2000%2F01%2Frdf-schema%23label%3E%20%3Fo.%20%7D { headers: { accept: 'application/sparql-results+json;q=1.0,application/sparql-results+xml;q=0.7', 'user-agent': 'Comunica/4.0 (linux; x64) ActorHttpFetch/4.4.1 Node.js/22' }, method: 'GET', actor: 'urn:comunica:default:http/actors#fetch' }
[0m[32m[2025-10-14T19:24:18.156Z]  INFO: Requesting https://data.allie.dbcls.jp/sparql?query=ASK%20WHERE%20%7B%20%3Fs%20%3Chttp%3A%2F%2Fwww.w3.org%2F2000%2F01%2Frdf-schema%23label%3E%20%3Fo.%20%7D { headers: { accept: 'application/sparql-results+json;q=1.0,application/sparql-results+xml;q=0.7', 'user-agent': 'Comunica/4.0 (linux; x64) ActorHttpFetch/4.4.1 Node.js/22' }, method: 'GET', actor: 'urn:comunica:default:http/actors#fetch' }
[0m[32m[2025-10-14T19:24:18.266Z]  INFO: Requesting https://sparql.rhea-db.org/sparql?query=ASK%20WHERE%20%7B%20%3Fs%20%3Chttp%3A%2F%2Fwww.geneontology.org%2Fformats%2FoboInOwl%23hasSynonym%3E%20%3Fo.%20%7D { headers: { accept: 'application/sparql-results+json;q=1.0,application/sparql-results+xml;q=0.7', 'user-agent': 'Comunica/4.0 (linux; x64) ActorHttpFetch/4.4.1 Node.js/22' }, method: 'GET', actor: 'urn:comunica:default:http/actors#fetch' }
[0m[32m[2025-10-14T19:24:18.542Z]  INFO: Requesting https://data.allie.dbcls.jp/sparql?query=ASK%20WHERE%20%7B%20%3Fs%20%3Chttp%3A%2F%2Fwww.geneontology.org%2Fformats%2FoboInOwl%23hasSynonym%3E%20%3Fo.%20%7D { headers: { accept: 'application/sparql-results+json;q=1.0,application/sparql-results+xml;q=0.7', 'user-agent': 'Comunica/4.0 (linux; x64) ActorHttpFetch/4.4.1 Node.js/22' }, method: 'GET', actor: 'urn:comunica:default:http/actors#fetch' }
[0m[90m[2025-10-14T19:24:18.896Z]  DEBUG: Pruning 2 source-specific operations { actor: 'urn:comunica:default:optimize-query-operation/actors#prune-empty-source-operations' }
[0m[90m[2025-10-14T19:24:18.900Z]  DEBUG: Push down filter across union entries with 2 fully overlapping, 0 partially overlapping, and 0 not overlapping { actor: 'urn:comunica:default:optimize-query-operation/actors#filter-pushdown' }
[0m[90m[2025-10-14T19:24:18.900Z]  DEBUG: Push down filter across join entries with 1 fully overlapping, 0 partially overlapping, and 1 not overlapping { actor: 'urn:comunica:default:optimize-query-operation/actors#filter-pushdown' }
[0m[90m[2025-10-14T19:24:18.900Z]  DEBUG: Pushed down filters in 2 iterations { actor: 'urn:comunica:default:optimize-query-operation/actors#filter-pushdown' }
[0m[90m[2025-10-14T19:24:18.901Z]  DEBUG: Hoist 1 source-specific operations into a single filter operation for QuerySourceHypermedia(https://sparql.rhea-db.org/sparql)(SkolemID:0) { actor: 'urn:comunica:default:optimize-query-operation/actors#group-sources' }
[0m[90m[2025-10-14T19:24:18.901Z]  DEBUG: Hoist 1 source-specific operations into a single filter operation for QuerySourceHypermedia(https://data.allie.dbcls.jp/sparql)(SkolemID:1) { actor: 'urn:comunica:default:optimize-query-operation/actors#group-sources' }
[0m[90m[2025-10-14T19:24:18.911Z]  DEBUG: Determined physical join operator 'inner-bind-source' { entries: 2, variables: [ [ 'x', 'englishLabel' ], [ 'x' ] ], costs: { 'inner-bind-source': NaN, 'inner-bind': NaN, 'inner-hash-def': NaN, 'inner-hash-undef': NaN, 'inner-symmetric-hash': NaN, 'inner-nested-loop': NaN }, coefficients: { 'inner-bind-source': { iterations: 1, persistedItems: Infinity, blockingItems: Infinity, requestTime: NaN }, 'inner-bind': { iterations: Infinity, persistedItems: 0, blockingItems: 0, requestTime: NaN }, 'inner-hash-def': { iterations: Infinity, persistedItems: Infinity, blockingItems: Infinity, requestTime: NaN }, 'inner-hash-undef': { iterations: Infinity, persistedItems: Infinity, blockingItems: Infinity, requestTime: NaN }, 'inner-symmetric-hash': { iterations: Infinity, persistedItems: Infinity, blockingItems: 0, requestTime: NaN }, 'inner-nested-loop': { iterations: Infinity, persistedItems: 0, blockingItems: 0, requestTime: NaN } } }
[0m[90m[2025-10-14T19:24:18.912Z]  DEBUG: First entry for Bind Join Source:  { entry: { type: 'union', input: [ { type: 'filter', input: Quad { termType: 'Quad', value: '', subject: [Object], predicate: [Object], object: [Object], graph: [Object], type: 'pattern' }, expression: { type: 'expression', expressionType: 'operator', operator: '=', args: [Array] }, metadata: { scopedSource: [Object] } }, { type: 'filter', input: Quad { termType: 'Quad', value: '', subject: [Object], predicate: [Object], object: [Object], graph: [Object], type: 'pattern' }, expression: { type: 'expression', expressionType: 'operator', operator: '=', args: [Array] }, metadata: { scopedSource: [Object] } } ] }, cardinality: { type: 'estimate', value: Infinity }, order: undefined, availableOrders: undefined, actor: 'urn:comunica:default:rdf-join/actors#inner-multi-bind-source' }
[0m[32m[2025-10-14T19:24:18.917Z]  INFO: Requesting https://sparql.rhea-db.org/sparql?query=SELECT%20%3Fx%20%3FenglishLabel%20WHERE%20%7B%0A%20%20%3Fx%20%3Chttp%3A%2F%2Fwww.w3.org%2F2000%2F01%2Frdf-schema%23label%3E%20%3FenglishLabel.%0A%20%20FILTER((LANG(%3FenglishLabel))%20%3D%20%22en%22)%0A%7D { headers: { accept: 'application/sparql-results+json;q=1.0,application/sparql-results+xml;q=0.7', 'user-agent': 'Comunica/4.0 (linux; x64) ActorHttpFetch/4.4.1 Node.js/22' }, method: 'GET', actor: 'urn:comunica:default:http/actors#fetch' }
[0m[32m[2025-10-14T19:24:18.918Z]  INFO: Requesting https://data.allie.dbcls.jp/sparql?query=SELECT%20%3Fx%20%3FenglishLabel%20WHERE%20%7B%0A%20%20%3Fx%20%3Chttp%3A%2F%2Fwww.w3.org%2F2000%2F01%2Frdf-schema%23label%3E%20%3FenglishLabel.%0A%20%20FILTER((LANG(%3FenglishLabel))%20%3D%20%22en%22)%0A%7D { headers: { accept: 'application/sparql-results+json;q=1.0,application/sparql-results+xml;q=0.7', 'user-agent': 'Comunica/4.0 (linux; x64) ActorHttpFetch/4.4.1 Node.js/22' }, method: 'GET', actor: 'urn:comunica:default:http/actors#fetch' }
[0m[90m[2025-10-14T19:24:18.920Z]  DEBUG: Determined physical join operator 'inner-bind' { entries: 2, variables: [ [ 'x', 'englishLabel', 'englishLabelStr' ], [ 'chebi', 'englishLabelStr' ] ], costs: { 'inner-bind': NaN, 'inner-hash-def': NaN, 'inner-hash-undef': NaN, 'inner-symmetric-hash': NaN, 'inner-nested-loop': NaN }, coefficients: { 'inner-bind': { iterations: Infinity, persistedItems: 0, blockingItems: 0, requestTime: NaN }, 'inner-hash-def': { iterations: Infinity, persistedItems: Infinity, blockingItems: Infinity, requestTime: NaN }, 'inner-hash-undef': { iterations: Infinity, persistedItems: Infinity, blockingItems: Infinity, requestTime: NaN }, 'inner-symmetric-hash': { iterations: Infinity, persistedItems: Infinity, blockingItems: 0, requestTime: NaN }, 'inner-nested-loop': { iterations: Infinity, persistedItems: 0, blockingItems: 0, requestTime: NaN } } }
[0m[90m[2025-10-14T19:24:18.921Z]  DEBUG: First entry for Bind Join:  { entry: { type: 'extend', input: { type: 'join', input: [ { type: 'union', input: [Array] }, Quad { termType: 'Quad', value: '', subject: [Object], predicate: [Object], object: [Object], graph: [Object], type: 'pattern', metadata: [Object] } ] }, variable: Variable { termType: 'Variable', value: 'englishLabelStr' }, expression: { type: 'expression', expressionType: 'operator', operator: 'str', args: [ { type: 'expression', expressionType: 'term', term: [Object] } ] } }, cardinality: { type: 'estimate', value: Infinity }, order: undefined, availableOrders: undefined, actor: 'urn:comunica:default:rdf-join/actors#inner-multi-bind' }
[0m[32m[2025-10-14T19:25:03.032Z]  INFO: Requesting https://data.allie.dbcls.jp/sparql { headers: { accept: 'application/sparql-results+json;q=1.0,application/sparql-results+xml;q=0.7', 'content-length': '2279', 'content-type': 'application/x-www-form-urlencoded', 'user-agent': 'Comunica/4.0 (linux; x64) ActorHttpFetch/4.4.1 Node.js/22' }, method: 'POST', actor: 'urn:comunica:default:http/actors#fetch' }
[0m[90m[2025-10-14T19:25:03.036Z]  DEBUG: Delaying request { url: 'https://data.allie.dbcls.jp/sparql', requestInterval: 13424, currentDelay: 13420, actor: 'urn:comunica:default:http/actors#limit-rate' }
[0m[90m[2025-10-14T19:25:03.037Z]  DEBUG: Delaying request { url: 'https://data.allie.dbcls.jp/sparql', requestInterval: 13424, currentDelay: 26843, actor: 'urn:comunica:default:http/actors#limit-rate' }
[0m[90m[2025-10-14T19:25:03.262Z]  DEBUG: Delaying request { url: 'https://data.allie.dbcls.jp/sparql', requestInterval: 13424, currentDelay: 40042, actor: 'urn:comunica:default:http/actors#limit-rate' }
[0m[90m[2025-10-14T19:25:03.264Z]  DEBUG: Delaying request { url: 'https://data.allie.dbcls.jp/sparql', requestInterval: 13424, currentDelay: 53464, actor: 'urn:comunica:default:http/actors#limit-rate' }
[0m[90m[2025-10-14T19:25:03.265Z]  DEBUG: Delaying request { url: 'https://data.allie.dbcls.jp/sparql', requestInterval: 13424, currentDelay: 66887, actor: 'urn:comunica:default:http/actors#limit-rate' }
[0m[90m[2025-10-14T19:25:03.267Z]  DEBUG: Delaying request { url: 'https://data.allie.dbcls.jp/sparql', requestInterval: 13424, currentDelay: 80309, actor: 'urn:comunica:default:http/actors#limit-rate' }
[0m[90m[2025-10-14T19:25:03.269Z]  DEBUG: Delaying request { url: 'https://data.allie.dbcls.jp/sparql', requestInterval: 13424, currentDelay: 93731, actor: 'urn:comunica:default:http/actors#limit-rate' }
[0m[90m[2025-10-14T19:25:03.271Z]  DEBUG: Delaying request { url: 'https://data.allie.dbcls.jp/sparql', requestInterval: 13424, currentDelay: 107153, actor: 'urn:comunica:default:http/actors#limit-rate' }
[0m[90m[2025-10-14T19:25:03.272Z]  DEBUG: Delaying request { url: 'https://data.allie.dbcls.jp/sparql', requestInterval: 13424, currentDelay: 120576, actor: 'urn:comunica:default:http/actors#limit-rate' }
[0m[90m[2025-10-14T19:25:03.274Z]  DEBUG: Delaying request { url: 'https://data.allie.dbcls.jp/sparql', requestInterval: 13424, currentDelay: 133998, actor: 'urn:comunica:default:http/actors#limit-rate' }
[0m[90m[2025-10-14T19:25:03.275Z]  DEBUG: Delaying request { url: 'https://data.allie.dbcls.jp/sparql', requestInterval: 13424, currentDelay: 147421, actor: 'urn:comunica:default:http/actors#limit-rate' }
[0m[90m[2025-10-14T19:25:03.277Z]  DEBUG: Delaying request { url: 'https://data.allie.dbcls.jp/sparql', requestInterval: 13424, currentDelay: 160843, actor: 'urn:comunica:default:http/actors#limit-rate' }
[0m[90m[2025-10-14T19:25:03.278Z]  DEBUG: Delaying request { url: 'https://data.allie.dbcls.jp/sparql', requestInterval: 13424, currentDelay: 174266, actor: 'urn:comunica:default:http/actors#limit-rate' }
[0m[90m[2025-10-14T19:25:03.490Z]  DEBUG: Delaying request { url: 'https://data.allie.dbcls.jp/sparql', requestInterval: 13424, currentDelay: 187478, actor: 'urn:comunica:default:http/actors#limit-rate' }
[0m[90m[2025-10-14T19:25:03.498Z]  DEBUG: Delaying request { url: 'https://data.allie.dbcls.jp/sparql', requestInterval: 13424, currentDelay: 200894, actor: 'urn:comunica:default:http/actors#limit-rate' }
[0m[90m[2025-10-14T19:25:03.500Z]  DEBUG: Delaying request { url: 'https://data.allie.dbcls.jp/sparql', requestInterval: 13424, currentDelay: 214316, actor: 'urn:comunica:default:http/actors#limit-rate' }
[0m[90m[2025-10-14T19:25:03.501Z]  DEBUG: Delaying request { url: 'https://data.allie.dbcls.jp/sparql', requestInterval: 13424, currentDelay: 227739, actor: 'urn:comunica:default:http/actors#limit-rate' }
[0m[90m[2025-10-14T19:25:03.508Z]  DEBUG: Delaying request { url: 'https://data.allie.dbcls.jp/sparql', requestInterval: 13424, currentDelay: 241156, actor: 'urn:comunica:default:http/actors#limit-rate' }
[0m[90m[2025-10-14T19:25:03.509Z]  DEBUG: Delaying request { url: 'https://data.allie.dbcls.jp/sparql', requestInterval: 13424, currentDelay: 254579, actor: 'urn:comunica:default:http/actors#limit-rate' }
[0m[90m[2025-10-14T19:25:03.511Z]  DEBUG: Delaying request { url: 'https://data.allie.dbcls.jp/sparql', requestInterval: 13424, currentDelay: 268001, actor: 'urn:comunica:default:http/actors#limit-rate' }
[0m[90m[2025-10-14T19:25:03.513Z]  DEBUG: Delaying request { url: 'https://data.allie.dbcls.jp/sparql', requestInterval: 13424, currentDelay: 281423, actor: 'urn:comunica:default:http/actors#limit-rate' }
[0m[90m[2025-10-14T19:25:03.514Z]  DEBUG: Delaying request { url: 'https://data.allie.dbcls.jp/sparql', requestInterval: 13424, currentDelay: 294846, actor: 'urn:comunica:default:http/actors#limit-rate' }
[0m[90m[2025-10-14T19:25:03.515Z]  DEBUG: Delaying request { url: 'https://data.allie.dbcls.jp/sparql', requestInterval: 13424, currentDelay: 308269, actor: 'urn:comunica:default:http/actors#limit-rate' }
[0m[90m[2025-10-14T19:25:03.517Z]  DEBUG: Delaying request { url: 'https://data.allie.dbcls.jp/sparql', requestInterval: 13424, currentDelay: 321691, actor: 'urn:comunica:default:http/actors#limit-rate' }
[0m[90m[2025-10-14T19:25:03.519Z]  DEBUG: Delaying request { url: 'https://data.allie.dbcls.jp/sparql', requestInterval: 13424, currentDelay: 335113, actor: 'urn:comunica:default:http/actors#limit-rate' }
[0m[90m[2025-10-14T19:25:03.520Z]  DEBUG: Delaying request { url: 'https://data.allie.dbcls.jp/sparql', requestInterval: 13424, currentDelay: 348536, actor: 'urn:comunica:default:http/actors#limit-rate' }
[0m[90m[2025-10-14T19:25:03.522Z]  DEBUG: Delaying request { url: 'https://data.allie.dbcls.jp/sparql', requestInterval: 13424, currentDelay: 361958, actor: 'urn:comunica:default:http/actors#limit-rate' }
[0m[90m[2025-10-14T19:25:03.524Z]  DEBUG: Delaying request { url: 'https://data.allie.dbcls.jp/sparql', requestInterval: 13424, currentDelay: 375380, actor: 'urn:comunica:default:http/actors#limit-rate' }
[0m[90m[2025-10-14T19:25:03.525Z]  DEBUG: Delaying request { url: 'https://data.allie.dbcls.jp/sparql', requestInterval: 13424, currentDelay: 388803, actor: 'urn:comunica:default:http/actors#limit-rate' }
[0m[90m[2025-10-14T19:25:03.526Z]  DEBUG: Delaying request { url: 'https://data.allie.dbcls.jp/sparql', requestInterval: 13424, currentDelay: 402226, actor: 'urn:comunica:default:http/actors#limit-rate' }
[0m[90m[2025-10-14T19:25:03.527Z]  DEBUG: Delaying request { url: 'https://data.allie.dbcls.jp/sparql', requestInterval: 13424, currentDelay: 415649, actor: 'urn:comunica:default:http/actors#limit-rate' }
[0m[90m[2025-10-14T19:25:03.529Z]  DEBUG: Delaying request { url: 'https://data.allie.dbcls.jp/sparql', requestInterval: 13424, currentDelay: 429071, actor: 'urn:comunica:default:http/actors#limit-rate' }
[0m[90m[2025-10-14T19:25:03.530Z]  DEBUG: Delaying request { url: 'https://data.allie.dbcls.jp/sparql', requestInterval: 13424, currentDelay: 442494, actor: 'urn:comunica:default:http/actors#limit-rate' }
[0m[90m[2025-10-14T19:25:03.531Z]  DEBUG: Delaying request { url: 'https://data.allie.dbcls.jp/sparql', requestInterval: 13424, currentDelay: 455917, actor: 'urn:comunica:default:http/actors#limit-rate' }
[0m[90m[2025-10-14T19:25:03.534Z]  DEBUG: Delaying request { url: 'https://data.allie.dbcls.jp/sparql', requestInterval: 13424, currentDelay: 469338, actor: 'urn:comunica:default:http/actors#limit-rate' }
[0m[90m[2025-10-14T19:25:03.535Z]  DEBUG: Delaying request { url: 'https://data.allie.dbcls.jp/sparql', requestInterval: 13424, currentDelay: 482761, actor: 'urn:comunica:default:http/actors#limit-rate' }
[0m[90m[2025-10-14T19:25:03.716Z]  DEBUG: Delaying request { url: 'https://data.allie.dbcls.jp/sparql', requestInterval: 13424, currentDelay: 496004, actor: 'urn:comunica:default:http/actors#limit-rate' }
[0m[90m[2025-10-14T19:25:03.721Z]  DEBUG: Delaying request { url: 'https://data.allie.dbcls.jp/sparql', requestInterval: 13424, currentDelay: 509423, actor: 'urn:comunica:default:http/actors#limit-rate' }
[0m[90m[2025-10-14T19:25:03.724Z]  DEBUG: Delaying request { url: 'https://data.allie.dbcls.jp/sparql', requestInterval: 13424, currentDelay: 522844, actor: 'urn:comunica:default:http/actors#limit-rate' }
[0m[90m[2025-10-14T19:25:03.729Z]  DEBUG: Delaying request { url: 'https://data.allie.dbcls.jp/sparql', requestInterval: 13424, currentDelay: 536263, actor: 'urn:comunica:default:http/actors#limit-rate' }
[0m[90m[2025-10-14T19:25:03.733Z]  DEBUG: Delaying request { url: 'https://data.allie.dbcls.jp/sparql', requestInterval: 13424, currentDelay: 549683, actor: 'urn:comunica:default:http/actors#limit-rate' }
[0m[90m[2025-10-14T19:25:03.737Z]  DEBUG: Delaying request { url: 'https://data.allie.dbcls.jp/sparql', requestInterval: 13424, currentDelay: 563103, actor: 'urn:comunica:default:http/actors#limit-rate' }
[0m[90m[2025-10-14T19:25:03.740Z]  DEBUG: Delaying request { url: 'https://data.allie.dbcls.jp/sparql', requestInterval: 13424, currentDelay: 576524, actor: 'urn:comunica:default:http/actors#limit-rate' }
[0m[90m[2025-10-14T19:25:03.746Z]  DEBUG: Delaying request { url: 'https://data.allie.dbcls.jp/sparql', requestInterval: 13424, currentDelay: 589942, actor: 'urn:comunica:default:http/actors#limit-rate' }
[0m[90m[2025-10-14T19:25:03.747Z]  DEBUG: Delaying request { url: 'https://data.allie.dbcls.jp/sparql', requestInterval: 13424, currentDelay: 603365, actor: 'urn:comunica:default:http/actors#limit-rate' }
[0m[90m[2025-10-14T19:25:03.749Z]  DEBUG: Delaying request { url: 'https://data.allie.dbcls.jp/sparql', requestInterval: 13424, currentDelay: 616787, actor: 'urn:comunica:default:http/actors#limit-rate' }
[0m[90m[2025-10-14T19:25:03.750Z]  DEBUG: Delaying request { url: 'https://data.allie.dbcls.jp/sparql', requestInterval: 13424, currentDelay: 630210, actor: 'urn:comunica:default:http/actors#limit-rate' }
[0m[90m[2025-10-14T19:25:03.752Z]  DEBUG: Delaying request { url: 'https://data.allie.dbcls.jp/sparql', requestInterval: 13424, currentDelay: 643632, actor: 'urn:comunica:default:http/actors#limit-rate' }
[0m[90m[2025-10-14T19:25:03.754Z]  DEBUG: Delaying request { url: 'https://data.allie.dbcls.jp/sparql', requestInterval: 13424, currentDelay: 657054, actor: 'urn:comunica:default:http/actors#limit-rate' }
[0m[90m[2025-10-14T19:25:03.755Z]  DEBUG: Delaying request { url: 'https://data.allie.dbcls.jp/sparql', requestInterval: 13424, currentDelay: 670477, actor: 'urn:comunica:default:http/actors#limit-rate' }
[0m[90m[2025-10-14T19:25:03.757Z]  DEBUG: Delaying request { url: 'https://data.allie.dbcls.jp/sparql', requestInterval: 13424, currentDelay: 683899, actor: 'urn:comunica:default:http/actors#limit-rate' }
[0m[90m[2025-10-14T19:25:03.758Z]  DEBUG: Delaying request { url: 'https://data.allie.dbcls.jp/sparql', requestInterval: 13424, currentDelay: 697322, actor: 'urn:comunica:default:http/actors#limit-rate' }
[0m[90m[2025-10-14T19:25:03.759Z]  DEBUG: Delaying request { url: 'https://data.allie.dbcls.jp/sparql', requestInterval: 13424, currentDelay: 710745, actor: 'urn:comunica:default:http/actors#limit-rate' }
[0m[90m[2025-10-14T19:25:03.761Z]  DEBUG: Delaying request { url: 'https://data.allie.dbcls.jp/sparql', requestInterval: 13424, currentDelay: 724167, actor: 'urn:comunica:default:http/actors#limit-rate' }
[0m[90m[2025-10-14T19:25:03.761Z]  DEBUG: Delaying request { url: 'https://data.allie.dbcls.jp/sparql', requestInterval: 13424, currentDelay: 737591, actor: 'urn:comunica:default:http/actors#limit-rate' }
[0m[90m[2025-10-14T19:25:03.763Z]  DEBUG: Delaying request { url: 'https://data.allie.dbcls.jp/sparql', requestInterval: 13424, currentDelay: 751013, actor: 'urn:comunica:default:http/actors#limit-rate' }
[0m[90m[2025-10-14T19:25:03.764Z]  DEBUG: Delaying request { url: 'https://data.allie.dbcls.jp/sparql', requestInterval: 13424, currentDelay: 764436, actor: 'urn:comunica:default:http/actors#limit-rate' }
[0m[90m[2025-10-14T19:25:03.766Z]  DEBUG: Delaying request { url: 'https://data.allie.dbcls.jp/sparql', requestInterval: 13424, currentDelay: 777858, actor: 'urn:comunica:default:http/actors#limit-rate' }
[0m[90m[2025-10-14T19:25:03.767Z]  DEBUG: Delaying request { url: 'https://data.allie.dbcls.jp/sparql', requestInterval: 13424, currentDelay: 791281, actor: 'urn:comunica:default:http/actors#limit-rate' }
[0m[90m[2025-10-14T19:25:03.769Z]  DEBUG: Delaying request { url: 'https://data.allie.dbcls.jp/sparql', requestInterval: 13424, currentDelay: 804703, actor: 'urn:comunica:default:http/actors#limit-rate' }
[0m[90m[2025-10-14T19:25:03.771Z]  DEBUG: Delaying request { url: 'https://data.allie.dbcls.jp/sparql', requestInterval: 13424, currentDelay: 818125, actor: 'urn:comunica:default:http/actors#limit-rate' }
[0m[90m[2025-10-14T19:25:03.772Z]  DEBUG: Delaying request { url: 'https://data.allie.dbcls.jp/sparql', requestInterval: 13424, currentDelay: 831548, actor: 'urn:comunica:default:http/actors#limit-rate' }
[0m[90m[2025-10-14T19:25:03.773Z]  DEBUG: Delaying request { url: 'https://data.allie.dbcls.jp/sparql', requestInterval: 13424, currentDelay: 844971, actor: 'urn:comunica:default:http/actors#limit-rate' }
[0m[90m[2025-10-14T19:25:03.774Z]  DEBUG: Delaying request { url: 'https://data.allie.dbcls.jp/sparql', requestInterval: 13424, currentDelay: 858394, actor: 'urn:comunica:default:http/actors#limit-rate' }
[0m[90m[2025-10-14T19:25:03.776Z]  DEBUG: Delaying request { url: 'https://data.allie.dbcls.jp/sparql', requestInterval: 13424, currentDelay: 871816, actor: 'urn:comunica:default:http/actors#limit-rate' }
[0m[90m[2025-10-14T19:25:03.777Z]  DEBUG: Delaying request { url: 'https://data.allie.dbcls.jp/sparql', requestInterval: 13424, currentDelay: 885239, actor: 'urn:comunica:default:http/actors#limit-rate' }
[0m[90m[2025-10-14T19:25:03.779Z]  DEBUG: Delaying request { url: 'https://data.allie.dbcls.jp/sparql', requestInterval: 13424, currentDelay: 898661, actor: 'urn:comunica:default:http/actors#limit-rate' }
[0m[90m[2025-10-14T19:25:03.780Z]  DEBUG: Delaying request { url: 'https://data.allie.dbcls.jp/sparql', requestInterval: 13424, currentDelay: 912084, actor: 'urn:comunica:default:http/actors#limit-rate' }
[0m[90m[2025-10-14T19:25:03.782Z]  DEBUG: Delaying request { url: 'https://data.allie.dbcls.jp/sparql', requestInterval: 13424, currentDelay: 925506, actor: 'urn:comunica:default:http/actors#limit-rate' }
[0m[90m[2025-10-14T19:25:03.783Z]  DEBUG: Delaying request { url: 'https://data.allie.dbcls.jp/sparql', requestInterval: 13424, currentDelay: 938929, actor: 'urn:comunica:default:http/actors#limit-rate' }
[0m[90m[2025-10-14T19:25:03.784Z]  DEBUG: Delaying request { url: 'https://data.allie.dbcls.jp/sparql', requestInterval: 13424, currentDelay: 952352, actor: 'urn:comunica:default:http/actors#limit-rate' }
[0m[90m[2025-10-14T19:25:03.785Z]  DEBUG: Delaying request { url: 'https://data.allie.dbcls.jp/sparql', requestInterval: 13424, currentDelay: 965775, actor: 'urn:comunica:default:http/actors#limit-rate' }
[0m[90m[2025-10-14T19:25:03.786Z]  DEBUG: Delaying request { url: 'https://data.allie.dbcls.jp/sparql', requestInterval: 13424, currentDelay: 979198, actor: 'urn:comunica:default:http/actors#limit-rate' }
[0m[90m[2025-10-14T19:25:03.787Z]  DEBUG: Delaying request { url: 'https://data.allie.dbcls.jp/sparql', requestInterval: 13424, currentDelay: 992621, actor: 'urn:comunica:default:http/actors#limit-rate' }
[0m[90m[2025-10-14T19:25:03.789Z]  DEBUG: Delaying request { url: 'https://data.allie.dbcls.jp/sparql', requestInterval: 13424, currentDelay: 1006043, actor: 'urn:comunica:default:http/actors#limit-rate' }
[0m[90m[2025-10-14T19:25:03.790Z]  DEBUG: Delaying request { url: 'https://data.allie.dbcls.jp/sparql', requestInterval: 13424, currentDelay: 1019466, actor: 'urn:comunica:default:http/actors#limit-rate' }
[0m[90m[2025-10-14T19:25:03.791Z]  DEBUG: Delaying request { url: 'https://data.allie.dbcls.jp/sparql', requestInterval: 13424, currentDelay: 1032889, actor: 'urn:comunica:default:http/actors#limit-rate' }
[0m[90m[2025-10-14T19:25:03.792Z]  DEBUG: Delaying request { url: 'https://data.allie.dbcls.jp/sparql', requestInterval: 13424, currentDelay: 1046312, actor: 'urn:comunica:default:http/actors#limit-rate' }
[0m[90m[2025-10-14T19:25:03.793Z]  DEBUG: Delaying request { url: 'https://data.allie.dbcls.jp/sparql', requestInterval: 13424, currentDelay: 1059735, actor: 'urn:comunica:default:http/actors#limit-rate' }
[0m[90m[2025-10-14T19:25:03.794Z]  DEBUG: Delaying request { url: 'https://data.allie.dbcls.jp/sparql', requestInterval: 13424, currentDelay: 1073158, actor: 'urn:comunica:default:http/actors#limit-rate' }
[0m[90m[2025-10-14T19:25:03.945Z]  DEBUG: Delaying request { url: 'https://data.allie.dbcls.jp/sparql', requestInterval: 13424, currentDelay: 1086431, actor: 'urn:comunica:default:http/actors#limit-rate' }
[0m[90m[2025-10-14T19:25:03.959Z]  DEBUG: Delaying request { url: 'https://data.allie.dbcls.jp/sparql', requestInterval: 13424, currentDelay: 1099841, actor: 'urn:comunica:default:http/actors#limit-rate' }
[0m[90m[2025-10-14T19:25:03.966Z]  DEBUG: Delaying request { url: 'https://data.allie.dbcls.jp/sparql', requestInterval: 13424, currentDelay: 1113258, actor: 'urn:comunica:default:http/actors#limit-rate' }
[0m[90m[2025-10-14T19:25:03.973Z]  DEBUG: Delaying request { url: 'https://data.allie.dbcls.jp/sparql', requestInterval: 13424, currentDelay: 1126675, actor: 'urn:comunica:default:http/actors#limit-rate' }
[0m[90m[2025-10-14T19:25:03.975Z]  DEBUG: Delaying request { url: 'https://data.allie.dbcls.jp/sparql', requestInterval: 13424, currentDelay: 1140097, actor: 'urn:comunica:default:http/actors#limit-rate' }
[0m[90m[2025-10-14T19:25:03.976Z]  DEBUG: Delaying request { url: 'https://data.allie.dbcls.jp/sparql', requestInterval: 13424, currentDelay: 1153520, actor: 'urn:comunica:default:http/actors#limit-rate' }
[0m[90m[2025-10-14T19:25:03.977Z]  DEBUG: Delaying request { url: 'https://data.allie.dbcls.jp/sparql', requestInterval: 13424, currentDelay: 1166943, actor: 'urn:comunica:default:http/actors#limit-rate' }
[0m[90m[2025-10-14T19:25:03.978Z]  DEBUG: Delaying request { url: 'https://data.allie.dbcls.jp/sparql', requestInterval: 13424, currentDelay: 1180366, actor: 'urn:comunica:default:http/actors#limit-rate' }
[0m[90m[2025-10-14T19:25:03.980Z]  DEBUG: Delaying request { url: 'https://data.allie.dbcls.jp/sparql', requestInterval: 13424, currentDelay: 1193788, actor: 'urn:comunica:default:http/actors#limit-rate' }
[0m[90m[2025-10-14T19:25:03.981Z]  DEBUG: Delaying request { url: 'https://data.allie.dbcls.jp/sparql', requestInterval: 13424, currentDelay: 1207211, actor: 'urn:comunica:default:http/actors#limit-rate' }
[0m[90m[2025-10-14T19:25:03.988Z]  DEBUG: Delaying request { url: 'https://data.allie.dbcls.jp/sparql', requestInterval: 13424, currentDelay: 1220628, actor: 'urn:comunica:default:http/actors#limit-rate' }
[0m[90m[2025-10-14T19:25:03.989Z]  DEBUG: Delaying request { url: 'https://data.allie.dbcls.jp/sparql', requestInterval: 13424, currentDelay: 1234051, actor: 'urn:comunica:default:http/actors#limit-rate' }
[0m[90m[2025-10-14T19:25:03.991Z]  DEBUG: Delaying request { url: 'https://data.allie.dbcls.jp/sparql', requestInterval: 13424, currentDelay: 1247473, actor: 'urn:comunica:default:http/actors#limit-rate' }
[0m[90m[2025-10-14T19:25:03.992Z]  DEBUG: Delaying request { url: 'https://data.allie.dbcls.jp/sparql', requestInterval: 13424, currentDelay: 1260896, actor: 'urn:comunica:default:http/actors#limit-rate' }
[0m[90m[2025-10-14T19:25:03.993Z]  DEBUG: Delaying request { url: 'https://data.allie.dbcls.jp/sparql', requestInterval: 13424, currentDelay: 1274319, actor: 'urn:comunica:default:http/actors#limit-rate' }
[0m[90m[2025-10-14T19:25:03.994Z]  DEBUG: Delaying request { url: 'https://data.allie.dbcls.jp/sparql', requestInterval: 13424, currentDelay: 1287742, actor: 'urn:comunica:default:http/actors#limit-rate' }
[0m[90m[2025-10-14T19:25:03.995Z]  DEBUG: Delaying request { url: 'https://data.allie.dbcls.jp/sparql', requestInterval: 13424, currentDelay: 1301165, actor: 'urn:comunica:default:http/actors#limit-rate' }
[0m[90m[2025-10-14T19:25:03.996Z]  DEBUG: Delaying request { url: 'https://data.allie.dbcls.jp/sparql', requestInterval: 13424, currentDelay: 1314588, actor: 'urn:comunica:default:http/actors#limit-rate' }
[0m[90m[2025-10-14T19:25:03.998Z]  DEBUG: Delaying request { url: 'https://data.allie.dbcls.jp/sparql', requestInterval: 13424, currentDelay: 1328010, actor: 'urn:comunica:default:http/actors#limit-rate' }
[0m[90m[2025-10-14T19:25:04.000Z]  DEBUG: Delaying request { url: 'https://data.allie.dbcls.jp/sparql', requestInterval: 13424, currentDelay: 1341432, actor: 'urn:comunica:default:http/actors#limit-rate' }
[0m[90m[2025-10-14T19:25:04.001Z]  DEBUG: Delaying request { url: 'https://data.allie.dbcls.jp/sparql', requestInterval: 13424, currentDelay: 1354855, actor: 'urn:comunica:default:http/actors#limit-rate' }
[0m[90m[2025-10-14T19:25:04.002Z]  DEBUG: Delaying request { url: 'https://data.allie.dbcls.jp/sparql', requestInterval: 13424, currentDelay: 1368278, actor: 'urn:comunica:default:http/actors#limit-rate' }
[0m[90m[2025-10-14T19:25:04.003Z]  DEBUG: Delaying request { url: 'https://data.allie.dbcls.jp/sparql', requestInterval: 13424, currentDelay: 1381701, actor: 'urn:comunica:default:http/actors#limit-rate' }
[0m[90m[2025-10-14T19:25:04.004Z]  DEBUG: Delaying request { url: 'https://data.allie.dbcls.jp/sparql', requestInterval: 13424, currentDelay: 1395124, actor: 'urn:comunica:default:http/actors#limit-rate' }
[0m[90m[2025-10-14T19:25:04.004Z]  DEBUG: Delaying request { url: 'https://data.allie.dbcls.jp/sparql', requestInterval: 13424, currentDelay: 1408548, actor: 'urn:comunica:default:http/actors#limit-rate' }
[0m[90m[2025-10-14T19:25:04.006Z]  DEBUG: Delaying request { url: 'https://data.allie.dbcls.jp/sparql', requestInterval: 13424, currentDelay: 1421970, actor: 'urn:comunica:default:http/actors#limit-rate' }
[0m[90m[2025-10-14T19:25:04.007Z]  DEBUG: Delaying request { url: 'https://data.allie.dbcls.jp/sparql', requestInterval: 13424, currentDelay: 1435393, actor: 'urn:comunica:default:http/actors#limit-rate' }
[0m[90m[2025-10-14T19:25:04.008Z]  DEBUG: Delaying request { url: 'https://data.allie.dbcls.jp/sparql', requestInterval: 13424, currentDelay: 1448816, actor: 'urn:comunica:default:http/actors#limit-rate' }
[0m[90m[2025-10-14T19:25:04.010Z]  DEBUG: Delaying request { url: 'https://data.allie.dbcls.jp/sparql', requestInterval: 13424, currentDelay: 1462238, actor: 'urn:comunica:default:http/actors#limit-rate' }
[0m[90m[2025-10-14T19:25:04.011Z]  DEBUG: Delaying request { url: 'https://data.allie.dbcls.jp/sparql', requestInterval: 13424, currentDelay: 1475661, actor: 'urn:comunica:default:http/actors#limit-rate' }
[0m[90m[2025-10-14T19:25:04.012Z]  DEBUG: Delaying request { url: 'https://data.allie.dbcls.jp/sparql', requestInterval: 13424, currentDelay: 1489084, actor: 'urn:comunica:default:http/actors#limit-rate' }
[0m[90m[2025-10-14T19:25:04.013Z]  DEBUG: Delaying request { url: 'https://data.allie.dbcls.jp/sparql', requestInterval: 13424, currentDelay: 1502507, actor: 'urn:comunica:default:http/actors#limit-rate' }
[0m[90m[2025-10-14T19:25:04.014Z]  DEBUG: Delaying request { url: 'https://data.allie.dbcls.jp/sparql', requestInterval: 13424, currentDelay: 1515930, actor: 'urn:comunica:default:http/actors#limit-rate' }
[0m[90m[2025-10-14T19:25:04.017Z]  DEBUG: Delaying request { url: 'https://data.allie.dbcls.jp/sparql', requestInterval: 13424, currentDelay: 1529351, actor: 'urn:comunica:default:http/actors#limit-rate' }
[0m[90m[2025-10-14T19:25:04.019Z]  DEBUG: Delaying request { url: 'https://data.allie.dbcls.jp/sparql', requestInterval: 13424, currentDelay: 1542773, actor: 'urn:comunica:default:http/actors#limit-rate' }
[0m[90m[2025-10-14T19:25:04.020Z]  DEBUG: Delaying request { url: 'https://data.allie.dbcls.jp/sparql', requestInterval: 13424, currentDelay: 1556196, actor: 'urn:comunica:default:http/actors#limit-rate' }
[0m[90m[2025-10-14T19:25:04.022Z]  DEBUG: Delaying request { url: 'https://data.allie.dbcls.jp/sparql', requestInterval: 13424, currentDelay: 1569618, actor: 'urn:comunica:default:http/actors#limit-rate' }
[0m[90m[2025-10-14T19:25:04.023Z]  DEBUG: Delaying request { url: 'https://data.allie.dbcls.jp/sparql', requestInterval: 13424, currentDelay: 1583041, actor: 'urn:comunica:default:http/actors#limit-rate' }
[0m[90m[2025-10-14T19:25:04.024Z]  DEBUG: Delaying request { url: 'https://data.allie.dbcls.jp/sparql', requestInterval: 13424, currentDelay: 1596464, actor: 'urn:comunica:default:http/actors#limit-rate' }
[0m[90m[2025-10-14T19:25:04.025Z]  DEBUG: Delaying request { url: 'https://data.allie.dbcls.jp/sparql', requestInterval: 13424, currentDelay: 1609887, actor: 'urn:comunica:default:http/actors#limit-rate' }
[0m[90m[2025-10-14T19:25:04.025Z]  DEBUG: Server reported client-side error { url: 'https://data.allie.dbcls.jp/sparql', status: 400, statusText: 'Bad Request', currentAttempt: '1 / 51', actor: 'urn:comunica:default:http/actors#retry' }
[0mRequest failed: https://data.allie.dbcls.jp/sparql
