[32m[2025-10-18T08:07:15.328Z]  INFO: Requesting https://sparql.rhea-db.org/sparql { headers: { accept: 'application/n-quads,application/trig;q=0.95,application/ld+json;q=0.9,application/n-triples;q=0.8,text/turtle;q=0.6,application/rdf+xml;q=0.5,text/n3;q=0.35,application/xml;q=0.3,image/svg+xml;q=0.3,text/xml;q=0.3,text/html;q=0.2,application/xhtml+xml;q=0.18,application/json;q=0.135,text/shaclc;q=0.1,text/shaclc-ext;q=0.05', 'user-agent': 'Comunica/4.0 (linux; x64) ActorHttpFetch/4.4.1 Node.js/22' }, method: undefined, actor: 'urn:comunica:default:http/actors#fetch' }
[0m[32m[2025-10-18T08:07:15.329Z]  INFO: Requesting https://data.allie.dbcls.jp/sparql { headers: { accept: 'application/n-quads,application/trig;q=0.95,application/ld+json;q=0.9,application/n-triples;q=0.8,text/turtle;q=0.6,application/rdf+xml;q=0.5,text/n3;q=0.35,application/xml;q=0.3,image/svg+xml;q=0.3,text/xml;q=0.3,text/html;q=0.2,application/xhtml+xml;q=0.18,application/json;q=0.135,text/shaclc;q=0.1,text/shaclc-ext;q=0.05', 'user-agent': 'Comunica/4.0 (linux; x64) ActorHttpFetch/4.4.1 Node.js/22' }, method: undefined, actor: 'urn:comunica:default:http/actors#fetch' }
[0m[32m[2025-10-18T08:07:15.547Z]  INFO: Identified https://sparql.rhea-db.org/sparql as sparql source with service URL: https://sparql.rhea-db.org/sparql { actor: 'urn:comunica:default:query-source-identify-hypermedia/actors#sparql' }
[0m[90m[2025-10-18T08:07:15.550Z]  DEBUG: Delaying request { url: 'https://sparql.rhea-db.org/sparql?query=ASK%20WHERE%20%7B%20%3Fx%20%3Chttp%3A%2F%2Fwww.w3.org%2F2000%2F01%2Frdf-schema%23label%3E%20%3FenglishLabel.%20%7D', requestInterval: 31, currentDelay: 31, actor: 'urn:comunica:default:http/actors#limit-rate' }
[0m[90m[2025-10-18T08:07:15.551Z]  DEBUG: Delaying request { url: 'https://sparql.rhea-db.org/sparql?query=ASK%20WHERE%20%7B%20%3Fs%20%3Chttp%3A%2F%2Fwww.w3.org%2F2000%2F01%2Frdf-schema%23label%3E%20%3Fo.%20%7D', requestInterval: 31, currentDelay: 61, actor: 'urn:comunica:default:http/actors#limit-rate' }
[0m[90m[2025-10-18T08:07:15.551Z]  DEBUG: Delaying request { url: 'https://sparql.rhea-db.org/sparql?query=ASK%20WHERE%20%7B%20%3Fs%20%3Chttp%3A%2F%2Fwww.geneontology.org%2Fformats%2FoboInOwl%23hasSynonym%3E%20%3Fo.%20%7D', requestInterval: 31, currentDelay: 92, actor: 'urn:comunica:default:http/actors#limit-rate' }
[0m[32m[2025-10-18T08:07:15.551Z]  INFO: Requesting https://sparql.rhea-db.org/sparql?query=ASK%20WHERE%20%7B%20%3Fx%20%3Chttp%3A%2F%2Fwww.w3.org%2F2000%2F01%2Frdf-schema%23label%3E%20%221%2C2%2C4-%E3%83%88%E3%83%AA%E3%82%AF%E3%83%AD%E3%83%AD%E3%83%99%E3%83%B3%E3%82%BC%E3%83%B3%22%40ja.%20%7D { headers: { accept: 'application/sparql-results+json;q=1.0,application/sparql-results+xml;q=0.7', 'user-agent': 'Comunica/4.0 (linux; x64) ActorHttpFetch/4.4.1 Node.js/22' }, method: 'GET', actor: 'urn:comunica:default:http/actors#fetch' }
[0m[32m[2025-10-18T08:07:15.583Z]  INFO: Requesting https://sparql.rhea-db.org/sparql?query=ASK%20WHERE%20%7B%20%3Fx%20%3Chttp%3A%2F%2Fwww.w3.org%2F2000%2F01%2Frdf-schema%23label%3E%20%3FenglishLabel.%20%7D { headers: { accept: 'application/sparql-results+json;q=1.0,application/sparql-results+xml;q=0.7', 'user-agent': 'Comunica/4.0 (linux; x64) ActorHttpFetch/4.4.1 Node.js/22' }, method: 'GET', actor: 'urn:comunica:default:http/actors#fetch' }
[0m[32m[2025-10-18T08:07:15.612Z]  INFO: Requesting https://sparql.rhea-db.org/sparql?query=ASK%20WHERE%20%7B%20%3Fs%20%3Chttp%3A%2F%2Fwww.w3.org%2F2000%2F01%2Frdf-schema%23label%3E%20%3Fo.%20%7D { headers: { accept: 'application/sparql-results+json;q=1.0,application/sparql-results+xml;q=0.7', 'user-agent': 'Comunica/4.0 (linux; x64) ActorHttpFetch/4.4.1 Node.js/22' }, method: 'GET', actor: 'urn:comunica:default:http/actors#fetch' }
[0m[32m[2025-10-18T08:07:15.643Z]  INFO: Requesting https://sparql.rhea-db.org/sparql?query=ASK%20WHERE%20%7B%20%3Fs%20%3Chttp%3A%2F%2Fwww.geneontology.org%2Fformats%2FoboInOwl%23hasSynonym%3E%20%3Fo.%20%7D { headers: { accept: 'application/sparql-results+json;q=1.0,application/sparql-results+xml;q=0.7', 'user-agent': 'Comunica/4.0 (linux; x64) ActorHttpFetch/4.4.1 Node.js/22' }, method: 'GET', actor: 'urn:comunica:default:http/actors#fetch' }
[0m[32m[2025-10-18T08:07:16.361Z]  INFO: Identified https://data.allie.dbcls.jp/sparql as sparql source with service URL: https://data.allie.dbcls.jp/sparql { actor: 'urn:comunica:default:query-source-identify-hypermedia/actors#sparql' }
[0m[90m[2025-10-18T08:07:16.362Z]  DEBUG: Delaying request { url: 'https://data.allie.dbcls.jp/sparql?query=ASK%20WHERE%20%7B%20%3Fx%20%3Chttp%3A%2F%2Fwww.w3.org%2F2000%2F01%2Frdf-schema%23label%3E%20%3FenglishLabel.%20%7D', requestInterval: 306, currentDelay: 306, actor: 'urn:comunica:default:http/actors#limit-rate' }
[0m[90m[2025-10-18T08:07:16.362Z]  DEBUG: Delaying request { url: 'https://data.allie.dbcls.jp/sparql?query=ASK%20WHERE%20%7B%20%3Fs%20%3Chttp%3A%2F%2Fwww.w3.org%2F2000%2F01%2Frdf-schema%23label%3E%20%3Fo.%20%7D', requestInterval: 306, currentDelay: 612, actor: 'urn:comunica:default:http/actors#limit-rate' }
[0m[90m[2025-10-18T08:07:16.362Z]  DEBUG: Delaying request { url: 'https://data.allie.dbcls.jp/sparql?query=ASK%20WHERE%20%7B%20%3Fs%20%3Chttp%3A%2F%2Fwww.geneontology.org%2Fformats%2FoboInOwl%23hasSynonym%3E%20%3Fo.%20%7D', requestInterval: 306, currentDelay: 918, actor: 'urn:comunica:default:http/actors#limit-rate' }
[0m[32m[2025-10-18T08:07:16.362Z]  INFO: Requesting https://data.allie.dbcls.jp/sparql?query=ASK%20WHERE%20%7B%20%3Fx%20%3Chttp%3A%2F%2Fwww.w3.org%2F2000%2F01%2Frdf-schema%23label%3E%20%221%2C2%2C4-%E3%83%88%E3%83%AA%E3%82%AF%E3%83%AD%E3%83%AD%E3%83%99%E3%83%B3%E3%82%BC%E3%83%B3%22%40ja.%20%7D { headers: { accept: 'application/sparql-results+json;q=1.0,application/sparql-results+xml;q=0.7', 'user-agent': 'Comunica/4.0 (linux; x64) ActorHttpFetch/4.4.1 Node.js/22' }, method: 'GET', actor: 'urn:comunica:default:http/actors#fetch' }
[0m[32m[2025-10-18T08:07:16.669Z]  INFO: Requesting https://data.allie.dbcls.jp/sparql?query=ASK%20WHERE%20%7B%20%3Fx%20%3Chttp%3A%2F%2Fwww.w3.org%2F2000%2F01%2Frdf-schema%23label%3E%20%3FenglishLabel.%20%7D { headers: { accept: 'application/sparql-results+json;q=1.0,application/sparql-results+xml;q=0.7', 'user-agent': 'Comunica/4.0 (linux; x64) ActorHttpFetch/4.4.1 Node.js/22' }, method: 'GET', actor: 'urn:comunica:default:http/actors#fetch' }
[0m[32m[2025-10-18T08:07:16.975Z]  INFO: Requesting https://data.allie.dbcls.jp/sparql?query=ASK%20WHERE%20%7B%20%3Fs%20%3Chttp%3A%2F%2Fwww.w3.org%2F2000%2F01%2Frdf-schema%23label%3E%20%3Fo.%20%7D { headers: { accept: 'application/sparql-results+json;q=1.0,application/sparql-results+xml;q=0.7', 'user-agent': 'Comunica/4.0 (linux; x64) ActorHttpFetch/4.4.1 Node.js/22' }, method: 'GET', actor: 'urn:comunica:default:http/actors#fetch' }
[0m[32m[2025-10-18T08:07:17.281Z]  INFO: Requesting https://data.allie.dbcls.jp/sparql?query=ASK%20WHERE%20%7B%20%3Fs%20%3Chttp%3A%2F%2Fwww.geneontology.org%2Fformats%2FoboInOwl%23hasSynonym%3E%20%3Fo.%20%7D { headers: { accept: 'application/sparql-results+json;q=1.0,application/sparql-results+xml;q=0.7', 'user-agent': 'Comunica/4.0 (linux; x64) ActorHttpFetch/4.4.1 Node.js/22' }, method: 'GET', actor: 'urn:comunica:default:http/actors#fetch' }
[0m[90m[2025-10-18T08:07:17.518Z]  DEBUG: Pruning 2 source-specific operations { actor: 'urn:comunica:default:optimize-query-operation/actors#prune-empty-source-operations' }
[0m[90m[2025-10-18T08:07:17.521Z]  DEBUG: Push down filter across union entries with 2 fully overlapping, 0 partially overlapping, and 0 not overlapping { actor: 'urn:comunica:default:optimize-query-operation/actors#filter-pushdown' }
[0m[90m[2025-10-18T08:07:17.522Z]  DEBUG: Push down filter across join entries with 1 fully overlapping, 0 partially overlapping, and 1 not overlapping { actor: 'urn:comunica:default:optimize-query-operation/actors#filter-pushdown' }
[0m[90m[2025-10-18T08:07:17.522Z]  DEBUG: Pushed down filters in 2 iterations { actor: 'urn:comunica:default:optimize-query-operation/actors#filter-pushdown' }
[0m[90m[2025-10-18T08:07:17.522Z]  DEBUG: Hoist 1 source-specific operations into a single filter operation for QuerySourceHypermedia(https://sparql.rhea-db.org/sparql)(SkolemID:0) { actor: 'urn:comunica:default:optimize-query-operation/actors#group-sources' }
[0m[90m[2025-10-18T08:07:17.522Z]  DEBUG: Hoist 1 source-specific operations into a single filter operation for QuerySourceHypermedia(https://data.allie.dbcls.jp/sparql)(SkolemID:1) { actor: 'urn:comunica:default:optimize-query-operation/actors#group-sources' }
[0m[90m[2025-10-18T08:07:17.532Z]  DEBUG: Determined physical join operator 'inner-bind-source' { entries: 2, variables: [ [ 'x', 'englishLabel' ], [ 'x' ] ], costs: { 'inner-bind-source': NaN, 'inner-bind': NaN, 'inner-hash-def': NaN, 'inner-hash-undef': NaN, 'inner-symmetric-hash': NaN, 'inner-nested-loop': NaN }, coefficients: { 'inner-bind-source': { iterations: 1, persistedItems: Infinity, blockingItems: Infinity, requestTime: NaN }, 'inner-bind': { iterations: Infinity, persistedItems: 0, blockingItems: 0, requestTime: NaN }, 'inner-hash-def': { iterations: Infinity, persistedItems: Infinity, blockingItems: Infinity, requestTime: NaN }, 'inner-hash-undef': { iterations: Infinity, persistedItems: Infinity, blockingItems: Infinity, requestTime: NaN }, 'inner-symmetric-hash': { iterations: Infinity, persistedItems: Infinity, blockingItems: 0, requestTime: NaN }, 'inner-nested-loop': { iterations: Infinity, persistedItems: 0, blockingItems: 0, requestTime: NaN } } }
[0m[90m[2025-10-18T08:07:17.533Z]  DEBUG: First entry for Bind Join Source:  { entry: { type: 'union', input: [ { type: 'filter', input: Quad { termType: 'Quad', value: '', subject: [Object], predicate: [Object], object: [Object], graph: [Object], type: 'pattern' }, expression: { type: 'expression', expressionType: 'operator', operator: '=', args: [Array] }, metadata: { scopedSource: [Object] } }, { type: 'filter', input: Quad { termType: 'Quad', value: '', subject: [Object], predicate: [Object], object: [Object], graph: [Object], type: 'pattern' }, expression: { type: 'expression', expressionType: 'operator', operator: '=', args: [Array] }, metadata: { scopedSource: [Object] } } ] }, cardinality: { type: 'estimate', value: Infinity }, order: undefined, availableOrders: undefined, actor: 'urn:comunica:default:rdf-join/actors#inner-multi-bind-source' }
[0m[32m[2025-10-18T08:07:17.539Z]  INFO: Requesting https://sparql.rhea-db.org/sparql?query=SELECT%20%3Fx%20%3FenglishLabel%20WHERE%20%7B%0A%20%20%3Fx%20%3Chttp%3A%2F%2Fwww.w3.org%2F2000%2F01%2Frdf-schema%23label%3E%20%3FenglishLabel.%0A%20%20FILTER((LANG(%3FenglishLabel))%20%3D%20%22en%22)%0A%7D { headers: { accept: 'application/sparql-results+json;q=1.0,application/sparql-results+xml;q=0.7', 'user-agent': 'Comunica/4.0 (linux; x64) ActorHttpFetch/4.4.1 Node.js/22' }, method: 'GET', actor: 'urn:comunica:default:http/actors#fetch' }
[0m[32m[2025-10-18T08:07:17.539Z]  INFO: Requesting https://data.allie.dbcls.jp/sparql?query=SELECT%20%3Fx%20%3FenglishLabel%20WHERE%20%7B%0A%20%20%3Fx%20%3Chttp%3A%2F%2Fwww.w3.org%2F2000%2F01%2Frdf-schema%23label%3E%20%3FenglishLabel.%0A%20%20FILTER((LANG(%3FenglishLabel))%20%3D%20%22en%22)%0A%7D { headers: { accept: 'application/sparql-results+json;q=1.0,application/sparql-results+xml;q=0.7', 'user-agent': 'Comunica/4.0 (linux; x64) ActorHttpFetch/4.4.1 Node.js/22' }, method: 'GET', actor: 'urn:comunica:default:http/actors#fetch' }
[0m[90m[2025-10-18T08:07:17.542Z]  DEBUG: Determined physical join operator 'inner-bind' { entries: 2, variables: [ [ 'x', 'englishLabel', 'englishLabelStr' ], [ 'chebi', 'englishLabelStr' ] ], costs: { 'inner-bind': NaN, 'inner-hash-def': NaN, 'inner-hash-undef': NaN, 'inner-symmetric-hash': NaN, 'inner-nested-loop': NaN }, coefficients: { 'inner-bind': { iterations: Infinity, persistedItems: 0, blockingItems: 0, requestTime: NaN }, 'inner-hash-def': { iterations: Infinity, persistedItems: Infinity, blockingItems: Infinity, requestTime: NaN }, 'inner-hash-undef': { iterations: Infinity, persistedItems: Infinity, blockingItems: Infinity, requestTime: NaN }, 'inner-symmetric-hash': { iterations: Infinity, persistedItems: Infinity, blockingItems: 0, requestTime: NaN }, 'inner-nested-loop': { iterations: Infinity, persistedItems: 0, blockingItems: 0, requestTime: NaN } } }
[0m[90m[2025-10-18T08:07:17.543Z]  DEBUG: First entry for Bind Join:  { entry: { type: 'extend', input: { type: 'join', input: [ { type: 'union', input: [Array] }, Quad { termType: 'Quad', value: '', subject: [Object], predicate: [Object], object: [Object], graph: [Object], type: 'pattern', metadata: [Object] } ] }, variable: Variable { termType: 'Variable', value: 'englishLabelStr' }, expression: { type: 'expression', expressionType: 'operator', operator: 'str', args: [ { type: 'expression', expressionType: 'term', term: [Object] } ] } }, cardinality: { type: 'estimate', value: Infinity }, order: undefined, availableOrders: undefined, actor: 'urn:comunica:default:rdf-join/actors#inner-multi-bind' }
[0m[32m[2025-10-18T08:08:01.224Z]  INFO: Requesting https://data.allie.dbcls.jp/sparql { headers: { accept: 'application/sparql-results+json;q=1.0,application/sparql-results+xml;q=0.7', 'content-length': '2279', 'content-type': 'application/x-www-form-urlencoded', 'user-agent': 'Comunica/4.0 (linux; x64) ActorHttpFetch/4.4.1 Node.js/22' }, method: 'POST', actor: 'urn:comunica:default:http/actors#fetch' }
[0m[90m[2025-10-18T08:08:01.228Z]  DEBUG: Delaying request { url: 'https://data.allie.dbcls.jp/sparql', requestInterval: 13281, currentDelay: 13277, actor: 'urn:comunica:default:http/actors#limit-rate' }
[0m[90m[2025-10-18T08:08:01.230Z]  DEBUG: Delaying request { url: 'https://data.allie.dbcls.jp/sparql', requestInterval: 13281, currentDelay: 26556, actor: 'urn:comunica:default:http/actors#limit-rate' }
[0m[90m[2025-10-18T08:08:01.449Z]  DEBUG: Delaying request { url: 'https://data.allie.dbcls.jp/sparql', requestInterval: 13281, currentDelay: 39618, actor: 'urn:comunica:default:http/actors#limit-rate' }
[0m[90m[2025-10-18T08:08:01.450Z]  DEBUG: Delaying request { url: 'https://data.allie.dbcls.jp/sparql', requestInterval: 13281, currentDelay: 52898, actor: 'urn:comunica:default:http/actors#limit-rate' }
[0m[90m[2025-10-18T08:08:01.452Z]  DEBUG: Delaying request { url: 'https://data.allie.dbcls.jp/sparql', requestInterval: 13281, currentDelay: 66177, actor: 'urn:comunica:default:http/actors#limit-rate' }
[0m[90m[2025-10-18T08:08:01.454Z]  DEBUG: Delaying request { url: 'https://data.allie.dbcls.jp/sparql', requestInterval: 13281, currentDelay: 79456, actor: 'urn:comunica:default:http/actors#limit-rate' }
[0m[90m[2025-10-18T08:08:01.456Z]  DEBUG: Delaying request { url: 'https://data.allie.dbcls.jp/sparql', requestInterval: 13281, currentDelay: 92735, actor: 'urn:comunica:default:http/actors#limit-rate' }
[0m[90m[2025-10-18T08:08:01.458Z]  DEBUG: Delaying request { url: 'https://data.allie.dbcls.jp/sparql', requestInterval: 13281, currentDelay: 106014, actor: 'urn:comunica:default:http/actors#limit-rate' }
[0m[90m[2025-10-18T08:08:01.459Z]  DEBUG: Delaying request { url: 'https://data.allie.dbcls.jp/sparql', requestInterval: 13281, currentDelay: 119294, actor: 'urn:comunica:default:http/actors#limit-rate' }
[0m[90m[2025-10-18T08:08:01.461Z]  DEBUG: Delaying request { url: 'https://data.allie.dbcls.jp/sparql', requestInterval: 13281, currentDelay: 132573, actor: 'urn:comunica:default:http/actors#limit-rate' }
[0m[90m[2025-10-18T08:08:01.462Z]  DEBUG: Delaying request { url: 'https://data.allie.dbcls.jp/sparql', requestInterval: 13281, currentDelay: 145853, actor: 'urn:comunica:default:http/actors#limit-rate' }
[0m[90m[2025-10-18T08:08:01.464Z]  DEBUG: Delaying request { url: 'https://data.allie.dbcls.jp/sparql', requestInterval: 13281, currentDelay: 159132, actor: 'urn:comunica:default:http/actors#limit-rate' }
[0m[90m[2025-10-18T08:08:01.465Z]  DEBUG: Delaying request { url: 'https://data.allie.dbcls.jp/sparql', requestInterval: 13281, currentDelay: 172412, actor: 'urn:comunica:default:http/actors#limit-rate' }
[0m[90m[2025-10-18T08:08:01.682Z]  DEBUG: Delaying request { url: 'https://data.allie.dbcls.jp/sparql', requestInterval: 13281, currentDelay: 185476, actor: 'urn:comunica:default:http/actors#limit-rate' }
[0m[90m[2025-10-18T08:08:01.693Z]  DEBUG: Delaying request { url: 'https://data.allie.dbcls.jp/sparql', requestInterval: 13281, currentDelay: 198746, actor: 'urn:comunica:default:http/actors#limit-rate' }
[0m[90m[2025-10-18T08:08:01.710Z]  DEBUG: Delaying request { url: 'https://data.allie.dbcls.jp/sparql', requestInterval: 13281, currentDelay: 212010, actor: 'urn:comunica:default:http/actors#limit-rate' }
[0m[90m[2025-10-18T08:08:01.717Z]  DEBUG: Delaying request { url: 'https://data.allie.dbcls.jp/sparql', requestInterval: 13281, currentDelay: 225284, actor: 'urn:comunica:default:http/actors#limit-rate' }
[0m[90m[2025-10-18T08:08:01.721Z]  DEBUG: Delaying request { url: 'https://data.allie.dbcls.jp/sparql', requestInterval: 13281, currentDelay: 238561, actor: 'urn:comunica:default:http/actors#limit-rate' }
[0m[90m[2025-10-18T08:08:01.723Z]  DEBUG: Delaying request { url: 'https://data.allie.dbcls.jp/sparql', requestInterval: 13281, currentDelay: 251840, actor: 'urn:comunica:default:http/actors#limit-rate' }
[0m[90m[2025-10-18T08:08:01.726Z]  DEBUG: Delaying request { url: 'https://data.allie.dbcls.jp/sparql', requestInterval: 13281, currentDelay: 265118, actor: 'urn:comunica:default:http/actors#limit-rate' }
[0m[90m[2025-10-18T08:08:01.728Z]  DEBUG: Delaying request { url: 'https://data.allie.dbcls.jp/sparql', requestInterval: 13281, currentDelay: 278397, actor: 'urn:comunica:default:http/actors#limit-rate' }
[0m[90m[2025-10-18T08:08:01.731Z]  DEBUG: Delaying request { url: 'https://data.allie.dbcls.jp/sparql', requestInterval: 13281, currentDelay: 291676, actor: 'urn:comunica:default:http/actors#limit-rate' }
[0m[90m[2025-10-18T08:08:01.732Z]  DEBUG: Delaying request { url: 'https://data.allie.dbcls.jp/sparql', requestInterval: 13281, currentDelay: 304955, actor: 'urn:comunica:default:http/actors#limit-rate' }
[0m[90m[2025-10-18T08:08:01.735Z]  DEBUG: Delaying request { url: 'https://data.allie.dbcls.jp/sparql', requestInterval: 13281, currentDelay: 318233, actor: 'urn:comunica:default:http/actors#limit-rate' }
[0m[90m[2025-10-18T08:08:01.737Z]  DEBUG: Delaying request { url: 'https://data.allie.dbcls.jp/sparql', requestInterval: 13281, currentDelay: 331512, actor: 'urn:comunica:default:http/actors#limit-rate' }
[0m[90m[2025-10-18T08:08:01.738Z]  DEBUG: Delaying request { url: 'https://data.allie.dbcls.jp/sparql', requestInterval: 13281, currentDelay: 344792, actor: 'urn:comunica:default:http/actors#limit-rate' }
[0m[90m[2025-10-18T08:08:01.740Z]  DEBUG: Delaying request { url: 'https://data.allie.dbcls.jp/sparql', requestInterval: 13281, currentDelay: 358071, actor: 'urn:comunica:default:http/actors#limit-rate' }
[0m[90m[2025-10-18T08:08:01.742Z]  DEBUG: Delaying request { url: 'https://data.allie.dbcls.jp/sparql', requestInterval: 13281, currentDelay: 371350, actor: 'urn:comunica:default:http/actors#limit-rate' }
[0m[90m[2025-10-18T08:08:01.743Z]  DEBUG: Delaying request { url: 'https://data.allie.dbcls.jp/sparql', requestInterval: 13281, currentDelay: 384630, actor: 'urn:comunica:default:http/actors#limit-rate' }
[0m[90m[2025-10-18T08:08:01.744Z]  DEBUG: Delaying request { url: 'https://data.allie.dbcls.jp/sparql', requestInterval: 13281, currentDelay: 397910, actor: 'urn:comunica:default:http/actors#limit-rate' }
[0m[90m[2025-10-18T08:08:01.746Z]  DEBUG: Delaying request { url: 'https://data.allie.dbcls.jp/sparql', requestInterval: 13281, currentDelay: 411189, actor: 'urn:comunica:default:http/actors#limit-rate' }
[0m[90m[2025-10-18T08:08:01.747Z]  DEBUG: Delaying request { url: 'https://data.allie.dbcls.jp/sparql', requestInterval: 13281, currentDelay: 424469, actor: 'urn:comunica:default:http/actors#limit-rate' }
[0m[90m[2025-10-18T08:08:01.749Z]  DEBUG: Delaying request { url: 'https://data.allie.dbcls.jp/sparql', requestInterval: 13281, currentDelay: 437748, actor: 'urn:comunica:default:http/actors#limit-rate' }
[0m[90m[2025-10-18T08:08:01.751Z]  DEBUG: Delaying request { url: 'https://data.allie.dbcls.jp/sparql', requestInterval: 13281, currentDelay: 451027, actor: 'urn:comunica:default:http/actors#limit-rate' }
[0m[90m[2025-10-18T08:08:01.752Z]  DEBUG: Delaying request { url: 'https://data.allie.dbcls.jp/sparql', requestInterval: 13281, currentDelay: 464307, actor: 'urn:comunica:default:http/actors#limit-rate' }
[0m[90m[2025-10-18T08:08:01.753Z]  DEBUG: Delaying request { url: 'https://data.allie.dbcls.jp/sparql', requestInterval: 13281, currentDelay: 477587, actor: 'urn:comunica:default:http/actors#limit-rate' }
[0m[90m[2025-10-18T08:08:01.904Z]  DEBUG: Delaying request { url: 'https://data.allie.dbcls.jp/sparql', requestInterval: 13281, currentDelay: 490717, actor: 'urn:comunica:default:http/actors#limit-rate' }
[0m[90m[2025-10-18T08:08:01.905Z]  DEBUG: Delaying request { url: 'https://data.allie.dbcls.jp/sparql', requestInterval: 13281, currentDelay: 503997, actor: 'urn:comunica:default:http/actors#limit-rate' }
[0m[90m[2025-10-18T08:08:01.907Z]  DEBUG: Delaying request { url: 'https://data.allie.dbcls.jp/sparql', requestInterval: 13281, currentDelay: 517276, actor: 'urn:comunica:default:http/actors#limit-rate' }
[0m[90m[2025-10-18T08:08:01.909Z]  DEBUG: Delaying request { url: 'https://data.allie.dbcls.jp/sparql', requestInterval: 13281, currentDelay: 530555, actor: 'urn:comunica:default:http/actors#limit-rate' }
[0m[90m[2025-10-18T08:08:01.911Z]  DEBUG: Delaying request { url: 'https://data.allie.dbcls.jp/sparql', requestInterval: 13281, currentDelay: 543834, actor: 'urn:comunica:default:http/actors#limit-rate' }
[0m[90m[2025-10-18T08:08:01.913Z]  DEBUG: Delaying request { url: 'https://data.allie.dbcls.jp/sparql', requestInterval: 13281, currentDelay: 557113, actor: 'urn:comunica:default:http/actors#limit-rate' }
[0m[90m[2025-10-18T08:08:01.914Z]  DEBUG: Delaying request { url: 'https://data.allie.dbcls.jp/sparql', requestInterval: 13281, currentDelay: 570393, actor: 'urn:comunica:default:http/actors#limit-rate' }
[0m[90m[2025-10-18T08:08:01.917Z]  DEBUG: Delaying request { url: 'https://data.allie.dbcls.jp/sparql', requestInterval: 13281, currentDelay: 583671, actor: 'urn:comunica:default:http/actors#limit-rate' }
[0m[90m[2025-10-18T08:08:01.919Z]  DEBUG: Delaying request { url: 'https://data.allie.dbcls.jp/sparql', requestInterval: 13281, currentDelay: 596950, actor: 'urn:comunica:default:http/actors#limit-rate' }
[0m[90m[2025-10-18T08:08:01.921Z]  DEBUG: Delaying request { url: 'https://data.allie.dbcls.jp/sparql', requestInterval: 13281, currentDelay: 610229, actor: 'urn:comunica:default:http/actors#limit-rate' }
[0m[90m[2025-10-18T08:08:01.925Z]  DEBUG: Delaying request { url: 'https://data.allie.dbcls.jp/sparql', requestInterval: 13281, currentDelay: 623506, actor: 'urn:comunica:default:http/actors#limit-rate' }
[0m[90m[2025-10-18T08:08:01.926Z]  DEBUG: Delaying request { url: 'https://data.allie.dbcls.jp/sparql', requestInterval: 13281, currentDelay: 636786, actor: 'urn:comunica:default:http/actors#limit-rate' }
[0m[90m[2025-10-18T08:08:01.928Z]  DEBUG: Delaying request { url: 'https://data.allie.dbcls.jp/sparql', requestInterval: 13281, currentDelay: 650065, actor: 'urn:comunica:default:http/actors#limit-rate' }
[0m[90m[2025-10-18T08:08:01.930Z]  DEBUG: Delaying request { url: 'https://data.allie.dbcls.jp/sparql', requestInterval: 13281, currentDelay: 663344, actor: 'urn:comunica:default:http/actors#limit-rate' }
[0m[90m[2025-10-18T08:08:01.933Z]  DEBUG: Delaying request { url: 'https://data.allie.dbcls.jp/sparql', requestInterval: 13281, currentDelay: 676622, actor: 'urn:comunica:default:http/actors#limit-rate' }
[0m[90m[2025-10-18T08:08:01.934Z]  DEBUG: Delaying request { url: 'https://data.allie.dbcls.jp/sparql', requestInterval: 13281, currentDelay: 689902, actor: 'urn:comunica:default:http/actors#limit-rate' }
[0m[90m[2025-10-18T08:08:01.936Z]  DEBUG: Delaying request { url: 'https://data.allie.dbcls.jp/sparql', requestInterval: 13281, currentDelay: 703181, actor: 'urn:comunica:default:http/actors#limit-rate' }
[0m[90m[2025-10-18T08:08:01.937Z]  DEBUG: Delaying request { url: 'https://data.allie.dbcls.jp/sparql', requestInterval: 13281, currentDelay: 716461, actor: 'urn:comunica:default:http/actors#limit-rate' }
[0m[90m[2025-10-18T08:08:01.938Z]  DEBUG: Delaying request { url: 'https://data.allie.dbcls.jp/sparql', requestInterval: 13281, currentDelay: 729741, actor: 'urn:comunica:default:http/actors#limit-rate' }
[0m[90m[2025-10-18T08:08:01.940Z]  DEBUG: Delaying request { url: 'https://data.allie.dbcls.jp/sparql', requestInterval: 13281, currentDelay: 743020, actor: 'urn:comunica:default:http/actors#limit-rate' }
[0m[90m[2025-10-18T08:08:01.942Z]  DEBUG: Delaying request { url: 'https://data.allie.dbcls.jp/sparql', requestInterval: 13281, currentDelay: 756299, actor: 'urn:comunica:default:http/actors#limit-rate' }
[0m[90m[2025-10-18T08:08:01.944Z]  DEBUG: Delaying request { url: 'https://data.allie.dbcls.jp/sparql', requestInterval: 13281, currentDelay: 769578, actor: 'urn:comunica:default:http/actors#limit-rate' }
[0m[90m[2025-10-18T08:08:01.945Z]  DEBUG: Delaying request { url: 'https://data.allie.dbcls.jp/sparql', requestInterval: 13281, currentDelay: 782858, actor: 'urn:comunica:default:http/actors#limit-rate' }
[0m[90m[2025-10-18T08:08:01.947Z]  DEBUG: Delaying request { url: 'https://data.allie.dbcls.jp/sparql', requestInterval: 13281, currentDelay: 796137, actor: 'urn:comunica:default:http/actors#limit-rate' }
[0m[90m[2025-10-18T08:08:01.949Z]  DEBUG: Delaying request { url: 'https://data.allie.dbcls.jp/sparql', requestInterval: 13281, currentDelay: 809416, actor: 'urn:comunica:default:http/actors#limit-rate' }
[0m[90m[2025-10-18T08:08:01.950Z]  DEBUG: Delaying request { url: 'https://data.allie.dbcls.jp/sparql', requestInterval: 13281, currentDelay: 822696, actor: 'urn:comunica:default:http/actors#limit-rate' }
[0m[90m[2025-10-18T08:08:01.951Z]  DEBUG: Delaying request { url: 'https://data.allie.dbcls.jp/sparql', requestInterval: 13281, currentDelay: 835976, actor: 'urn:comunica:default:http/actors#limit-rate' }
[0m[90m[2025-10-18T08:08:01.953Z]  DEBUG: Delaying request { url: 'https://data.allie.dbcls.jp/sparql', requestInterval: 13281, currentDelay: 849255, actor: 'urn:comunica:default:http/actors#limit-rate' }
[0m[90m[2025-10-18T08:08:01.955Z]  DEBUG: Delaying request { url: 'https://data.allie.dbcls.jp/sparql', requestInterval: 13281, currentDelay: 862534, actor: 'urn:comunica:default:http/actors#limit-rate' }
[0m[90m[2025-10-18T08:08:01.956Z]  DEBUG: Delaying request { url: 'https://data.allie.dbcls.jp/sparql', requestInterval: 13281, currentDelay: 875814, actor: 'urn:comunica:default:http/actors#limit-rate' }
[0m[90m[2025-10-18T08:08:01.958Z]  DEBUG: Delaying request { url: 'https://data.allie.dbcls.jp/sparql', requestInterval: 13281, currentDelay: 889093, actor: 'urn:comunica:default:http/actors#limit-rate' }
[0m[90m[2025-10-18T08:08:01.959Z]  DEBUG: Delaying request { url: 'https://data.allie.dbcls.jp/sparql', requestInterval: 13281, currentDelay: 902373, actor: 'urn:comunica:default:http/actors#limit-rate' }
[0m[90m[2025-10-18T08:08:01.961Z]  DEBUG: Delaying request { url: 'https://data.allie.dbcls.jp/sparql', requestInterval: 13281, currentDelay: 915652, actor: 'urn:comunica:default:http/actors#limit-rate' }
[0m[90m[2025-10-18T08:08:01.962Z]  DEBUG: Delaying request { url: 'https://data.allie.dbcls.jp/sparql', requestInterval: 13281, currentDelay: 928932, actor: 'urn:comunica:default:http/actors#limit-rate' }
[0m[90m[2025-10-18T08:08:01.963Z]  DEBUG: Delaying request { url: 'https://data.allie.dbcls.jp/sparql', requestInterval: 13281, currentDelay: 942212, actor: 'urn:comunica:default:http/actors#limit-rate' }
[0m[90m[2025-10-18T08:08:01.964Z]  DEBUG: Delaying request { url: 'https://data.allie.dbcls.jp/sparql', requestInterval: 13281, currentDelay: 955492, actor: 'urn:comunica:default:http/actors#limit-rate' }
[0m[90m[2025-10-18T08:08:01.965Z]  DEBUG: Delaying request { url: 'https://data.allie.dbcls.jp/sparql', requestInterval: 13281, currentDelay: 968772, actor: 'urn:comunica:default:http/actors#limit-rate' }
[0m[90m[2025-10-18T08:08:01.966Z]  DEBUG: Delaying request { url: 'https://data.allie.dbcls.jp/sparql', requestInterval: 13281, currentDelay: 982052, actor: 'urn:comunica:default:http/actors#limit-rate' }
[0m[90m[2025-10-18T08:08:01.968Z]  DEBUG: Delaying request { url: 'https://data.allie.dbcls.jp/sparql', requestInterval: 13281, currentDelay: 995331, actor: 'urn:comunica:default:http/actors#limit-rate' }
[0m[90m[2025-10-18T08:08:01.969Z]  DEBUG: Delaying request { url: 'https://data.allie.dbcls.jp/sparql', requestInterval: 13281, currentDelay: 1008611, actor: 'urn:comunica:default:http/actors#limit-rate' }
[0m[90m[2025-10-18T08:08:01.970Z]  DEBUG: Delaying request { url: 'https://data.allie.dbcls.jp/sparql', requestInterval: 13281, currentDelay: 1021891, actor: 'urn:comunica:default:http/actors#limit-rate' }
[0m[90m[2025-10-18T08:08:01.971Z]  DEBUG: Delaying request { url: 'https://data.allie.dbcls.jp/sparql', requestInterval: 13281, currentDelay: 1035171, actor: 'urn:comunica:default:http/actors#limit-rate' }
[0m[90m[2025-10-18T08:08:01.972Z]  DEBUG: Delaying request { url: 'https://data.allie.dbcls.jp/sparql', requestInterval: 13281, currentDelay: 1048451, actor: 'urn:comunica:default:http/actors#limit-rate' }
[0m[90m[2025-10-18T08:08:01.973Z]  DEBUG: Delaying request { url: 'https://data.allie.dbcls.jp/sparql', requestInterval: 13281, currentDelay: 1061731, actor: 'urn:comunica:default:http/actors#limit-rate' }
[0m[90m[2025-10-18T08:08:02.123Z]  DEBUG: Server reported client-side error { url: 'https://data.allie.dbcls.jp/sparql', status: 400, statusText: 'Bad Request', currentAttempt: '1 / 51', actor: 'urn:comunica:default:http/actors#retry' }
[0mRequest failed: https://data.allie.dbcls.jp/sparql
