[32m[2025-10-28T07:18:58.848Z]  INFO: Requesting https://sparql.rhea-db.org/sparql { headers: { accept: 'application/n-quads,application/trig;q=0.95,application/ld+json;q=0.9,application/n-triples;q=0.8,text/turtle;q=0.6,application/rdf+xml;q=0.5,text/n3;q=0.35,application/xml;q=0.3,image/svg+xml;q=0.3,text/xml;q=0.3,text/html;q=0.2,application/xhtml+xml;q=0.18,application/json;q=0.135,text/shaclc;q=0.1,text/shaclc-ext;q=0.05', 'user-agent': 'Comunica/4.0 (linux; x64) ActorHttpFetch/4.4.1 Node.js/22' }, method: undefined, actor: 'urn:comunica:default:http/actors#fetch' }
[0m[32m[2025-10-28T07:18:58.849Z]  INFO: Requesting https://sparql.uniprot.org/sparql/ { headers: { accept: 'application/n-quads,application/trig;q=0.95,application/ld+json;q=0.9,application/n-triples;q=0.8,text/turtle;q=0.6,application/rdf+xml;q=0.5,text/n3;q=0.35,application/xml;q=0.3,image/svg+xml;q=0.3,text/xml;q=0.3,text/html;q=0.2,application/xhtml+xml;q=0.18,application/json;q=0.135,text/shaclc;q=0.1,text/shaclc-ext;q=0.05', 'user-agent': 'Comunica/4.0 (linux; x64) ActorHttpFetch/4.4.1 Node.js/22' }, method: undefined, actor: 'urn:comunica:default:http/actors#fetch' }
[0m[32m[2025-10-28T07:18:59.019Z]  INFO: Identified https://sparql.rhea-db.org/sparql as sparql source with service URL: https://sparql.rhea-db.org/sparql { actor: 'urn:comunica:default:query-source-identify-hypermedia/actors#sparql' }
[0m[90m[2025-10-28T07:18:59.022Z]  DEBUG: Delaying request { url: 'https://sparql.rhea-db.org/sparql?query=ASK%20WHERE%20%7B%20%3FecClass%20%3Chttp%3A%2F%2Fwww.w3.org%2F2004%2F02%2Fskos%2Fcore%23prefLabel%3E%20%3FecName.%20%7D', requestInterval: 35, currentDelay: 35, actor: 'urn:comunica:default:http/actors#limit-rate' }
[0m[90m[2025-10-28T07:18:59.022Z]  DEBUG: Delaying request { url: 'https://sparql.rhea-db.org/sparql?query=ASK%20WHERE%20%7B%20%3Frhea%20%3Chttp%3A%2F%2Frdf.rhea-db.org%2Fec%3E%20%3FecNumber.%20%7D', requestInterval: 35, currentDelay: 70, actor: 'urn:comunica:default:http/actors#limit-rate' }
[0m[90m[2025-10-28T07:18:59.023Z]  DEBUG: Delaying request { url: 'https://sparql.rhea-db.org/sparql?query=ASK%20WHERE%20%7B%20%3Frhea%20%3Chttp%3A%2F%2Fwww.w3.org%2F2000%2F01%2Frdf-schema%23subClassOf%3E%20%3Chttp%3A%2F%2Frdf.rhea-db.org%2FReaction%3E.%20%7D', requestInterval: 35, currentDelay: 104, actor: 'urn:comunica:default:http/actors#limit-rate' }
[0m[32m[2025-10-28T07:18:59.023Z]  INFO: Requesting https://sparql.rhea-db.org/sparql?query=ASK%20WHERE%20%7B%20%3FecNumber%20%3Chttp%3A%2F%2Fwww.w3.org%2F2000%2F01%2Frdf-schema%23subClassOf%3E%20%3FecClass.%20%7D { headers: { accept: 'application/sparql-results+json;q=1.0,application/sparql-results+xml;q=0.7', 'user-agent': 'Comunica/4.0 (linux; x64) ActorHttpFetch/4.4.1 Node.js/22' }, method: 'GET', actor: 'urn:comunica:default:http/actors#fetch' }
[0m[32m[2025-10-28T07:18:59.058Z]  INFO: Requesting https://sparql.rhea-db.org/sparql?query=ASK%20WHERE%20%7B%20%3FecClass%20%3Chttp%3A%2F%2Fwww.w3.org%2F2004%2F02%2Fskos%2Fcore%23prefLabel%3E%20%3FecName.%20%7D { headers: { accept: 'application/sparql-results+json;q=1.0,application/sparql-results+xml;q=0.7', 'user-agent': 'Comunica/4.0 (linux; x64) ActorHttpFetch/4.4.1 Node.js/22' }, method: 'GET', actor: 'urn:comunica:default:http/actors#fetch' }
[0m[32m[2025-10-28T07:18:59.067Z]  INFO: Identified https://sparql.uniprot.org/sparql/ as sparql source with service URL: https://sparql.uniprot.org/sparql/ { actor: 'urn:comunica:default:query-source-identify-hypermedia/actors#sparql' }
[0m[90m[2025-10-28T07:18:59.068Z]  DEBUG: Delaying request { url: 'https://sparql.uniprot.org/sparql/?query=ASK%20WHERE%20%7B%20%3FecClass%20%3Chttp%3A%2F%2Fwww.w3.org%2F2004%2F02%2Fskos%2Fcore%23prefLabel%3E%20%3FecName.%20%7D', requestInterval: 37, currentDelay: 37, actor: 'urn:comunica:default:http/actors#limit-rate' }
[0m[90m[2025-10-28T07:18:59.068Z]  DEBUG: Delaying request { url: 'https://sparql.uniprot.org/sparql/?query=ASK%20WHERE%20%7B%20%3Frhea%20%3Chttp%3A%2F%2Frdf.rhea-db.org%2Fec%3E%20%3FecNumber.%20%7D', requestInterval: 37, currentDelay: 74, actor: 'urn:comunica:default:http/actors#limit-rate' }
[0m[90m[2025-10-28T07:18:59.068Z]  DEBUG: Delaying request { url: 'https://sparql.uniprot.org/sparql/?query=ASK%20WHERE%20%7B%20%3Frhea%20%3Chttp%3A%2F%2Fwww.w3.org%2F2000%2F01%2Frdf-schema%23subClassOf%3E%20%3Chttp%3A%2F%2Frdf.rhea-db.org%2FReaction%3E.%20%7D', requestInterval: 37, currentDelay: 111, actor: 'urn:comunica:default:http/actors#limit-rate' }
[0m[32m[2025-10-28T07:18:59.068Z]  INFO: Requesting https://sparql.uniprot.org/sparql/?query=ASK%20WHERE%20%7B%20%3FecNumber%20%3Chttp%3A%2F%2Fwww.w3.org%2F2000%2F01%2Frdf-schema%23subClassOf%3E%20%3FecClass.%20%7D { headers: { accept: 'application/sparql-results+json;q=1.0,application/sparql-results+xml;q=0.7', 'user-agent': 'Comunica/4.0 (linux; x64) ActorHttpFetch/4.4.1 Node.js/22' }, method: 'GET', actor: 'urn:comunica:default:http/actors#fetch' }
[0m[32m[2025-10-28T07:18:59.093Z]  INFO: Requesting https://sparql.rhea-db.org/sparql?query=ASK%20WHERE%20%7B%20%3Frhea%20%3Chttp%3A%2F%2Frdf.rhea-db.org%2Fec%3E%20%3FecNumber.%20%7D { headers: { accept: 'application/sparql-results+json;q=1.0,application/sparql-results+xml;q=0.7', 'user-agent': 'Comunica/4.0 (linux; x64) ActorHttpFetch/4.4.1 Node.js/22' }, method: 'GET', actor: 'urn:comunica:default:http/actors#fetch' }
[0m[32m[2025-10-28T07:18:59.105Z]  INFO: Requesting https://sparql.uniprot.org/sparql/?query=ASK%20WHERE%20%7B%20%3FecClass%20%3Chttp%3A%2F%2Fwww.w3.org%2F2004%2F02%2Fskos%2Fcore%23prefLabel%3E%20%3FecName.%20%7D { headers: { accept: 'application/sparql-results+json;q=1.0,application/sparql-results+xml;q=0.7', 'user-agent': 'Comunica/4.0 (linux; x64) ActorHttpFetch/4.4.1 Node.js/22' }, method: 'GET', actor: 'urn:comunica:default:http/actors#fetch' }
[0m[32m[2025-10-28T07:18:59.126Z]  INFO: Requesting https://sparql.rhea-db.org/sparql?query=ASK%20WHERE%20%7B%20%3Frhea%20%3Chttp%3A%2F%2Fwww.w3.org%2F2000%2F01%2Frdf-schema%23subClassOf%3E%20%3Chttp%3A%2F%2Frdf.rhea-db.org%2FReaction%3E.%20%7D { headers: { accept: 'application/sparql-results+json;q=1.0,application/sparql-results+xml;q=0.7', 'user-agent': 'Comunica/4.0 (linux; x64) ActorHttpFetch/4.4.1 Node.js/22' }, method: 'GET', actor: 'urn:comunica:default:http/actors#fetch' }
[0m[32m[2025-10-28T07:18:59.142Z]  INFO: Requesting https://sparql.uniprot.org/sparql/?query=ASK%20WHERE%20%7B%20%3Frhea%20%3Chttp%3A%2F%2Frdf.rhea-db.org%2Fec%3E%20%3FecNumber.%20%7D { headers: { accept: 'application/sparql-results+json;q=1.0,application/sparql-results+xml;q=0.7', 'user-agent': 'Comunica/4.0 (linux; x64) ActorHttpFetch/4.4.1 Node.js/22' }, method: 'GET', actor: 'urn:comunica:default:http/actors#fetch' }
[0m[32m[2025-10-28T07:18:59.180Z]  INFO: Requesting https://sparql.uniprot.org/sparql/?query=ASK%20WHERE%20%7B%20%3Frhea%20%3Chttp%3A%2F%2Fwww.w3.org%2F2000%2F01%2Frdf-schema%23subClassOf%3E%20%3Chttp%3A%2F%2Frdf.rhea-db.org%2FReaction%3E.%20%7D { headers: { accept: 'application/sparql-results+json;q=1.0,application/sparql-results+xml;q=0.7', 'user-agent': 'Comunica/4.0 (linux; x64) ActorHttpFetch/4.4.1 Node.js/22' }, method: 'GET', actor: 'urn:comunica:default:http/actors#fetch' }
[0m[90m[2025-10-28T07:19:02.868Z]  DEBUG: Pruning 1 source-specific operations { actor: 'urn:comunica:default:optimize-query-operation/actors#prune-empty-source-operations' }
[0m[90m[2025-10-28T07:19:02.870Z]  DEBUG: Hoist 1 source-specific operations into a single join operation for QuerySourceHypermedia(https://sparql.uniprot.org/sparql/)(SkolemID:1) { actor: 'urn:comunica:default:optimize-query-operation/actors#group-sources' }
[0m[90m[2025-10-28T07:19:02.881Z]  DEBUG: Determined physical join operator 'inner-bind' { entries: 4, variables: [ [ 'ecClass' ], [ 'ecNumber', 'ecClass' ], [ 'rhea', 'ecNumber' ], [ 'rhea' ] ], costs: { 'inner-bind': 2312053837.737173, 'inner-multi-smallest': 7.202917352064712e+35 }, coefficients: { 'inner-bind': { iterations: 231200280.7737173, persistedItems: 0, blockingItems: 0, requestTime: 5103 }, 'inner-multi-smallest': { iterations: 7.202917352064712e+34, persistedItems: 0, blockingItems: 0, requestTime: 729 } } }
[0m[90m[2025-10-28T07:19:02.881Z]  DEBUG: First entry for Bind Join:  { entry: { type: 'values', variables: [ Variable { termType: 'Variable', value: 'ecClass' } ], bindings: [ { '?ecClass': NamedNode { termType: 'NamedNode', value: 'http://purl.uniprot.org/enzyme/1.-.-.-' } }, { '?ecClass': NamedNode { termType: 'NamedNode', value: 'http://purl.uniprot.org/enzyme/2.-.-.-' } }, { '?ecClass': NamedNode { termType: 'NamedNode', value: 'http://purl.uniprot.org/enzyme/3.-.-.-' } }, { '?ecClass': NamedNode { termType: 'NamedNode', value: 'http://purl.uniprot.org/enzyme/4.-.-.-' } }, { '?ecClass': NamedNode { termType: 'NamedNode', value: 'http://purl.uniprot.org/enzyme/5.-.-.-' } }, { '?ecClass': NamedNode { termType: 'NamedNode', value: 'http://purl.uniprot.org/enzyme/6.-.-.-' } }, { '?ecClass': NamedNode { termType: 'NamedNode', value: 'http://purl.uniprot.org/enzyme/7.-.-.-' } } ] }, cardinality: { type: 'exact', value: 7 }, order: undefined, availableOrders: undefined, actor: 'urn:comunica:default:rdf-join/actors#inner-multi-bind' }
[0m[90m[2025-10-28T07:19:02.885Z]  DEBUG: Determined physical join operator 'inner-hash-def' { entries: 2, variables: [ [ 'ecClass', 'rhea', 'ecNumber' ], [ 'ecClass', 'ecName' ] ], costs: { 'inner-bind': 1.394509454218889e+41, 'inner-hash-def': 6.190935523439355e+34, 'inner-hash-undef': 7.7386694042991935e+34, 'inner-symmetric-hash': 8.512536344729114e+34, 'inner-nested-loop': 1.683200852759444e+46 }, coefficients: { 'inner-bind': { iterations: 1.394509454218889e+40, persistedItems: 0, blockingItems: 0, requestTime: 125 }, 'inner-hash-def': { iterations: 6.190935523439355e+33, persistedItems: 217505202099, blockingItems: 217505202099, requestTime: 125 }, 'inner-hash-undef': { iterations: 7.738669404299193e+33, persistedItems: 217505202099, blockingItems: 217505202099, requestTime: 125 }, 'inner-symmetric-hash': { iterations: 7.738669404299193e+33, persistedItems: 7.738669404299193e+33, blockingItems: 0, requestTime: 125 }, 'inner-nested-loop': { iterations: 1.683200852759444e+45, persistedItems: 0, blockingItems: 0, requestTime: 125 } } }
[0m[32m[2025-10-28T07:19:02.889Z]  INFO: Requesting https://sparql.uniprot.org/sparql/?query=SELECT%20%3FecClass%20%3FecName%20WHERE%20%7B%20%3FecClass%20%3Chttp%3A%2F%2Fwww.w3.org%2F2004%2F02%2Fskos%2Fcore%23prefLabel%3E%20%3FecName.%20%7D { headers: { accept: 'application/sparql-results+json;q=1.0,application/sparql-results+xml;q=0.7', 'user-agent': 'Comunica/4.0 (linux; x64) ActorHttpFetch/4.4.1 Node.js/22' }, method: 'GET', actor: 'urn:comunica:default:http/actors#fetch' }
[0m
<--- Last few GCs --->

[265631:0x71ce000]    61979 ms: Scavenge (interleaved) 3977.4 (4125.7) -> 3972.7 (4142.7) MB, pooled: 0 MB, 9.72 / 0.00 ms  (average mu = 0.792, current mu = 0.610) task; 
[265631:0x71ce000]    62911 ms: Mark-Compact 3985.4 (4143.2) -> 3972.0 (4144.2) MB, pooled: 0 MB, 904.99 / 0.00 ms  (average mu = 0.658, current mu = 0.248) task; scavenge might not succeed


<--- JS stacktrace --->

FATAL ERROR: Reached heap limit Allocation failed - JavaScript heap out of memory
----- Native stack trace -----

 1: 0xe16044 node::OOMErrorHandler(char const*, v8::OOMDetails const&) [node]
 2: 0x11e0dd0 v8::Utils::ReportOOMFailure(v8::internal::Isolate*, char const*, v8::OOMDetails const&) [node]
 3: 0x11e10a7 v8::internal::V8::FatalProcessOutOfMemory(v8::internal::Isolate*, char const*, v8::OOMDetails const&) [node]
 4: 0x140e985  [node]
 5: 0x1428219 v8::internal::Heap::CollectGarbage(v8::internal::AllocationSpace, v8::internal::GarbageCollectionReason, v8::GCCallbackFlags) [node]
 6: 0x147094d v8::internal::MinorGCJob::Task::RunInternal() [node]
 7: 0xffaec9  [node]
 8: 0xffe858 node::PerIsolatePlatformData::FlushForegroundTasksInternal() [node]
 9: 0x1ccde13  [node]
10: 0x1ce4ab4  [node]
11: 0x1cceb77 uv_run [node]
12: 0xe60806 node::SpinEventLoopInternal(node::Environment*) [node]
13: 0xfc42f1 node::NodeMainInstance::Run() [node]
14: 0xf1e9ab node::Start(int, char**) [node]
15: 0x7617f0a2a1ca  [/lib/x86_64-linux-gnu/libc.so.6]
16: 0x7617f0a2a28b __libc_start_main [/lib/x86_64-linux-gnu/libc.so.6]
17: 0xe5dbae _start [node]
Aborted
