[32m[2025-10-28T08:41:20.704Z]  INFO: Requesting https://sparql.rhea-db.org/sparql { headers: { accept: 'application/n-quads,application/trig;q=0.95,application/ld+json;q=0.9,application/n-triples;q=0.8,text/turtle;q=0.6,application/rdf+xml;q=0.5,text/n3;q=0.35,application/xml;q=0.3,image/svg+xml;q=0.3,text/xml;q=0.3,text/html;q=0.2,application/xhtml+xml;q=0.18,application/json;q=0.135,text/shaclc;q=0.1,text/shaclc-ext;q=0.05', 'user-agent': 'Comunica/4.0 (linux; x64) ActorHttpFetch/4.4.1 Node.js/22' }, method: undefined, actor: 'urn:comunica:default:http/actors#fetch' }
[0m[32m[2025-10-28T08:41:20.705Z]  INFO: Requesting https://data.allie.dbcls.jp/sparql { headers: { accept: 'application/n-quads,application/trig;q=0.95,application/ld+json;q=0.9,application/n-triples;q=0.8,text/turtle;q=0.6,application/rdf+xml;q=0.5,text/n3;q=0.35,application/xml;q=0.3,image/svg+xml;q=0.3,text/xml;q=0.3,text/html;q=0.2,application/xhtml+xml;q=0.18,application/json;q=0.135,text/shaclc;q=0.1,text/shaclc-ext;q=0.05', 'user-agent': 'Comunica/4.0 (linux; x64) ActorHttpFetch/4.4.1 Node.js/22' }, method: undefined, actor: 'urn:comunica:default:http/actors#fetch' }
[0m[32m[2025-10-28T08:41:20.859Z]  INFO: Identified https://sparql.rhea-db.org/sparql as sparql source with service URL: https://sparql.rhea-db.org/sparql { actor: 'urn:comunica:default:query-source-identify-hypermedia/actors#sparql' }
[0m[90m[2025-10-28T08:41:20.862Z]  DEBUG: Delaying request { url: 'https://sparql.rhea-db.org/sparql?query=ASK%20WHERE%20%7B%20%3Fx%20%3Chttp%3A%2F%2Fwww.w3.org%2F2000%2F01%2Frdf-schema%23label%3E%20%3FenglishLabel.%20%7D', requestInterval: 31, currentDelay: 31, actor: 'urn:comunica:default:http/actors#limit-rate' }
[0m[90m[2025-10-28T08:41:20.862Z]  DEBUG: Delaying request { url: 'https://sparql.rhea-db.org/sparql?query=ASK%20WHERE%20%7B%20%3Fs%20%3Chttp%3A%2F%2Fwww.w3.org%2F2000%2F01%2Frdf-schema%23label%3E%20%3Fo.%20%7D', requestInterval: 31, currentDelay: 62, actor: 'urn:comunica:default:http/actors#limit-rate' }
[0m[90m[2025-10-28T08:41:20.862Z]  DEBUG: Delaying request { url: 'https://sparql.rhea-db.org/sparql?query=ASK%20WHERE%20%7B%20%3Fs%20%3Chttp%3A%2F%2Fwww.geneontology.org%2Fformats%2FoboInOwl%23hasSynonym%3E%20%3Fo.%20%7D', requestInterval: 31, currentDelay: 93, actor: 'urn:comunica:default:http/actors#limit-rate' }
[0m[32m[2025-10-28T08:41:20.862Z]  INFO: Requesting https://sparql.rhea-db.org/sparql?query=ASK%20WHERE%20%7B%20%3Fx%20%3Chttp%3A%2F%2Fwww.w3.org%2F2000%2F01%2Frdf-schema%23label%3E%20%221%2C2%2C4-%E3%83%88%E3%83%AA%E3%82%AF%E3%83%AD%E3%83%AD%E3%83%99%E3%83%B3%E3%82%BC%E3%83%B3%22%40ja.%20%7D { headers: { accept: 'application/sparql-results+json;q=1.0,application/sparql-results+xml;q=0.7', 'user-agent': 'Comunica/4.0 (linux; x64) ActorHttpFetch/4.4.1 Node.js/22' }, method: 'GET', actor: 'urn:comunica:default:http/actors#fetch' }
[0m[32m[2025-10-28T08:41:20.893Z]  INFO: Requesting https://sparql.rhea-db.org/sparql?query=ASK%20WHERE%20%7B%20%3Fx%20%3Chttp%3A%2F%2Fwww.w3.org%2F2000%2F01%2Frdf-schema%23label%3E%20%3FenglishLabel.%20%7D { headers: { accept: 'application/sparql-results+json;q=1.0,application/sparql-results+xml;q=0.7', 'user-agent': 'Comunica/4.0 (linux; x64) ActorHttpFetch/4.4.1 Node.js/22' }, method: 'GET', actor: 'urn:comunica:default:http/actors#fetch' }
[0m[32m[2025-10-28T08:41:20.926Z]  INFO: Requesting https://sparql.rhea-db.org/sparql?query=ASK%20WHERE%20%7B%20%3Fs%20%3Chttp%3A%2F%2Fwww.w3.org%2F2000%2F01%2Frdf-schema%23label%3E%20%3Fo.%20%7D { headers: { accept: 'application/sparql-results+json;q=1.0,application/sparql-results+xml;q=0.7', 'user-agent': 'Comunica/4.0 (linux; x64) ActorHttpFetch/4.4.1 Node.js/22' }, method: 'GET', actor: 'urn:comunica:default:http/actors#fetch' }
[0m[32m[2025-10-28T08:41:20.957Z]  INFO: Requesting https://sparql.rhea-db.org/sparql?query=ASK%20WHERE%20%7B%20%3Fs%20%3Chttp%3A%2F%2Fwww.geneontology.org%2Fformats%2FoboInOwl%23hasSynonym%3E%20%3Fo.%20%7D { headers: { accept: 'application/sparql-results+json;q=1.0,application/sparql-results+xml;q=0.7', 'user-agent': 'Comunica/4.0 (linux; x64) ActorHttpFetch/4.4.1 Node.js/22' }, method: 'GET', actor: 'urn:comunica:default:http/actors#fetch' }
[0m[32m[2025-10-28T08:41:22.245Z]  INFO: Identified https://data.allie.dbcls.jp/sparql as sparql source with service URL: https://data.allie.dbcls.jp/sparql { actor: 'urn:comunica:default:query-source-identify-hypermedia/actors#sparql' }
[0m[90m[2025-10-28T08:41:22.246Z]  DEBUG: Delaying request { url: 'https://data.allie.dbcls.jp/sparql?query=ASK%20WHERE%20%7B%20%3Fx%20%3Chttp%3A%2F%2Fwww.w3.org%2F2000%2F01%2Frdf-schema%23label%3E%20%3FenglishLabel.%20%7D', requestInterval: 458, currentDelay: 458, actor: 'urn:comunica:default:http/actors#limit-rate' }
[0m[90m[2025-10-28T08:41:22.246Z]  DEBUG: Delaying request { url: 'https://data.allie.dbcls.jp/sparql?query=ASK%20WHERE%20%7B%20%3Fs%20%3Chttp%3A%2F%2Fwww.w3.org%2F2000%2F01%2Frdf-schema%23label%3E%20%3Fo.%20%7D', requestInterval: 458, currentDelay: 916, actor: 'urn:comunica:default:http/actors#limit-rate' }
[0m[90m[2025-10-28T08:41:22.246Z]  DEBUG: Delaying request { url: 'https://data.allie.dbcls.jp/sparql?query=ASK%20WHERE%20%7B%20%3Fs%20%3Chttp%3A%2F%2Fwww.geneontology.org%2Fformats%2FoboInOwl%23hasSynonym%3E%20%3Fo.%20%7D', requestInterval: 458, currentDelay: 1374, actor: 'urn:comunica:default:http/actors#limit-rate' }
[0m[32m[2025-10-28T08:41:22.246Z]  INFO: Requesting https://data.allie.dbcls.jp/sparql?query=ASK%20WHERE%20%7B%20%3Fx%20%3Chttp%3A%2F%2Fwww.w3.org%2F2000%2F01%2Frdf-schema%23label%3E%20%221%2C2%2C4-%E3%83%88%E3%83%AA%E3%82%AF%E3%83%AD%E3%83%AD%E3%83%99%E3%83%B3%E3%82%BC%E3%83%B3%22%40ja.%20%7D { headers: { accept: 'application/sparql-results+json;q=1.0,application/sparql-results+xml;q=0.7', 'user-agent': 'Comunica/4.0 (linux; x64) ActorHttpFetch/4.4.1 Node.js/22' }, method: 'GET', actor: 'urn:comunica:default:http/actors#fetch' }
[0m[32m[2025-10-28T08:41:22.705Z]  INFO: Requesting https://data.allie.dbcls.jp/sparql?query=ASK%20WHERE%20%7B%20%3Fx%20%3Chttp%3A%2F%2Fwww.w3.org%2F2000%2F01%2Frdf-schema%23label%3E%20%3FenglishLabel.%20%7D { headers: { accept: 'application/sparql-results+json;q=1.0,application/sparql-results+xml;q=0.7', 'user-agent': 'Comunica/4.0 (linux; x64) ActorHttpFetch/4.4.1 Node.js/22' }, method: 'GET', actor: 'urn:comunica:default:http/actors#fetch' }
[0m[32m[2025-10-28T08:41:23.163Z]  INFO: Requesting https://data.allie.dbcls.jp/sparql?query=ASK%20WHERE%20%7B%20%3Fs%20%3Chttp%3A%2F%2Fwww.w3.org%2F2000%2F01%2Frdf-schema%23label%3E%20%3Fo.%20%7D { headers: { accept: 'application/sparql-results+json;q=1.0,application/sparql-results+xml;q=0.7', 'user-agent': 'Comunica/4.0 (linux; x64) ActorHttpFetch/4.4.1 Node.js/22' }, method: 'GET', actor: 'urn:comunica:default:http/actors#fetch' }
[0m[32m[2025-10-28T08:41:23.620Z]  INFO: Requesting https://data.allie.dbcls.jp/sparql?query=ASK%20WHERE%20%7B%20%3Fs%20%3Chttp%3A%2F%2Fwww.geneontology.org%2Fformats%2FoboInOwl%23hasSynonym%3E%20%3Fo.%20%7D { headers: { accept: 'application/sparql-results+json;q=1.0,application/sparql-results+xml;q=0.7', 'user-agent': 'Comunica/4.0 (linux; x64) ActorHttpFetch/4.4.1 Node.js/22' }, method: 'GET', actor: 'urn:comunica:default:http/actors#fetch' }
[0m[90m[2025-10-28T08:41:23.861Z]  DEBUG: Pruning 2 source-specific operations { actor: 'urn:comunica:default:optimize-query-operation/actors#prune-empty-source-operations' }
[0m[90m[2025-10-28T08:41:23.864Z]  DEBUG: Push down filter across union entries with 2 fully overlapping, 0 partially overlapping, and 0 not overlapping { actor: 'urn:comunica:default:optimize-query-operation/actors#filter-pushdown' }
[0m[90m[2025-10-28T08:41:23.864Z]  DEBUG: Push down filter across join entries with 1 fully overlapping, 0 partially overlapping, and 1 not overlapping { actor: 'urn:comunica:default:optimize-query-operation/actors#filter-pushdown' }
[0m[90m[2025-10-28T08:41:23.864Z]  DEBUG: Pushed down filters in 2 iterations { actor: 'urn:comunica:default:optimize-query-operation/actors#filter-pushdown' }
[0m[90m[2025-10-28T08:41:23.865Z]  DEBUG: Hoist 1 source-specific operations into a single filter operation for QuerySourceHypermedia(https://sparql.rhea-db.org/sparql)(SkolemID:0) { actor: 'urn:comunica:default:optimize-query-operation/actors#group-sources' }
[0m[90m[2025-10-28T08:41:23.865Z]  DEBUG: Hoist 1 source-specific operations into a single filter operation for QuerySourceHypermedia(https://data.allie.dbcls.jp/sparql)(SkolemID:1) { actor: 'urn:comunica:default:optimize-query-operation/actors#group-sources' }
[0m[90m[2025-10-28T08:41:23.873Z]  DEBUG: Delaying request { url: 'https://data.allie.dbcls.jp/sparql?query=SELECT%20(COUNT(*)%20AS%20%3Fcount)%20WHERE%20%7B%20%3Fs%20%3Chttp%3A%2F%2Fwww.w3.org%2F2000%2F01%2Frdf-schema%23label%3E%20%221%2C2%2C4-%E3%83%88%E3%83%AA%E3%82%AF%E3%83%AD%E3%83%AD%E3%83%99%E3%83%B3%E3%82%BC%E3%83%B3%22%40ja.%20%7D', requestInterval: 292, currentDelay: 39, actor: 'urn:comunica:default:http/actors#limit-rate' }
[0m[90m[2025-10-28T08:41:23.873Z]  DEBUG: Delaying request { url: 'https://data.allie.dbcls.jp/sparql?query=SELECT%20(COUNT(*)%20AS%20%3Fcount)%20WHERE%20%7B%20%3Fs%20%3Chttp%3A%2F%2Fwww.w3.org%2F2000%2F01%2Frdf-schema%23label%3E%20%3Fo.%20%7D', requestInterval: 292, currentDelay: 331, actor: 'urn:comunica:default:http/actors#limit-rate' }
[0m[90m[2025-10-28T08:41:23.873Z]  DEBUG: Delaying request { url: 'https://data.allie.dbcls.jp/sparql?query=SELECT%20(COUNT(*)%20AS%20%3Fcount)%20WHERE%20%7B%0A%20%20%3Fx%20%3Chttp%3A%2F%2Fwww.w3.org%2F2000%2F01%2Frdf-schema%23label%3E%20%3FenglishLabel.%0A%20%20FILTER((LANG(%3FenglishLabel))%20%3D%20%22en%22)%0A%7D', requestInterval: 292, currentDelay: 623, actor: 'urn:comunica:default:http/actors#limit-rate' }
[0m[32m[2025-10-28T08:41:23.912Z]  INFO: Requesting https://data.allie.dbcls.jp/sparql?query=SELECT%20(COUNT(*)%20AS%20%3Fcount)%20WHERE%20%7B%20%3Fs%20%3Chttp%3A%2F%2Fwww.w3.org%2F2000%2F01%2Frdf-schema%23label%3E%20%221%2C2%2C4-%E3%83%88%E3%83%AA%E3%82%AF%E3%83%AD%E3%83%AD%E3%83%99%E3%83%B3%E3%82%BC%E3%83%B3%22%40ja.%20%7D { headers: { accept: 'application/sparql-results+json;q=1.0,application/sparql-results+xml;q=0.7', 'user-agent': 'Comunica/4.0 (linux; x64) ActorHttpFetch/4.4.1 Node.js/22' }, method: 'GET', actor: 'urn:comunica:default:http/actors#fetch' }
[0m[32m[2025-10-28T08:41:24.209Z]  INFO: Requesting https://data.allie.dbcls.jp/sparql?query=SELECT%20(COUNT(*)%20AS%20%3Fcount)%20WHERE%20%7B%20%3Fs%20%3Chttp%3A%2F%2Fwww.w3.org%2F2000%2F01%2Frdf-schema%23label%3E%20%3Fo.%20%7D { headers: { accept: 'application/sparql-results+json;q=1.0,application/sparql-results+xml;q=0.7', 'user-agent': 'Comunica/4.0 (linux; x64) ActorHttpFetch/4.4.1 Node.js/22' }, method: 'GET', actor: 'urn:comunica:default:http/actors#fetch' }
[0m[32m[2025-10-28T08:41:24.498Z]  INFO: Requesting https://data.allie.dbcls.jp/sparql?query=SELECT%20(COUNT(*)%20AS%20%3Fcount)%20WHERE%20%7B%0A%20%20%3Fx%20%3Chttp%3A%2F%2Fwww.w3.org%2F2000%2F01%2Frdf-schema%23label%3E%20%3FenglishLabel.%0A%20%20FILTER((LANG(%3FenglishLabel))%20%3D%20%22en%22)%0A%7D { headers: { accept: 'application/sparql-results+json;q=1.0,application/sparql-results+xml;q=0.7', 'user-agent': 'Comunica/4.0 (linux; x64) ActorHttpFetch/4.4.1 Node.js/22' }, method: 'GET', actor: 'urn:comunica:default:http/actors#fetch' }
[0m[90m[2025-10-28T08:41:26.881Z]  DEBUG: Determined physical join operator 'inner-bind-source' { entries: 2, variables: [ [ 'x', 'englishLabel' ], [ 'x' ] ], costs: { 'inner-bind-source': NaN, 'inner-bind': Infinity, 'inner-hash-def': NaN, 'inner-hash-undef': NaN, 'inner-symmetric-hash': NaN, 'inner-nested-loop': NaN }, coefficients: { 'inner-bind-source': { iterations: 1, persistedItems: Infinity, blockingItems: Infinity, requestTime: NaN }, 'inner-bind': { iterations: Infinity, persistedItems: 0, blockingItems: 0, requestTime: Infinity }, 'inner-hash-def': { iterations: Infinity, persistedItems: 3, blockingItems: 3, requestTime: NaN }, 'inner-hash-undef': { iterations: Infinity, persistedItems: 3, blockingItems: 3, requestTime: NaN }, 'inner-symmetric-hash': { iterations: Infinity, persistedItems: Infinity, blockingItems: 0, requestTime: NaN }, 'inner-nested-loop': { iterations: Infinity, persistedItems: 0, blockingItems: 0, requestTime: NaN } } }
[0m[90m[2025-10-28T08:41:26.882Z]  DEBUG: First entry for Bind Join Source:  { entry: { type: 'union', input: [ { type: 'filter', input: Quad { termType: 'Quad', value: '', subject: [Object], predicate: [Object], object: [Object], graph: [Object], type: 'pattern' }, expression: { type: 'expression', expressionType: 'operator', operator: '=', args: [Array] }, metadata: { scopedSource: [Object] } }, { type: 'filter', input: Quad { termType: 'Quad', value: '', subject: [Object], predicate: [Object], object: [Object], graph: [Object], type: 'pattern' }, expression: { type: 'expression', expressionType: 'operator', operator: '=', args: [Array] }, metadata: { scopedSource: [Object] } } ] }, cardinality: { type: 'estimate', value: Infinity }, order: undefined, availableOrders: undefined, actor: 'urn:comunica:default:rdf-join/actors#inner-multi-bind-source' }
[0m[32m[2025-10-28T08:41:26.887Z]  INFO: Requesting https://sparql.rhea-db.org/sparql?query=SELECT%20%3Fx%20%3FenglishLabel%20WHERE%20%7B%0A%20%20%3Fx%20%3Chttp%3A%2F%2Fwww.w3.org%2F2000%2F01%2Frdf-schema%23label%3E%20%3FenglishLabel.%0A%20%20FILTER((LANG(%3FenglishLabel))%20%3D%20%22en%22)%0A%7D { headers: { accept: 'application/sparql-results+json;q=1.0,application/sparql-results+xml;q=0.7', 'user-agent': 'Comunica/4.0 (linux; x64) ActorHttpFetch/4.4.1 Node.js/22' }, method: 'GET', actor: 'urn:comunica:default:http/actors#fetch' }
[0m[32m[2025-10-28T08:41:26.887Z]  INFO: Requesting https://data.allie.dbcls.jp/sparql?query=SELECT%20%3Fx%20%3FenglishLabel%20WHERE%20%7B%0A%20%20%3Fx%20%3Chttp%3A%2F%2Fwww.w3.org%2F2000%2F01%2Frdf-schema%23label%3E%20%3FenglishLabel.%0A%20%20FILTER((LANG(%3FenglishLabel))%20%3D%20%22en%22)%0A%7D { headers: { accept: 'application/sparql-results+json;q=1.0,application/sparql-results+xml;q=0.7', 'user-agent': 'Comunica/4.0 (linux; x64) ActorHttpFetch/4.4.1 Node.js/22' }, method: 'GET', actor: 'urn:comunica:default:http/actors#fetch' }
[0m[90m[2025-10-28T08:41:26.891Z]  DEBUG: Determined physical join operator 'inner-bind' { entries: 2, variables: [ [ 'x', 'englishLabel', 'englishLabelStr' ], [ 'chebi', 'englishLabelStr' ] ], costs: { 'inner-bind': Infinity, 'inner-hash-def': NaN, 'inner-hash-undef': NaN, 'inner-symmetric-hash': NaN, 'inner-nested-loop': NaN }, coefficients: { 'inner-bind': { iterations: Infinity, persistedItems: 0, blockingItems: 0, requestTime: Infinity }, 'inner-hash-def': { iterations: Infinity, persistedItems: 7390032, blockingItems: 7390032, requestTime: NaN }, 'inner-hash-undef': { iterations: Infinity, persistedItems: 7390032, blockingItems: 7390032, requestTime: NaN }, 'inner-symmetric-hash': { iterations: Infinity, persistedItems: Infinity, blockingItems: 0, requestTime: NaN }, 'inner-nested-loop': { iterations: Infinity, persistedItems: 0, blockingItems: 0, requestTime: NaN } } }
[0m[90m[2025-10-28T08:41:26.892Z]  DEBUG: First entry for Bind Join:  { entry: { type: 'extend', input: { type: 'join', input: [ { type: 'union', input: [Array] }, Quad { termType: 'Quad', value: '', subject: [Object], predicate: [Object], object: [Object], graph: [Object], type: 'pattern', metadata: [Object] } ] }, variable: Variable { termType: 'Variable', value: 'englishLabelStr' }, expression: { type: 'expression', expressionType: 'operator', operator: 'str', args: [ { type: 'expression', expressionType: 'term', term: [Object] } ] } }, cardinality: { type: 'estimate', value: Infinity }, order: undefined, availableOrders: undefined, actor: 'urn:comunica:default:rdf-join/actors#inner-multi-bind' }
[0m[32m[2025-10-28T08:42:11.404Z]  INFO: Requesting https://data.allie.dbcls.jp/sparql { headers: { accept: 'application/sparql-results+json;q=1.0,application/sparql-results+xml;q=0.7', 'content-length': '2279', 'content-type': 'application/x-www-form-urlencoded', 'user-agent': 'Comunica/4.0 (linux; x64) ActorHttpFetch/4.4.1 Node.js/22' }, method: 'POST', actor: 'urn:comunica:default:http/actors#fetch' }
[0m[90m[2025-10-28T08:42:11.411Z]  DEBUG: Delaying request { url: 'https://data.allie.dbcls.jp/sparql', requestInterval: 15694, currentDelay: 15687, actor: 'urn:comunica:default:http/actors#limit-rate' }
[0m[90m[2025-10-28T08:42:11.412Z]  DEBUG: Delaying request { url: 'https://data.allie.dbcls.jp/sparql', requestInterval: 15694, currentDelay: 31380, actor: 'urn:comunica:default:http/actors#limit-rate' }
[0m[90m[2025-10-28T08:42:11.634Z]  DEBUG: Delaying request { url: 'https://data.allie.dbcls.jp/sparql', requestInterval: 15694, currentDelay: 46852, actor: 'urn:comunica:default:http/actors#limit-rate' }
[0m[90m[2025-10-28T08:42:11.636Z]  DEBUG: Delaying request { url: 'https://data.allie.dbcls.jp/sparql', requestInterval: 15694, currentDelay: 62544, actor: 'urn:comunica:default:http/actors#limit-rate' }
[0m[90m[2025-10-28T08:42:11.638Z]  DEBUG: Delaying request { url: 'https://data.allie.dbcls.jp/sparql', requestInterval: 15694, currentDelay: 78236, actor: 'urn:comunica:default:http/actors#limit-rate' }
[0m[90m[2025-10-28T08:42:11.640Z]  DEBUG: Delaying request { url: 'https://data.allie.dbcls.jp/sparql', requestInterval: 15694, currentDelay: 93928, actor: 'urn:comunica:default:http/actors#limit-rate' }
[0m[90m[2025-10-28T08:42:11.642Z]  DEBUG: Delaying request { url: 'https://data.allie.dbcls.jp/sparql', requestInterval: 15694, currentDelay: 109620, actor: 'urn:comunica:default:http/actors#limit-rate' }
[0m[90m[2025-10-28T08:42:11.643Z]  DEBUG: Delaying request { url: 'https://data.allie.dbcls.jp/sparql', requestInterval: 15694, currentDelay: 125313, actor: 'urn:comunica:default:http/actors#limit-rate' }
[0m[90m[2025-10-28T08:42:11.646Z]  DEBUG: Delaying request { url: 'https://data.allie.dbcls.jp/sparql', requestInterval: 15694, currentDelay: 141004, actor: 'urn:comunica:default:http/actors#limit-rate' }
[0m[90m[2025-10-28T08:42:11.647Z]  DEBUG: Delaying request { url: 'https://data.allie.dbcls.jp/sparql', requestInterval: 15694, currentDelay: 156697, actor: 'urn:comunica:default:http/actors#limit-rate' }
[0m[90m[2025-10-28T08:42:11.649Z]  DEBUG: Delaying request { url: 'https://data.allie.dbcls.jp/sparql', requestInterval: 15694, currentDelay: 172389, actor: 'urn:comunica:default:http/actors#limit-rate' }
[0m[90m[2025-10-28T08:42:11.650Z]  DEBUG: Delaying request { url: 'https://data.allie.dbcls.jp/sparql', requestInterval: 15694, currentDelay: 188082, actor: 'urn:comunica:default:http/actors#limit-rate' }
[0m[90m[2025-10-28T08:42:11.859Z]  DEBUG: Delaying request { url: 'https://data.allie.dbcls.jp/sparql', requestInterval: 15694, currentDelay: 203567, actor: 'urn:comunica:default:http/actors#limit-rate' }
[0m[90m[2025-10-28T08:42:11.862Z]  DEBUG: Delaying request { url: 'https://data.allie.dbcls.jp/sparql', requestInterval: 15694, currentDelay: 219258, actor: 'urn:comunica:default:http/actors#limit-rate' }
[0m[90m[2025-10-28T08:42:11.866Z]  DEBUG: Delaying request { url: 'https://data.allie.dbcls.jp/sparql', requestInterval: 15694, currentDelay: 234948, actor: 'urn:comunica:default:http/actors#limit-rate' }
[0m[90m[2025-10-28T08:42:11.869Z]  DEBUG: Delaying request { url: 'https://data.allie.dbcls.jp/sparql', requestInterval: 15694, currentDelay: 250639, actor: 'urn:comunica:default:http/actors#limit-rate' }
[0m[90m[2025-10-28T08:42:11.880Z]  DEBUG: Delaying request { url: 'https://data.allie.dbcls.jp/sparql', requestInterval: 15694, currentDelay: 266322, actor: 'urn:comunica:default:http/actors#limit-rate' }
[0m[90m[2025-10-28T08:42:11.882Z]  DEBUG: Delaying request { url: 'https://data.allie.dbcls.jp/sparql', requestInterval: 15694, currentDelay: 282014, actor: 'urn:comunica:default:http/actors#limit-rate' }
[0m[90m[2025-10-28T08:42:11.886Z]  DEBUG: Delaying request { url: 'https://data.allie.dbcls.jp/sparql', requestInterval: 15694, currentDelay: 297704, actor: 'urn:comunica:default:http/actors#limit-rate' }
[0m[90m[2025-10-28T08:42:11.890Z]  DEBUG: Delaying request { url: 'https://data.allie.dbcls.jp/sparql', requestInterval: 15694, currentDelay: 313394, actor: 'urn:comunica:default:http/actors#limit-rate' }
[0m[90m[2025-10-28T08:42:11.892Z]  DEBUG: Delaying request { url: 'https://data.allie.dbcls.jp/sparql', requestInterval: 15694, currentDelay: 329086, actor: 'urn:comunica:default:http/actors#limit-rate' }
[0m[90m[2025-10-28T08:42:11.895Z]  DEBUG: Delaying request { url: 'https://data.allie.dbcls.jp/sparql', requestInterval: 15694, currentDelay: 344777, actor: 'urn:comunica:default:http/actors#limit-rate' }
[0m[90m[2025-10-28T08:42:11.898Z]  DEBUG: Delaying request { url: 'https://data.allie.dbcls.jp/sparql', requestInterval: 15694, currentDelay: 360468, actor: 'urn:comunica:default:http/actors#limit-rate' }
[0m[90m[2025-10-28T08:42:11.900Z]  DEBUG: Delaying request { url: 'https://data.allie.dbcls.jp/sparql', requestInterval: 15694, currentDelay: 376160, actor: 'urn:comunica:default:http/actors#limit-rate' }
[0m[90m[2025-10-28T08:42:11.903Z]  DEBUG: Delaying request { url: 'https://data.allie.dbcls.jp/sparql', requestInterval: 15694, currentDelay: 391851, actor: 'urn:comunica:default:http/actors#limit-rate' }
[0m[90m[2025-10-28T08:42:11.905Z]  DEBUG: Delaying request { url: 'https://data.allie.dbcls.jp/sparql', requestInterval: 15694, currentDelay: 407543, actor: 'urn:comunica:default:http/actors#limit-rate' }
[0m[90m[2025-10-28T08:42:11.907Z]  DEBUG: Delaying request { url: 'https://data.allie.dbcls.jp/sparql', requestInterval: 15694, currentDelay: 423235, actor: 'urn:comunica:default:http/actors#limit-rate' }
[0m[90m[2025-10-28T08:42:11.908Z]  DEBUG: Delaying request { url: 'https://data.allie.dbcls.jp/sparql', requestInterval: 15694, currentDelay: 438928, actor: 'urn:comunica:default:http/actors#limit-rate' }
[0m[90m[2025-10-28T08:42:11.910Z]  DEBUG: Delaying request { url: 'https://data.allie.dbcls.jp/sparql', requestInterval: 15694, currentDelay: 454620, actor: 'urn:comunica:default:http/actors#limit-rate' }
[0m[90m[2025-10-28T08:42:11.912Z]  DEBUG: Delaying request { url: 'https://data.allie.dbcls.jp/sparql', requestInterval: 15694, currentDelay: 470312, actor: 'urn:comunica:default:http/actors#limit-rate' }
[0m[90m[2025-10-28T08:42:11.914Z]  DEBUG: Delaying request { url: 'https://data.allie.dbcls.jp/sparql', requestInterval: 15694, currentDelay: 486004, actor: 'urn:comunica:default:http/actors#limit-rate' }
[0m[90m[2025-10-28T08:42:11.916Z]  DEBUG: Delaying request { url: 'https://data.allie.dbcls.jp/sparql', requestInterval: 15694, currentDelay: 501696, actor: 'urn:comunica:default:http/actors#limit-rate' }
[0m[90m[2025-10-28T08:42:11.918Z]  DEBUG: Delaying request { url: 'https://data.allie.dbcls.jp/sparql', requestInterval: 15694, currentDelay: 517388, actor: 'urn:comunica:default:http/actors#limit-rate' }
[0m[90m[2025-10-28T08:42:11.920Z]  DEBUG: Delaying request { url: 'https://data.allie.dbcls.jp/sparql', requestInterval: 15694, currentDelay: 533080, actor: 'urn:comunica:default:http/actors#limit-rate' }
[0m[90m[2025-10-28T08:42:11.921Z]  DEBUG: Delaying request { url: 'https://data.allie.dbcls.jp/sparql', requestInterval: 15694, currentDelay: 548773, actor: 'urn:comunica:default:http/actors#limit-rate' }
[0m[90m[2025-10-28T08:42:11.922Z]  DEBUG: Delaying request { url: 'https://data.allie.dbcls.jp/sparql', requestInterval: 15694, currentDelay: 564466, actor: 'urn:comunica:default:http/actors#limit-rate' }
[0m[90m[2025-10-28T08:42:12.085Z]  DEBUG: Delaying request { url: 'https://data.allie.dbcls.jp/sparql', requestInterval: 15694, currentDelay: 579997, actor: 'urn:comunica:default:http/actors#limit-rate' }
[0m[90m[2025-10-28T08:42:12.089Z]  DEBUG: Delaying request { url: 'https://data.allie.dbcls.jp/sparql', requestInterval: 15694, currentDelay: 595687, actor: 'urn:comunica:default:http/actors#limit-rate' }
[0m[90m[2025-10-28T08:42:12.093Z]  DEBUG: Delaying request { url: 'https://data.allie.dbcls.jp/sparql', requestInterval: 15694, currentDelay: 611377, actor: 'urn:comunica:default:http/actors#limit-rate' }
[0m[90m[2025-10-28T08:42:12.096Z]  DEBUG: Delaying request { url: 'https://data.allie.dbcls.jp/sparql', requestInterval: 15694, currentDelay: 627068, actor: 'urn:comunica:default:http/actors#limit-rate' }
[0m[90m[2025-10-28T08:42:12.099Z]  DEBUG: Delaying request { url: 'https://data.allie.dbcls.jp/sparql', requestInterval: 15694, currentDelay: 642759, actor: 'urn:comunica:default:http/actors#limit-rate' }
[0m[90m[2025-10-28T08:42:12.104Z]  DEBUG: Delaying request { url: 'https://data.allie.dbcls.jp/sparql', requestInterval: 15694, currentDelay: 658448, actor: 'urn:comunica:default:http/actors#limit-rate' }
[0m[90m[2025-10-28T08:42:12.107Z]  DEBUG: Delaying request { url: 'https://data.allie.dbcls.jp/sparql', requestInterval: 15694, currentDelay: 674139, actor: 'urn:comunica:default:http/actors#limit-rate' }
[0m[90m[2025-10-28T08:42:12.109Z]  DEBUG: Delaying request { url: 'https://data.allie.dbcls.jp/sparql', requestInterval: 15694, currentDelay: 689831, actor: 'urn:comunica:default:http/actors#limit-rate' }
[0m[90m[2025-10-28T08:42:12.110Z]  DEBUG: Delaying request { url: 'https://data.allie.dbcls.jp/sparql', requestInterval: 15694, currentDelay: 705524, actor: 'urn:comunica:default:http/actors#limit-rate' }
[0m[90m[2025-10-28T08:42:12.112Z]  DEBUG: Delaying request { url: 'https://data.allie.dbcls.jp/sparql', requestInterval: 15694, currentDelay: 721216, actor: 'urn:comunica:default:http/actors#limit-rate' }
[0m[90m[2025-10-28T08:42:12.114Z]  DEBUG: Delaying request { url: 'https://data.allie.dbcls.jp/sparql', requestInterval: 15694, currentDelay: 736908, actor: 'urn:comunica:default:http/actors#limit-rate' }
[0m[90m[2025-10-28T08:42:12.115Z]  DEBUG: Delaying request { url: 'https://data.allie.dbcls.jp/sparql', requestInterval: 15694, currentDelay: 752601, actor: 'urn:comunica:default:http/actors#limit-rate' }
[0m[90m[2025-10-28T08:42:12.117Z]  DEBUG: Delaying request { url: 'https://data.allie.dbcls.jp/sparql', requestInterval: 15694, currentDelay: 768293, actor: 'urn:comunica:default:http/actors#limit-rate' }
[0m[90m[2025-10-28T08:42:12.118Z]  DEBUG: Delaying request { url: 'https://data.allie.dbcls.jp/sparql', requestInterval: 15694, currentDelay: 783986, actor: 'urn:comunica:default:http/actors#limit-rate' }
[0m[90m[2025-10-28T08:42:12.120Z]  DEBUG: Delaying request { url: 'https://data.allie.dbcls.jp/sparql', requestInterval: 15694, currentDelay: 799678, actor: 'urn:comunica:default:http/actors#limit-rate' }
[0m[90m[2025-10-28T08:42:12.121Z]  DEBUG: Delaying request { url: 'https://data.allie.dbcls.jp/sparql', requestInterval: 15694, currentDelay: 815371, actor: 'urn:comunica:default:http/actors#limit-rate' }
[0m[90m[2025-10-28T08:42:12.123Z]  DEBUG: Delaying request { url: 'https://data.allie.dbcls.jp/sparql', requestInterval: 15694, currentDelay: 831063, actor: 'urn:comunica:default:http/actors#limit-rate' }
[0m[90m[2025-10-28T08:42:12.125Z]  DEBUG: Delaying request { url: 'https://data.allie.dbcls.jp/sparql', requestInterval: 15694, currentDelay: 846755, actor: 'urn:comunica:default:http/actors#limit-rate' }
[0m[90m[2025-10-28T08:42:12.126Z]  DEBUG: Delaying request { url: 'https://data.allie.dbcls.jp/sparql', requestInterval: 15694, currentDelay: 862448, actor: 'urn:comunica:default:http/actors#limit-rate' }
[0m[90m[2025-10-28T08:42:12.127Z]  DEBUG: Delaying request { url: 'https://data.allie.dbcls.jp/sparql', requestInterval: 15694, currentDelay: 878141, actor: 'urn:comunica:default:http/actors#limit-rate' }
[0m[90m[2025-10-28T08:42:12.129Z]  DEBUG: Delaying request { url: 'https://data.allie.dbcls.jp/sparql', requestInterval: 15694, currentDelay: 893833, actor: 'urn:comunica:default:http/actors#limit-rate' }
[0m[90m[2025-10-28T08:42:12.130Z]  DEBUG: Delaying request { url: 'https://data.allie.dbcls.jp/sparql', requestInterval: 15694, currentDelay: 909526, actor: 'urn:comunica:default:http/actors#limit-rate' }
[0m[90m[2025-10-28T08:42:12.132Z]  DEBUG: Delaying request { url: 'https://data.allie.dbcls.jp/sparql', requestInterval: 15694, currentDelay: 925218, actor: 'urn:comunica:default:http/actors#limit-rate' }
[0m[90m[2025-10-28T08:42:12.134Z]  DEBUG: Delaying request { url: 'https://data.allie.dbcls.jp/sparql', requestInterval: 15694, currentDelay: 940910, actor: 'urn:comunica:default:http/actors#limit-rate' }
[0m[90m[2025-10-28T08:42:12.136Z]  DEBUG: Delaying request { url: 'https://data.allie.dbcls.jp/sparql', requestInterval: 15694, currentDelay: 956602, actor: 'urn:comunica:default:http/actors#limit-rate' }
[0m[90m[2025-10-28T08:42:12.137Z]  DEBUG: Delaying request { url: 'https://data.allie.dbcls.jp/sparql', requestInterval: 15694, currentDelay: 972295, actor: 'urn:comunica:default:http/actors#limit-rate' }
[0m[90m[2025-10-28T08:42:12.139Z]  DEBUG: Delaying request { url: 'https://data.allie.dbcls.jp/sparql', requestInterval: 15694, currentDelay: 987987, actor: 'urn:comunica:default:http/actors#limit-rate' }
[0m[90m[2025-10-28T08:42:12.140Z]  DEBUG: Delaying request { url: 'https://data.allie.dbcls.jp/sparql', requestInterval: 15694, currentDelay: 1003680, actor: 'urn:comunica:default:http/actors#limit-rate' }
[0m[90m[2025-10-28T08:42:12.141Z]  DEBUG: Delaying request { url: 'https://data.allie.dbcls.jp/sparql', requestInterval: 15694, currentDelay: 1019373, actor: 'urn:comunica:default:http/actors#limit-rate' }
[0m[90m[2025-10-28T08:42:12.143Z]  DEBUG: Delaying request { url: 'https://data.allie.dbcls.jp/sparql', requestInterval: 15694, currentDelay: 1035065, actor: 'urn:comunica:default:http/actors#limit-rate' }
[0m[90m[2025-10-28T08:42:12.144Z]  DEBUG: Delaying request { url: 'https://data.allie.dbcls.jp/sparql', requestInterval: 15694, currentDelay: 1050758, actor: 'urn:comunica:default:http/actors#limit-rate' }
[0m[90m[2025-10-28T08:42:12.146Z]  DEBUG: Delaying request { url: 'https://data.allie.dbcls.jp/sparql', requestInterval: 15694, currentDelay: 1066450, actor: 'urn:comunica:default:http/actors#limit-rate' }
[0m[90m[2025-10-28T08:42:12.147Z]  DEBUG: Server reported client-side error { url: 'https://data.allie.dbcls.jp/sparql', status: 400, statusText: 'Bad Request', currentAttempt: '1 / 51', actor: 'urn:comunica:default:http/actors#retry' }
[0mRequest failed: https://data.allie.dbcls.jp/sparql
