[32m[2025-11-25T14:25:53.701Z]  INFO: Requesting https://sparql.rhea-db.org/sparql { headers: { accept: 'application/n-quads,application/trig;q=0.95,application/ld+json;q=0.9,application/n-triples;q=0.8,text/turtle;q=0.6,application/rdf+xml;q=0.5,text/n3;q=0.35,application/xml;q=0.3,image/svg+xml;q=0.3,text/xml;q=0.3,text/html;q=0.2,application/xhtml+xml;q=0.18,application/json;q=0.135,text/shaclc;q=0.1,text/shaclc-ext;q=0.05', 'user-agent': 'Comunica/4.0 (linux; x64) ActorHttpFetch/4.4.1 Node.js/22' }, method: undefined, actor: 'urn:comunica:default:http/actors#fetch' }
[0m[32m[2025-11-25T14:25:53.702Z]  INFO: Requesting https://data.allie.dbcls.jp/sparql { headers: { accept: 'application/n-quads,application/trig;q=0.95,application/ld+json;q=0.9,application/n-triples;q=0.8,text/turtle;q=0.6,application/rdf+xml;q=0.5,text/n3;q=0.35,application/xml;q=0.3,image/svg+xml;q=0.3,text/xml;q=0.3,text/html;q=0.2,application/xhtml+xml;q=0.18,application/json;q=0.135,text/shaclc;q=0.1,text/shaclc-ext;q=0.05', 'user-agent': 'Comunica/4.0 (linux; x64) ActorHttpFetch/4.4.1 Node.js/22' }, method: undefined, actor: 'urn:comunica:default:http/actors#fetch' }
[0m[32m[2025-11-25T14:25:53.994Z]  INFO: Identified https://sparql.rhea-db.org/sparql as sparql source with service URL: https://sparql.rhea-db.org/sparql { actor: 'urn:comunica:default:query-source-identify-hypermedia/actors#sparql' }
[0m[90m[2025-11-25T14:25:53.999Z]  DEBUG: Delaying request { url: 'https://sparql.rhea-db.org/sparql?query=ASK%20WHERE%20%7B%20%3Fx%20%3Chttp%3A%2F%2Fwww.w3.org%2F2000%2F01%2Frdf-schema%23label%3E%20%3FenglishLabel.%20%7D', requestInterval: 45, currentDelay: 45, actor: 'urn:comunica:default:http/actors#limit-rate' }
[0m[90m[2025-11-25T14:25:53.999Z]  DEBUG: Delaying request { url: 'https://sparql.rhea-db.org/sparql?query=ASK%20WHERE%20%7B%20%3Fs%20%3Chttp%3A%2F%2Fwww.w3.org%2F2000%2F01%2Frdf-schema%23label%3E%20%3Fo.%20%7D', requestInterval: 45, currentDelay: 90, actor: 'urn:comunica:default:http/actors#limit-rate' }
[0m[90m[2025-11-25T14:25:54.000Z]  DEBUG: Delaying request { url: 'https://sparql.rhea-db.org/sparql?query=ASK%20WHERE%20%7B%20%3Fs%20%3Chttp%3A%2F%2Fwww.geneontology.org%2Fformats%2FoboInOwl%23hasSynonym%3E%20%3Fo.%20%7D', requestInterval: 45, currentDelay: 135, actor: 'urn:comunica:default:http/actors#limit-rate' }
[0m[32m[2025-11-25T14:25:54.000Z]  INFO: Requesting https://sparql.rhea-db.org/sparql?query=ASK%20WHERE%20%7B%20%3Fx%20%3Chttp%3A%2F%2Fwww.w3.org%2F2000%2F01%2Frdf-schema%23label%3E%20%221%2C2%2C4-%E3%83%88%E3%83%AA%E3%82%AF%E3%83%AD%E3%83%AD%E3%83%99%E3%83%B3%E3%82%BC%E3%83%B3%22%40ja.%20%7D { headers: { accept: 'application/sparql-results+json;q=1.0,application/sparql-results+xml;q=0.7', 'user-agent': 'Comunica/4.0 (linux; x64) ActorHttpFetch/4.4.1 Node.js/22' }, method: 'GET', actor: 'urn:comunica:default:http/actors#fetch' }
[0m[32m[2025-11-25T14:25:54.045Z]  INFO: Requesting https://sparql.rhea-db.org/sparql?query=ASK%20WHERE%20%7B%20%3Fx%20%3Chttp%3A%2F%2Fwww.w3.org%2F2000%2F01%2Frdf-schema%23label%3E%20%3FenglishLabel.%20%7D { headers: { accept: 'application/sparql-results+json;q=1.0,application/sparql-results+xml;q=0.7', 'user-agent': 'Comunica/4.0 (linux; x64) ActorHttpFetch/4.4.1 Node.js/22' }, method: 'GET', actor: 'urn:comunica:default:http/actors#fetch' }
[0m[32m[2025-11-25T14:25:54.091Z]  INFO: Requesting https://sparql.rhea-db.org/sparql?query=ASK%20WHERE%20%7B%20%3Fs%20%3Chttp%3A%2F%2Fwww.w3.org%2F2000%2F01%2Frdf-schema%23label%3E%20%3Fo.%20%7D { headers: { accept: 'application/sparql-results+json;q=1.0,application/sparql-results+xml;q=0.7', 'user-agent': 'Comunica/4.0 (linux; x64) ActorHttpFetch/4.4.1 Node.js/22' }, method: 'GET', actor: 'urn:comunica:default:http/actors#fetch' }
[0m[32m[2025-11-25T14:25:54.136Z]  INFO: Requesting https://sparql.rhea-db.org/sparql?query=ASK%20WHERE%20%7B%20%3Fs%20%3Chttp%3A%2F%2Fwww.geneontology.org%2Fformats%2FoboInOwl%23hasSynonym%3E%20%3Fo.%20%7D { headers: { accept: 'application/sparql-results+json;q=1.0,application/sparql-results+xml;q=0.7', 'user-agent': 'Comunica/4.0 (linux; x64) ActorHttpFetch/4.4.1 Node.js/22' }, method: 'GET', actor: 'urn:comunica:default:http/actors#fetch' }
[0m[32m[2025-11-25T14:25:55.322Z]  INFO: Identified https://data.allie.dbcls.jp/sparql as sparql source with service URL: https://data.allie.dbcls.jp/sparql { actor: 'urn:comunica:default:query-source-identify-hypermedia/actors#sparql' }
[0m[90m[2025-11-25T14:25:55.323Z]  DEBUG: Delaying request { url: 'https://data.allie.dbcls.jp/sparql?query=ASK%20WHERE%20%7B%20%3Fx%20%3Chttp%3A%2F%2Fwww.w3.org%2F2000%2F01%2Frdf-schema%23label%3E%20%3FenglishLabel.%20%7D', requestInterval: 482, currentDelay: 482, actor: 'urn:comunica:default:http/actors#limit-rate' }
[0m[90m[2025-11-25T14:25:55.323Z]  DEBUG: Delaying request { url: 'https://data.allie.dbcls.jp/sparql?query=ASK%20WHERE%20%7B%20%3Fs%20%3Chttp%3A%2F%2Fwww.w3.org%2F2000%2F01%2Frdf-schema%23label%3E%20%3Fo.%20%7D', requestInterval: 482, currentDelay: 964, actor: 'urn:comunica:default:http/actors#limit-rate' }
[0m[90m[2025-11-25T14:25:55.323Z]  DEBUG: Delaying request { url: 'https://data.allie.dbcls.jp/sparql?query=ASK%20WHERE%20%7B%20%3Fs%20%3Chttp%3A%2F%2Fwww.geneontology.org%2Fformats%2FoboInOwl%23hasSynonym%3E%20%3Fo.%20%7D', requestInterval: 482, currentDelay: 1446, actor: 'urn:comunica:default:http/actors#limit-rate' }
[0m[32m[2025-11-25T14:25:55.323Z]  INFO: Requesting https://data.allie.dbcls.jp/sparql?query=ASK%20WHERE%20%7B%20%3Fx%20%3Chttp%3A%2F%2Fwww.w3.org%2F2000%2F01%2Frdf-schema%23label%3E%20%221%2C2%2C4-%E3%83%88%E3%83%AA%E3%82%AF%E3%83%AD%E3%83%AD%E3%83%99%E3%83%B3%E3%82%BC%E3%83%B3%22%40ja.%20%7D { headers: { accept: 'application/sparql-results+json;q=1.0,application/sparql-results+xml;q=0.7', 'user-agent': 'Comunica/4.0 (linux; x64) ActorHttpFetch/4.4.1 Node.js/22' }, method: 'GET', actor: 'urn:comunica:default:http/actors#fetch' }
[0m[32m[2025-11-25T14:25:55.806Z]  INFO: Requesting https://data.allie.dbcls.jp/sparql?query=ASK%20WHERE%20%7B%20%3Fx%20%3Chttp%3A%2F%2Fwww.w3.org%2F2000%2F01%2Frdf-schema%23label%3E%20%3FenglishLabel.%20%7D { headers: { accept: 'application/sparql-results+json;q=1.0,application/sparql-results+xml;q=0.7', 'user-agent': 'Comunica/4.0 (linux; x64) ActorHttpFetch/4.4.1 Node.js/22' }, method: 'GET', actor: 'urn:comunica:default:http/actors#fetch' }
[0m[32m[2025-11-25T14:25:56.288Z]  INFO: Requesting https://data.allie.dbcls.jp/sparql?query=ASK%20WHERE%20%7B%20%3Fs%20%3Chttp%3A%2F%2Fwww.w3.org%2F2000%2F01%2Frdf-schema%23label%3E%20%3Fo.%20%7D { headers: { accept: 'application/sparql-results+json;q=1.0,application/sparql-results+xml;q=0.7', 'user-agent': 'Comunica/4.0 (linux; x64) ActorHttpFetch/4.4.1 Node.js/22' }, method: 'GET', actor: 'urn:comunica:default:http/actors#fetch' }
[0m[32m[2025-11-25T14:25:56.770Z]  INFO: Requesting https://data.allie.dbcls.jp/sparql?query=ASK%20WHERE%20%7B%20%3Fs%20%3Chttp%3A%2F%2Fwww.geneontology.org%2Fformats%2FoboInOwl%23hasSynonym%3E%20%3Fo.%20%7D { headers: { accept: 'application/sparql-results+json;q=1.0,application/sparql-results+xml;q=0.7', 'user-agent': 'Comunica/4.0 (linux; x64) ActorHttpFetch/4.4.1 Node.js/22' }, method: 'GET', actor: 'urn:comunica:default:http/actors#fetch' }
[0m[90m[2025-11-25T14:25:57.013Z]  DEBUG: Pruning 2 source-specific operations { actor: 'urn:comunica:default:optimize-query-operation/actors#prune-empty-source-operations' }
[0m[90m[2025-11-25T14:25:57.017Z]  DEBUG: Push down filter across union entries with 2 fully overlapping, 0 partially overlapping, and 0 not overlapping { actor: 'urn:comunica:default:optimize-query-operation/actors#filter-pushdown' }
[0m[90m[2025-11-25T14:25:57.017Z]  DEBUG: Push down filter across join entries with 1 fully overlapping, 0 partially overlapping, and 1 not overlapping { actor: 'urn:comunica:default:optimize-query-operation/actors#filter-pushdown' }
[0m[90m[2025-11-25T14:25:57.017Z]  DEBUG: Pushed down filters in 2 iterations { actor: 'urn:comunica:default:optimize-query-operation/actors#filter-pushdown' }
[0m[90m[2025-11-25T14:25:57.018Z]  DEBUG: Hoist 1 source-specific operations into a single filter operation for QuerySourceHypermedia(https://sparql.rhea-db.org/sparql)(SkolemID:0) { actor: 'urn:comunica:default:optimize-query-operation/actors#group-sources' }
[0m[90m[2025-11-25T14:25:57.018Z]  DEBUG: Hoist 1 source-specific operations into a single filter operation for QuerySourceHypermedia(https://data.allie.dbcls.jp/sparql)(SkolemID:1) { actor: 'urn:comunica:default:optimize-query-operation/actors#group-sources' }
[0m[90m[2025-11-25T14:25:57.027Z]  DEBUG: Determined physical join operator 'inner-bind-source' { entries: 2, variables: [ [ 'x', 'englishLabel' ], [ 'x' ] ], costs: { 'inner-bind-source': NaN, 'inner-bind': NaN, 'inner-hash-def': NaN, 'inner-hash-undef': NaN, 'inner-symmetric-hash': NaN, 'inner-nested-loop': NaN }, coefficients: { 'inner-bind-source': { iterations: 1, persistedItems: Infinity, blockingItems: Infinity, requestTime: NaN }, 'inner-bind': { iterations: Infinity, persistedItems: 0, blockingItems: 0, requestTime: NaN }, 'inner-hash-def': { iterations: Infinity, persistedItems: Infinity, blockingItems: Infinity, requestTime: NaN }, 'inner-hash-undef': { iterations: Infinity, persistedItems: Infinity, blockingItems: Infinity, requestTime: NaN }, 'inner-symmetric-hash': { iterations: Infinity, persistedItems: Infinity, blockingItems: 0, requestTime: NaN }, 'inner-nested-loop': { iterations: Infinity, persistedItems: 0, blockingItems: 0, requestTime: NaN } } }
[0m[90m[2025-11-25T14:25:57.029Z]  DEBUG: First entry for Bind Join Source:  { entry: { type: 'union', input: [ { type: 'filter', input: Quad { termType: 'Quad', value: '', subject: [Object], predicate: [Object], object: [Object], graph: [Object], type: 'pattern' }, expression: { type: 'expression', expressionType: 'operator', operator: '=', args: [Array] }, metadata: { scopedSource: [Object] } }, { type: 'filter', input: Quad { termType: 'Quad', value: '', subject: [Object], predicate: [Object], object: [Object], graph: [Object], type: 'pattern' }, expression: { type: 'expression', expressionType: 'operator', operator: '=', args: [Array] }, metadata: { scopedSource: [Object] } } ] }, cardinality: { type: 'estimate', value: Infinity }, order: undefined, availableOrders: undefined, actor: 'urn:comunica:default:rdf-join/actors#inner-multi-bind-source' }
[0m[90m[2025-11-25T14:25:57.034Z]  DEBUG: Delaying request { url: 'https://data.allie.dbcls.jp/sparql?query=SELECT%20%3Fx%20%3FenglishLabel%20WHERE%20%7B%0A%20%20%3Fx%20%3Chttp%3A%2F%2Fwww.w3.org%2F2000%2F01%2Frdf-schema%23label%3E%20%3FenglishLabel.%0A%20%20FILTER((LANG(%3FenglishLabel))%20%3D%20%22en%22)%0A%7D', requestInterval: 298, currentDelay: 33, actor: 'urn:comunica:default:http/actors#limit-rate' }
[0m[32m[2025-11-25T14:25:57.034Z]  INFO: Requesting https://sparql.rhea-db.org/sparql?query=SELECT%20%3Fx%20%3FenglishLabel%20WHERE%20%7B%0A%20%20%3Fx%20%3Chttp%3A%2F%2Fwww.w3.org%2F2000%2F01%2Frdf-schema%23label%3E%20%3FenglishLabel.%0A%20%20FILTER((LANG(%3FenglishLabel))%20%3D%20%22en%22)%0A%7D { headers: { accept: 'application/sparql-results+json;q=1.0,application/sparql-results+xml;q=0.7', 'user-agent': 'Comunica/4.0 (linux; x64) ActorHttpFetch/4.4.1 Node.js/22' }, method: 'GET', actor: 'urn:comunica:default:http/actors#fetch' }
[0m[90m[2025-11-25T14:25:57.036Z]  DEBUG: Determined physical join operator 'inner-bind' { entries: 2, variables: [ [ 'x', 'englishLabel', 'englishLabelStr' ], [ 'chebi', 'englishLabelStr' ] ], costs: { 'inner-bind': NaN, 'inner-hash-def': NaN, 'inner-hash-undef': NaN, 'inner-symmetric-hash': NaN, 'inner-nested-loop': NaN }, coefficients: { 'inner-bind': { iterations: Infinity, persistedItems: 0, blockingItems: 0, requestTime: NaN }, 'inner-hash-def': { iterations: Infinity, persistedItems: Infinity, blockingItems: Infinity, requestTime: NaN }, 'inner-hash-undef': { iterations: Infinity, persistedItems: Infinity, blockingItems: Infinity, requestTime: NaN }, 'inner-symmetric-hash': { iterations: Infinity, persistedItems: Infinity, blockingItems: 0, requestTime: NaN }, 'inner-nested-loop': { iterations: Infinity, persistedItems: 0, blockingItems: 0, requestTime: NaN } } }
[0m[90m[2025-11-25T14:25:57.037Z]  DEBUG: First entry for Bind Join:  { entry: { type: 'extend', input: { type: 'join', input: [ { type: 'union', input: [Array] }, Quad { termType: 'Quad', value: '', subject: [Object], predicate: [Object], object: [Object], graph: [Object], type: 'pattern', metadata: [Object] } ] }, variable: Variable { termType: 'Variable', value: 'englishLabelStr' }, expression: { type: 'expression', expressionType: 'operator', operator: 'str', args: [ { type: 'expression', expressionType: 'term', term: [Object] } ] } }, cardinality: { type: 'estimate', value: Infinity }, order: undefined, availableOrders: undefined, actor: 'urn:comunica:default:rdf-join/actors#inner-multi-bind' }
[0m[32m[2025-11-25T14:25:57.068Z]  INFO: Requesting https://data.allie.dbcls.jp/sparql?query=SELECT%20%3Fx%20%3FenglishLabel%20WHERE%20%7B%0A%20%20%3Fx%20%3Chttp%3A%2F%2Fwww.w3.org%2F2000%2F01%2Frdf-schema%23label%3E%20%3FenglishLabel.%0A%20%20FILTER((LANG(%3FenglishLabel))%20%3D%20%22en%22)%0A%7D { headers: { accept: 'application/sparql-results+json;q=1.0,application/sparql-results+xml;q=0.7', 'user-agent': 'Comunica/4.0 (linux; x64) ActorHttpFetch/4.4.1 Node.js/22' }, method: 'GET', actor: 'urn:comunica:default:http/actors#fetch' }
[0m[32m[2025-11-25T14:26:43.470Z]  INFO: Requesting https://data.allie.dbcls.jp/sparql { headers: { accept: 'application/sparql-results+json;q=1.0,application/sparql-results+xml;q=0.7', 'content-length': '2267', 'content-type': 'application/x-www-form-urlencoded', 'user-agent': 'Comunica/4.0 (linux; x64) ActorHttpFetch/4.4.1 Node.js/22' }, method: 'POST', actor: 'urn:comunica:default:http/actors#fetch' }
[0m[90m[2025-11-25T14:26:43.474Z]  DEBUG: Delaying request { url: 'https://data.allie.dbcls.jp/sparql', requestInterval: 14127, currentDelay: 14122, actor: 'urn:comunica:default:http/actors#limit-rate' }
[0m[90m[2025-11-25T14:26:43.696Z]  DEBUG: Delaying request { url: 'https://data.allie.dbcls.jp/sparql', requestInterval: 14127, currentDelay: 28027, actor: 'urn:comunica:default:http/actors#limit-rate' }
[0m[90m[2025-11-25T14:26:43.700Z]  DEBUG: Delaying request { url: 'https://data.allie.dbcls.jp/sparql', requestInterval: 14127, currentDelay: 42150, actor: 'urn:comunica:default:http/actors#limit-rate' }
[0m[90m[2025-11-25T14:26:43.702Z]  DEBUG: Delaying request { url: 'https://data.allie.dbcls.jp/sparql', requestInterval: 14127, currentDelay: 56275, actor: 'urn:comunica:default:http/actors#limit-rate' }
[0m[90m[2025-11-25T14:26:43.703Z]  DEBUG: Delaying request { url: 'https://data.allie.dbcls.jp/sparql', requestInterval: 14127, currentDelay: 70401, actor: 'urn:comunica:default:http/actors#limit-rate' }
[0m[90m[2025-11-25T14:26:43.706Z]  DEBUG: Delaying request { url: 'https://data.allie.dbcls.jp/sparql', requestInterval: 14127, currentDelay: 84525, actor: 'urn:comunica:default:http/actors#limit-rate' }
[0m[90m[2025-11-25T14:26:43.707Z]  DEBUG: Delaying request { url: 'https://data.allie.dbcls.jp/sparql', requestInterval: 14127, currentDelay: 98651, actor: 'urn:comunica:default:http/actors#limit-rate' }
[0m[90m[2025-11-25T14:26:43.708Z]  DEBUG: Delaying request { url: 'https://data.allie.dbcls.jp/sparql', requestInterval: 14127, currentDelay: 112777, actor: 'urn:comunica:default:http/actors#limit-rate' }
[0m[90m[2025-11-25T14:26:43.710Z]  DEBUG: Delaying request { url: 'https://data.allie.dbcls.jp/sparql', requestInterval: 14127, currentDelay: 126902, actor: 'urn:comunica:default:http/actors#limit-rate' }
[0m[90m[2025-11-25T14:26:43.711Z]  DEBUG: Delaying request { url: 'https://data.allie.dbcls.jp/sparql', requestInterval: 14127, currentDelay: 141028, actor: 'urn:comunica:default:http/actors#limit-rate' }
[0m[90m[2025-11-25T14:26:43.713Z]  DEBUG: Delaying request { url: 'https://data.allie.dbcls.jp/sparql', requestInterval: 14127, currentDelay: 155153, actor: 'urn:comunica:default:http/actors#limit-rate' }
[0m[90m[2025-11-25T14:26:43.714Z]  DEBUG: Delaying request { url: 'https://data.allie.dbcls.jp/sparql', requestInterval: 14127, currentDelay: 169279, actor: 'urn:comunica:default:http/actors#limit-rate' }
[0m[90m[2025-11-25T14:26:43.716Z]  DEBUG: Delaying request { url: 'https://data.allie.dbcls.jp/sparql', requestInterval: 14127, currentDelay: 183404, actor: 'urn:comunica:default:http/actors#limit-rate' }
[0m[90m[2025-11-25T14:26:43.717Z]  DEBUG: Delaying request { url: 'https://data.allie.dbcls.jp/sparql', requestInterval: 14127, currentDelay: 197530, actor: 'urn:comunica:default:http/actors#limit-rate' }
[0m[90m[2025-11-25T14:26:43.920Z]  DEBUG: Delaying request { url: 'https://data.allie.dbcls.jp/sparql', requestInterval: 14127, currentDelay: 211454, actor: 'urn:comunica:default:http/actors#limit-rate' }
[0m[90m[2025-11-25T14:26:43.922Z]  DEBUG: Delaying request { url: 'https://data.allie.dbcls.jp/sparql', requestInterval: 14127, currentDelay: 225579, actor: 'urn:comunica:default:http/actors#limit-rate' }
[0m[90m[2025-11-25T14:26:43.923Z]  DEBUG: Delaying request { url: 'https://data.allie.dbcls.jp/sparql', requestInterval: 14127, currentDelay: 239705, actor: 'urn:comunica:default:http/actors#limit-rate' }
[0m[90m[2025-11-25T14:26:43.927Z]  DEBUG: Delaying request { url: 'https://data.allie.dbcls.jp/sparql', requestInterval: 14127, currentDelay: 253828, actor: 'urn:comunica:default:http/actors#limit-rate' }
[0m[90m[2025-11-25T14:26:43.929Z]  DEBUG: Delaying request { url: 'https://data.allie.dbcls.jp/sparql', requestInterval: 14127, currentDelay: 267953, actor: 'urn:comunica:default:http/actors#limit-rate' }
[0m[90m[2025-11-25T14:26:43.930Z]  DEBUG: Delaying request { url: 'https://data.allie.dbcls.jp/sparql', requestInterval: 14127, currentDelay: 282079, actor: 'urn:comunica:default:http/actors#limit-rate' }
[0m[90m[2025-11-25T14:26:43.933Z]  DEBUG: Delaying request { url: 'https://data.allie.dbcls.jp/sparql', requestInterval: 14127, currentDelay: 296203, actor: 'urn:comunica:default:http/actors#limit-rate' }
[0m[90m[2025-11-25T14:26:43.934Z]  DEBUG: Delaying request { url: 'https://data.allie.dbcls.jp/sparql', requestInterval: 14127, currentDelay: 310329, actor: 'urn:comunica:default:http/actors#limit-rate' }
[0m[90m[2025-11-25T14:26:43.937Z]  DEBUG: Delaying request { url: 'https://data.allie.dbcls.jp/sparql', requestInterval: 14127, currentDelay: 324453, actor: 'urn:comunica:default:http/actors#limit-rate' }
[0m[90m[2025-11-25T14:26:43.939Z]  DEBUG: Delaying request { url: 'https://data.allie.dbcls.jp/sparql', requestInterval: 14127, currentDelay: 338578, actor: 'urn:comunica:default:http/actors#limit-rate' }
[0m[90m[2025-11-25T14:26:43.941Z]  DEBUG: Delaying request { url: 'https://data.allie.dbcls.jp/sparql', requestInterval: 14127, currentDelay: 352703, actor: 'urn:comunica:default:http/actors#limit-rate' }
[0m[90m[2025-11-25T14:26:43.948Z]  DEBUG: Delaying request { url: 'https://data.allie.dbcls.jp/sparql', requestInterval: 14127, currentDelay: 366823, actor: 'urn:comunica:default:http/actors#limit-rate' }
[0m[90m[2025-11-25T14:26:43.950Z]  DEBUG: Delaying request { url: 'https://data.allie.dbcls.jp/sparql', requestInterval: 14127, currentDelay: 380948, actor: 'urn:comunica:default:http/actors#limit-rate' }
[0m[90m[2025-11-25T14:26:43.952Z]  DEBUG: Delaying request { url: 'https://data.allie.dbcls.jp/sparql', requestInterval: 14127, currentDelay: 395073, actor: 'urn:comunica:default:http/actors#limit-rate' }
[0m[90m[2025-11-25T14:26:43.953Z]  DEBUG: Delaying request { url: 'https://data.allie.dbcls.jp/sparql', requestInterval: 14127, currentDelay: 409199, actor: 'urn:comunica:default:http/actors#limit-rate' }
[0m[90m[2025-11-25T14:26:43.955Z]  DEBUG: Delaying request { url: 'https://data.allie.dbcls.jp/sparql', requestInterval: 14127, currentDelay: 423324, actor: 'urn:comunica:default:http/actors#limit-rate' }
[0m[90m[2025-11-25T14:26:43.957Z]  DEBUG: Delaying request { url: 'https://data.allie.dbcls.jp/sparql', requestInterval: 14127, currentDelay: 437449, actor: 'urn:comunica:default:http/actors#limit-rate' }
[0m[90m[2025-11-25T14:26:43.959Z]  DEBUG: Delaying request { url: 'https://data.allie.dbcls.jp/sparql', requestInterval: 14127, currentDelay: 451574, actor: 'urn:comunica:default:http/actors#limit-rate' }
[0m[90m[2025-11-25T14:26:43.960Z]  DEBUG: Delaying request { url: 'https://data.allie.dbcls.jp/sparql', requestInterval: 14127, currentDelay: 465700, actor: 'urn:comunica:default:http/actors#limit-rate' }
[0m[90m[2025-11-25T14:26:43.961Z]  DEBUG: Delaying request { url: 'https://data.allie.dbcls.jp/sparql', requestInterval: 14127, currentDelay: 479826, actor: 'urn:comunica:default:http/actors#limit-rate' }
[0m[90m[2025-11-25T14:26:43.962Z]  DEBUG: Delaying request { url: 'https://data.allie.dbcls.jp/sparql', requestInterval: 14127, currentDelay: 493952, actor: 'urn:comunica:default:http/actors#limit-rate' }
[0m[90m[2025-11-25T14:26:44.152Z]  DEBUG: Delaying request { url: 'https://data.allie.dbcls.jp/sparql', requestInterval: 14127, currentDelay: 507889, actor: 'urn:comunica:default:http/actors#limit-rate' }
[0m[90m[2025-11-25T14:26:44.153Z]  DEBUG: Delaying request { url: 'https://data.allie.dbcls.jp/sparql', requestInterval: 14127, currentDelay: 522015, actor: 'urn:comunica:default:http/actors#limit-rate' }
[0m[90m[2025-11-25T14:26:44.155Z]  DEBUG: Delaying request { url: 'https://data.allie.dbcls.jp/sparql', requestInterval: 14127, currentDelay: 536140, actor: 'urn:comunica:default:http/actors#limit-rate' }
[0m[90m[2025-11-25T14:26:44.157Z]  DEBUG: Delaying request { url: 'https://data.allie.dbcls.jp/sparql', requestInterval: 14127, currentDelay: 550265, actor: 'urn:comunica:default:http/actors#limit-rate' }
[0m[90m[2025-11-25T14:26:44.159Z]  DEBUG: Delaying request { url: 'https://data.allie.dbcls.jp/sparql', requestInterval: 14127, currentDelay: 564390, actor: 'urn:comunica:default:http/actors#limit-rate' }
[0m[90m[2025-11-25T14:26:44.161Z]  DEBUG: Delaying request { url: 'https://data.allie.dbcls.jp/sparql', requestInterval: 14127, currentDelay: 578515, actor: 'urn:comunica:default:http/actors#limit-rate' }
[0m[90m[2025-11-25T14:26:44.163Z]  DEBUG: Delaying request { url: 'https://data.allie.dbcls.jp/sparql', requestInterval: 14127, currentDelay: 592640, actor: 'urn:comunica:default:http/actors#limit-rate' }
[0m[90m[2025-11-25T14:26:44.166Z]  DEBUG: Delaying request { url: 'https://data.allie.dbcls.jp/sparql', requestInterval: 14127, currentDelay: 606764, actor: 'urn:comunica:default:http/actors#limit-rate' }
[0m[90m[2025-11-25T14:26:44.168Z]  DEBUG: Delaying request { url: 'https://data.allie.dbcls.jp/sparql', requestInterval: 14127, currentDelay: 620889, actor: 'urn:comunica:default:http/actors#limit-rate' }
[0m[90m[2025-11-25T14:26:44.170Z]  DEBUG: Delaying request { url: 'https://data.allie.dbcls.jp/sparql', requestInterval: 14127, currentDelay: 635014, actor: 'urn:comunica:default:http/actors#limit-rate' }
[0m[90m[2025-11-25T14:26:44.171Z]  DEBUG: Delaying request { url: 'https://data.allie.dbcls.jp/sparql', requestInterval: 14127, currentDelay: 649140, actor: 'urn:comunica:default:http/actors#limit-rate' }
[0m[90m[2025-11-25T14:26:44.174Z]  DEBUG: Delaying request { url: 'https://data.allie.dbcls.jp/sparql', requestInterval: 14127, currentDelay: 663264, actor: 'urn:comunica:default:http/actors#limit-rate' }
[0m[90m[2025-11-25T14:26:44.175Z]  DEBUG: Delaying request { url: 'https://data.allie.dbcls.jp/sparql', requestInterval: 14127, currentDelay: 677390, actor: 'urn:comunica:default:http/actors#limit-rate' }
[0m[90m[2025-11-25T14:26:44.176Z]  DEBUG: Delaying request { url: 'https://data.allie.dbcls.jp/sparql', requestInterval: 14127, currentDelay: 691516, actor: 'urn:comunica:default:http/actors#limit-rate' }
[0m[90m[2025-11-25T14:26:44.177Z]  DEBUG: Delaying request { url: 'https://data.allie.dbcls.jp/sparql', requestInterval: 14127, currentDelay: 705642, actor: 'urn:comunica:default:http/actors#limit-rate' }
[0m[90m[2025-11-25T14:26:44.184Z]  DEBUG: Delaying request { url: 'https://data.allie.dbcls.jp/sparql', requestInterval: 14127, currentDelay: 719762, actor: 'urn:comunica:default:http/actors#limit-rate' }
[0m[90m[2025-11-25T14:26:44.185Z]  DEBUG: Delaying request { url: 'https://data.allie.dbcls.jp/sparql', requestInterval: 14127, currentDelay: 733888, actor: 'urn:comunica:default:http/actors#limit-rate' }
[0m[90m[2025-11-25T14:26:44.186Z]  DEBUG: Delaying request { url: 'https://data.allie.dbcls.jp/sparql', requestInterval: 14127, currentDelay: 748014, actor: 'urn:comunica:default:http/actors#limit-rate' }
[0m[90m[2025-11-25T14:26:44.187Z]  DEBUG: Delaying request { url: 'https://data.allie.dbcls.jp/sparql', requestInterval: 14127, currentDelay: 762140, actor: 'urn:comunica:default:http/actors#limit-rate' }
[0m[90m[2025-11-25T14:26:44.189Z]  DEBUG: Delaying request { url: 'https://data.allie.dbcls.jp/sparql', requestInterval: 14127, currentDelay: 776265, actor: 'urn:comunica:default:http/actors#limit-rate' }
[0m[90m[2025-11-25T14:26:44.190Z]  DEBUG: Delaying request { url: 'https://data.allie.dbcls.jp/sparql', requestInterval: 14127, currentDelay: 790391, actor: 'urn:comunica:default:http/actors#limit-rate' }
[0m[90m[2025-11-25T14:26:44.191Z]  DEBUG: Delaying request { url: 'https://data.allie.dbcls.jp/sparql', requestInterval: 14127, currentDelay: 804517, actor: 'urn:comunica:default:http/actors#limit-rate' }
[0m[90m[2025-11-25T14:26:44.193Z]  DEBUG: Delaying request { url: 'https://data.allie.dbcls.jp/sparql', requestInterval: 14127, currentDelay: 818642, actor: 'urn:comunica:default:http/actors#limit-rate' }
[0m[90m[2025-11-25T14:26:44.195Z]  DEBUG: Delaying request { url: 'https://data.allie.dbcls.jp/sparql', requestInterval: 14127, currentDelay: 832767, actor: 'urn:comunica:default:http/actors#limit-rate' }
[0m[90m[2025-11-25T14:26:44.196Z]  DEBUG: Delaying request { url: 'https://data.allie.dbcls.jp/sparql', requestInterval: 14127, currentDelay: 846893, actor: 'urn:comunica:default:http/actors#limit-rate' }
[0m[90m[2025-11-25T14:26:44.197Z]  DEBUG: Delaying request { url: 'https://data.allie.dbcls.jp/sparql', requestInterval: 14127, currentDelay: 861019, actor: 'urn:comunica:default:http/actors#limit-rate' }
[0m[90m[2025-11-25T14:26:44.199Z]  DEBUG: Delaying request { url: 'https://data.allie.dbcls.jp/sparql', requestInterval: 14127, currentDelay: 875144, actor: 'urn:comunica:default:http/actors#limit-rate' }
[0m[90m[2025-11-25T14:26:44.202Z]  DEBUG: Delaying request { url: 'https://data.allie.dbcls.jp/sparql', requestInterval: 14127, currentDelay: 889268, actor: 'urn:comunica:default:http/actors#limit-rate' }
[0m[90m[2025-11-25T14:26:44.203Z]  DEBUG: Delaying request { url: 'https://data.allie.dbcls.jp/sparql', requestInterval: 14127, currentDelay: 903394, actor: 'urn:comunica:default:http/actors#limit-rate' }
[0m[90m[2025-11-25T14:26:44.204Z]  DEBUG: Delaying request { url: 'https://data.allie.dbcls.jp/sparql', requestInterval: 14127, currentDelay: 917520, actor: 'urn:comunica:default:http/actors#limit-rate' }
[0m[90m[2025-11-25T14:26:44.206Z]  DEBUG: Delaying request { url: 'https://data.allie.dbcls.jp/sparql', requestInterval: 14127, currentDelay: 931645, actor: 'urn:comunica:default:http/actors#limit-rate' }
[0m[90m[2025-11-25T14:26:44.206Z]  DEBUG: Delaying request { url: 'https://data.allie.dbcls.jp/sparql', requestInterval: 14127, currentDelay: 945772, actor: 'urn:comunica:default:http/actors#limit-rate' }
[0m[90m[2025-11-25T14:26:44.207Z]  DEBUG: Delaying request { url: 'https://data.allie.dbcls.jp/sparql', requestInterval: 14127, currentDelay: 959898, actor: 'urn:comunica:default:http/actors#limit-rate' }
[0m[90m[2025-11-25T14:26:44.209Z]  DEBUG: Delaying request { url: 'https://data.allie.dbcls.jp/sparql', requestInterval: 14127, currentDelay: 974023, actor: 'urn:comunica:default:http/actors#limit-rate' }
[0m[90m[2025-11-25T14:26:44.210Z]  DEBUG: Delaying request { url: 'https://data.allie.dbcls.jp/sparql', requestInterval: 14127, currentDelay: 988149, actor: 'urn:comunica:default:http/actors#limit-rate' }
[0m[90m[2025-11-25T14:26:44.211Z]  DEBUG: Delaying request { url: 'https://data.allie.dbcls.jp/sparql', requestInterval: 14127, currentDelay: 1002275, actor: 'urn:comunica:default:http/actors#limit-rate' }
[0m[90m[2025-11-25T14:26:44.212Z]  DEBUG: Delaying request { url: 'https://data.allie.dbcls.jp/sparql', requestInterval: 14127, currentDelay: 1016401, actor: 'urn:comunica:default:http/actors#limit-rate' }
[0m[90m[2025-11-25T14:26:44.214Z]  DEBUG: Delaying request { url: 'https://data.allie.dbcls.jp/sparql', requestInterval: 14127, currentDelay: 1030526, actor: 'urn:comunica:default:http/actors#limit-rate' }
[0m[90m[2025-11-25T14:26:44.215Z]  DEBUG: Delaying request { url: 'https://data.allie.dbcls.jp/sparql', requestInterval: 14127, currentDelay: 1044652, actor: 'urn:comunica:default:http/actors#limit-rate' }
[0m[90m[2025-11-25T14:26:44.216Z]  DEBUG: Delaying request { url: 'https://data.allie.dbcls.jp/sparql', requestInterval: 14127, currentDelay: 1058778, actor: 'urn:comunica:default:http/actors#limit-rate' }
[0m[90m[2025-11-25T14:26:44.217Z]  DEBUG: Delaying request { url: 'https://data.allie.dbcls.jp/sparql', requestInterval: 14127, currentDelay: 1072904, actor: 'urn:comunica:default:http/actors#limit-rate' }
[0m[90m[2025-11-25T14:26:44.218Z]  DEBUG: Delaying request { url: 'https://data.allie.dbcls.jp/sparql', requestInterval: 14127, currentDelay: 1087030, actor: 'urn:comunica:default:http/actors#limit-rate' }
[0m[90m[2025-11-25T14:26:44.219Z]  DEBUG: Delaying request { url: 'https://data.allie.dbcls.jp/sparql', requestInterval: 14127, currentDelay: 1101156, actor: 'urn:comunica:default:http/actors#limit-rate' }
[0m[90m[2025-11-25T14:26:44.220Z]  DEBUG: Delaying request { url: 'https://data.allie.dbcls.jp/sparql', requestInterval: 14127, currentDelay: 1115282, actor: 'urn:comunica:default:http/actors#limit-rate' }
[0m[90m[2025-11-25T14:26:44.221Z]  DEBUG: Delaying request { url: 'https://data.allie.dbcls.jp/sparql', requestInterval: 14127, currentDelay: 1129408, actor: 'urn:comunica:default:http/actors#limit-rate' }
[0m[90m[2025-11-25T14:26:44.381Z]  DEBUG: Delaying request { url: 'https://data.allie.dbcls.jp/sparql', requestInterval: 14127, currentDelay: 1143375, actor: 'urn:comunica:default:http/actors#limit-rate' }
[0m[90m[2025-11-25T14:26:44.384Z]  DEBUG: Delaying request { url: 'https://data.allie.dbcls.jp/sparql', requestInterval: 14127, currentDelay: 1157499, actor: 'urn:comunica:default:http/actors#limit-rate' }
[0m[90m[2025-11-25T14:26:44.387Z]  DEBUG: Delaying request { url: 'https://data.allie.dbcls.jp/sparql', requestInterval: 14127, currentDelay: 1171623, actor: 'urn:comunica:default:http/actors#limit-rate' }
[0m[90m[2025-11-25T14:26:44.391Z]  DEBUG: Delaying request { url: 'https://data.allie.dbcls.jp/sparql', requestInterval: 14127, currentDelay: 1185746, actor: 'urn:comunica:default:http/actors#limit-rate' }
[0m[90m[2025-11-25T14:26:44.392Z]  DEBUG: Delaying request { url: 'https://data.allie.dbcls.jp/sparql', requestInterval: 14127, currentDelay: 1199872, actor: 'urn:comunica:default:http/actors#limit-rate' }
[0m[90m[2025-11-25T14:26:44.394Z]  DEBUG: Delaying request { url: 'https://data.allie.dbcls.jp/sparql', requestInterval: 14127, currentDelay: 1213997, actor: 'urn:comunica:default:http/actors#limit-rate' }
[0m[90m[2025-11-25T14:26:44.395Z]  DEBUG: Delaying request { url: 'https://data.allie.dbcls.jp/sparql', requestInterval: 14127, currentDelay: 1228123, actor: 'urn:comunica:default:http/actors#limit-rate' }
[0m[90m[2025-11-25T14:26:44.397Z]  DEBUG: Delaying request { url: 'https://data.allie.dbcls.jp/sparql', requestInterval: 14127, currentDelay: 1242248, actor: 'urn:comunica:default:http/actors#limit-rate' }
[0m[90m[2025-11-25T14:26:44.400Z]  DEBUG: Delaying request { url: 'https://data.allie.dbcls.jp/sparql', requestInterval: 14127, currentDelay: 1256372, actor: 'urn:comunica:default:http/actors#limit-rate' }
[0m[90m[2025-11-25T14:26:44.403Z]  DEBUG: Delaying request { url: 'https://data.allie.dbcls.jp/sparql', requestInterval: 14127, currentDelay: 1270496, actor: 'urn:comunica:default:http/actors#limit-rate' }
[0m[90m[2025-11-25T14:26:44.404Z]  DEBUG: Delaying request { url: 'https://data.allie.dbcls.jp/sparql', requestInterval: 14127, currentDelay: 1284622, actor: 'urn:comunica:default:http/actors#limit-rate' }
[0m[90m[2025-11-25T14:26:44.406Z]  DEBUG: Delaying request { url: 'https://data.allie.dbcls.jp/sparql', requestInterval: 14127, currentDelay: 1298747, actor: 'urn:comunica:default:http/actors#limit-rate' }
[0m[90m[2025-11-25T14:26:44.407Z]  DEBUG: Delaying request { url: 'https://data.allie.dbcls.jp/sparql', requestInterval: 14127, currentDelay: 1312873, actor: 'urn:comunica:default:http/actors#limit-rate' }
[0m[90m[2025-11-25T14:26:44.408Z]  DEBUG: Delaying request { url: 'https://data.allie.dbcls.jp/sparql', requestInterval: 14127, currentDelay: 1326999, actor: 'urn:comunica:default:http/actors#limit-rate' }
[0m[90m[2025-11-25T14:26:44.409Z]  DEBUG: Delaying request { url: 'https://data.allie.dbcls.jp/sparql', requestInterval: 14127, currentDelay: 1341125, actor: 'urn:comunica:default:http/actors#limit-rate' }
[0m[90m[2025-11-25T14:26:44.410Z]  DEBUG: Delaying request { url: 'https://data.allie.dbcls.jp/sparql', requestInterval: 14127, currentDelay: 1355251, actor: 'urn:comunica:default:http/actors#limit-rate' }
[0m[90m[2025-11-25T14:26:44.411Z]  DEBUG: Delaying request { url: 'https://data.allie.dbcls.jp/sparql', requestInterval: 14127, currentDelay: 1369377, actor: 'urn:comunica:default:http/actors#limit-rate' }
[0m[90m[2025-11-25T14:26:44.412Z]  DEBUG: Delaying request { url: 'https://data.allie.dbcls.jp/sparql', requestInterval: 14127, currentDelay: 1383503, actor: 'urn:comunica:default:http/actors#limit-rate' }
[0m[90m[2025-11-25T14:26:44.413Z]  DEBUG: Delaying request { url: 'https://data.allie.dbcls.jp/sparql', requestInterval: 14127, currentDelay: 1397629, actor: 'urn:comunica:default:http/actors#limit-rate' }
[0m[90m[2025-11-25T14:26:44.415Z]  DEBUG: Delaying request { url: 'https://data.allie.dbcls.jp/sparql', requestInterval: 14127, currentDelay: 1411754, actor: 'urn:comunica:default:http/actors#limit-rate' }
[0m[90m[2025-11-25T14:26:44.416Z]  DEBUG: Delaying request { url: 'https://data.allie.dbcls.jp/sparql', requestInterval: 14127, currentDelay: 1425880, actor: 'urn:comunica:default:http/actors#limit-rate' }
[0m[90m[2025-11-25T14:26:44.417Z]  DEBUG: Server reported client-side error { url: 'https://data.allie.dbcls.jp/sparql', status: 400, statusText: 'Bad Request', currentAttempt: '1 / 51', actor: 'urn:comunica:default:http/actors#retry' }
[0mRequest failed: https://data.allie.dbcls.jp/sparql
