[32m[2026-06-12T07:35:43.589Z]  INFO: Requesting https://sparql.rhea-db.org/sparql { headers: { accept: 'application/n-quads,application/trig;q=0.95,application/ld+json;q=0.9,application/n-triples;q=0.8,text/turtle;q=0.6,application/rdf+xml;q=0.5,text/n3;q=0.35,application/xml;q=0.3,image/svg+xml;q=0.3,text/xml;q=0.3,text/html;q=0.2,application/xhtml+xml;q=0.18,application/json;q=0.135,text/shaclc;q=0.1,text/shaclc-ext;q=0.05', 'user-agent': 'Comunica/4.0 (linux; x64) ActorHttpFetch/4.4.1 Node.js/24' }, method: undefined, actor: 'urn:comunica:default:http/actors#fetch' }
[0m[32m[2026-06-12T07:35:43.591Z]  INFO: Requesting https://data.allie.dbcls.jp/sparql { headers: { accept: 'application/n-quads,application/trig;q=0.95,application/ld+json;q=0.9,application/n-triples;q=0.8,text/turtle;q=0.6,application/rdf+xml;q=0.5,text/n3;q=0.35,application/xml;q=0.3,image/svg+xml;q=0.3,text/xml;q=0.3,text/html;q=0.2,application/xhtml+xml;q=0.18,application/json;q=0.135,text/shaclc;q=0.1,text/shaclc-ext;q=0.05', 'user-agent': 'Comunica/4.0 (linux; x64) ActorHttpFetch/4.4.1 Node.js/24' }, method: undefined, actor: 'urn:comunica:default:http/actors#fetch' }
[0m[32m[2026-06-12T07:35:43.750Z]  INFO: Identified https://sparql.rhea-db.org/sparql as sparql source with service URL: https://sparql.rhea-db.org/sparql { actor: 'urn:comunica:default:query-source-identify-hypermedia/actors#sparql' }
[0m[90m[2026-06-12T07:35:43.754Z]  DEBUG: Delaying request { url: 'https://sparql.rhea-db.org/sparql?query=ASK%20WHERE%20%7B%20%3Fx%20%3Chttp%3A%2F%2Fwww.w3.org%2F2000%2F01%2Frdf-schema%23label%3E%20%3FenglishLabel.%20%7D', requestInterval: 31, currentDelay: 31, actor: 'urn:comunica:default:http/actors#limit-rate' }
[0m[90m[2026-06-12T07:35:43.754Z]  DEBUG: Delaying request { url: 'https://sparql.rhea-db.org/sparql?query=ASK%20WHERE%20%7B%20%3Fs%20%3Chttp%3A%2F%2Fwww.w3.org%2F2000%2F01%2Frdf-schema%23label%3E%20%3Fo.%20%7D', requestInterval: 31, currentDelay: 62, actor: 'urn:comunica:default:http/actors#limit-rate' }
[0m[90m[2026-06-12T07:35:43.754Z]  DEBUG: Delaying request { url: 'https://sparql.rhea-db.org/sparql?query=ASK%20WHERE%20%7B%20%3Fs%20%3Chttp%3A%2F%2Fwww.geneontology.org%2Fformats%2FoboInOwl%23hasSynonym%3E%20%3Fo.%20%7D', requestInterval: 31, currentDelay: 93, actor: 'urn:comunica:default:http/actors#limit-rate' }
[0m[32m[2026-06-12T07:35:43.755Z]  INFO: Requesting https://sparql.rhea-db.org/sparql?query=ASK%20WHERE%20%7B%20%3Fx%20%3Chttp%3A%2F%2Fwww.w3.org%2F2000%2F01%2Frdf-schema%23label%3E%20%221%2C2%2C4-%E3%83%88%E3%83%AA%E3%82%AF%E3%83%AD%E3%83%AD%E3%83%99%E3%83%B3%E3%82%BC%E3%83%B3%22%40ja.%20%7D { headers: { accept: 'application/sparql-results+json;q=1.0,application/sparql-results+xml;q=0.7', 'user-agent': 'Comunica/4.0 (linux; x64) ActorHttpFetch/4.4.1 Node.js/24' }, method: 'GET', actor: 'urn:comunica:default:http/actors#fetch' }
[0m[32m[2026-06-12T07:35:43.785Z]  INFO: Requesting https://sparql.rhea-db.org/sparql?query=ASK%20WHERE%20%7B%20%3Fx%20%3Chttp%3A%2F%2Fwww.w3.org%2F2000%2F01%2Frdf-schema%23label%3E%20%3FenglishLabel.%20%7D { headers: { accept: 'application/sparql-results+json;q=1.0,application/sparql-results+xml;q=0.7', 'user-agent': 'Comunica/4.0 (linux; x64) ActorHttpFetch/4.4.1 Node.js/24' }, method: 'GET', actor: 'urn:comunica:default:http/actors#fetch' }
[0m[32m[2026-06-12T07:35:43.817Z]  INFO: Requesting https://sparql.rhea-db.org/sparql?query=ASK%20WHERE%20%7B%20%3Fs%20%3Chttp%3A%2F%2Fwww.w3.org%2F2000%2F01%2Frdf-schema%23label%3E%20%3Fo.%20%7D { headers: { accept: 'application/sparql-results+json;q=1.0,application/sparql-results+xml;q=0.7', 'user-agent': 'Comunica/4.0 (linux; x64) ActorHttpFetch/4.4.1 Node.js/24' }, method: 'GET', actor: 'urn:comunica:default:http/actors#fetch' }
[0m[32m[2026-06-12T07:35:43.848Z]  INFO: Requesting https://sparql.rhea-db.org/sparql?query=ASK%20WHERE%20%7B%20%3Fs%20%3Chttp%3A%2F%2Fwww.geneontology.org%2Fformats%2FoboInOwl%23hasSynonym%3E%20%3Fo.%20%7D { headers: { accept: 'application/sparql-results+json;q=1.0,application/sparql-results+xml;q=0.7', 'user-agent': 'Comunica/4.0 (linux; x64) ActorHttpFetch/4.4.1 Node.js/24' }, method: 'GET', actor: 'urn:comunica:default:http/actors#fetch' }
[0m[32m[2026-06-12T07:35:45.006Z]  INFO: Identified https://data.allie.dbcls.jp/sparql as sparql source with service URL: https://data.allie.dbcls.jp/sparql { actor: 'urn:comunica:default:query-source-identify-hypermedia/actors#sparql' }
[0m[90m[2026-06-12T07:35:45.008Z]  DEBUG: Delaying request { url: 'https://data.allie.dbcls.jp/sparql?query=ASK%20WHERE%20%7B%20%3Fx%20%3Chttp%3A%2F%2Fwww.w3.org%2F2000%2F01%2Frdf-schema%23label%3E%20%3FenglishLabel.%20%7D', requestInterval: 418, currentDelay: 418, actor: 'urn:comunica:default:http/actors#limit-rate' }
[0m[90m[2026-06-12T07:35:45.009Z]  DEBUG: Delaying request { url: 'https://data.allie.dbcls.jp/sparql?query=ASK%20WHERE%20%7B%20%3Fs%20%3Chttp%3A%2F%2Fwww.w3.org%2F2000%2F01%2Frdf-schema%23label%3E%20%3Fo.%20%7D', requestInterval: 418, currentDelay: 835, actor: 'urn:comunica:default:http/actors#limit-rate' }
[0m[90m[2026-06-12T07:35:45.009Z]  DEBUG: Delaying request { url: 'https://data.allie.dbcls.jp/sparql?query=ASK%20WHERE%20%7B%20%3Fs%20%3Chttp%3A%2F%2Fwww.geneontology.org%2Fformats%2FoboInOwl%23hasSynonym%3E%20%3Fo.%20%7D', requestInterval: 418, currentDelay: 1253, actor: 'urn:comunica:default:http/actors#limit-rate' }
[0m[32m[2026-06-12T07:35:45.009Z]  INFO: Requesting https://data.allie.dbcls.jp/sparql?query=ASK%20WHERE%20%7B%20%3Fx%20%3Chttp%3A%2F%2Fwww.w3.org%2F2000%2F01%2Frdf-schema%23label%3E%20%221%2C2%2C4-%E3%83%88%E3%83%AA%E3%82%AF%E3%83%AD%E3%83%AD%E3%83%99%E3%83%B3%E3%82%BC%E3%83%B3%22%40ja.%20%7D { headers: { accept: 'application/sparql-results+json;q=1.0,application/sparql-results+xml;q=0.7', 'user-agent': 'Comunica/4.0 (linux; x64) ActorHttpFetch/4.4.1 Node.js/24' }, method: 'GET', actor: 'urn:comunica:default:http/actors#fetch' }
[0m[32m[2026-06-12T07:35:45.428Z]  INFO: Requesting https://data.allie.dbcls.jp/sparql?query=ASK%20WHERE%20%7B%20%3Fx%20%3Chttp%3A%2F%2Fwww.w3.org%2F2000%2F01%2Frdf-schema%23label%3E%20%3FenglishLabel.%20%7D { headers: { accept: 'application/sparql-results+json;q=1.0,application/sparql-results+xml;q=0.7', 'user-agent': 'Comunica/4.0 (linux; x64) ActorHttpFetch/4.4.1 Node.js/24' }, method: 'GET', actor: 'urn:comunica:default:http/actors#fetch' }
[0m[32m[2026-06-12T07:35:45.844Z]  INFO: Requesting https://data.allie.dbcls.jp/sparql?query=ASK%20WHERE%20%7B%20%3Fs%20%3Chttp%3A%2F%2Fwww.w3.org%2F2000%2F01%2Frdf-schema%23label%3E%20%3Fo.%20%7D { headers: { accept: 'application/sparql-results+json;q=1.0,application/sparql-results+xml;q=0.7', 'user-agent': 'Comunica/4.0 (linux; x64) ActorHttpFetch/4.4.1 Node.js/24' }, method: 'GET', actor: 'urn:comunica:default:http/actors#fetch' }
[0m[32m[2026-06-12T07:35:46.262Z]  INFO: Requesting https://data.allie.dbcls.jp/sparql?query=ASK%20WHERE%20%7B%20%3Fs%20%3Chttp%3A%2F%2Fwww.geneontology.org%2Fformats%2FoboInOwl%23hasSynonym%3E%20%3Fo.%20%7D { headers: { accept: 'application/sparql-results+json;q=1.0,application/sparql-results+xml;q=0.7', 'user-agent': 'Comunica/4.0 (linux; x64) ActorHttpFetch/4.4.1 Node.js/24' }, method: 'GET', actor: 'urn:comunica:default:http/actors#fetch' }
[0m[90m[2026-06-12T07:35:46.499Z]  DEBUG: Pruning 2 source-specific operations { actor: 'urn:comunica:default:optimize-query-operation/actors#prune-empty-source-operations' }
[0m[90m[2026-06-12T07:35:46.501Z]  DEBUG: Push down filter across union entries with 2 fully overlapping, 0 partially overlapping, and 0 not overlapping { actor: 'urn:comunica:default:optimize-query-operation/actors#filter-pushdown' }
[0m[90m[2026-06-12T07:35:46.501Z]  DEBUG: Push down filter across join entries with 1 fully overlapping, 0 partially overlapping, and 1 not overlapping { actor: 'urn:comunica:default:optimize-query-operation/actors#filter-pushdown' }
[0m[90m[2026-06-12T07:35:46.502Z]  DEBUG: Pushed down filters in 2 iterations { actor: 'urn:comunica:default:optimize-query-operation/actors#filter-pushdown' }
[0m[90m[2026-06-12T07:35:46.503Z]  DEBUG: Hoist 1 source-specific operations into a single filter operation for QuerySourceHypermedia(https://sparql.rhea-db.org/sparql)(SkolemID:0) { actor: 'urn:comunica:default:optimize-query-operation/actors#group-sources' }
[0m[90m[2026-06-12T07:35:46.503Z]  DEBUG: Hoist 1 source-specific operations into a single filter operation for QuerySourceHypermedia(https://data.allie.dbcls.jp/sparql)(SkolemID:1) { actor: 'urn:comunica:default:optimize-query-operation/actors#group-sources' }
[0m[90m[2026-06-12T07:35:46.515Z]  DEBUG: Determined physical join operator 'inner-bind-source' { entries: 2, variables: [ [ 'x', 'englishLabel' ], [ 'x' ] ], costs: { 'inner-bind-source': NaN, 'inner-bind': NaN, 'inner-hash-def': NaN, 'inner-hash-undef': NaN, 'inner-symmetric-hash': NaN, 'inner-nested-loop': NaN }, coefficients: { 'inner-bind-source': { iterations: 1, persistedItems: Infinity, blockingItems: Infinity, requestTime: NaN }, 'inner-bind': { iterations: Infinity, persistedItems: 0, blockingItems: 0, requestTime: NaN }, 'inner-hash-def': { iterations: Infinity, persistedItems: Infinity, blockingItems: Infinity, requestTime: NaN }, 'inner-hash-undef': { iterations: Infinity, persistedItems: Infinity, blockingItems: Infinity, requestTime: NaN }, 'inner-symmetric-hash': { iterations: Infinity, persistedItems: Infinity, blockingItems: 0, requestTime: NaN }, 'inner-nested-loop': { iterations: Infinity, persistedItems: 0, blockingItems: 0, requestTime: NaN } } }
[0m[90m[2026-06-12T07:35:46.517Z]  DEBUG: First entry for Bind Join Source:  { entry: { type: 'union', input: [ { type: 'filter', input: Quad { termType: 'Quad', value: '', subject: [Object], predicate: [Object], object: [Object], graph: [Object], type: 'pattern' }, expression: { type: 'expression', expressionType: 'operator', operator: '=', args: [Array] }, metadata: { scopedSource: [Object] } }, { type: 'filter', input: Quad { termType: 'Quad', value: '', subject: [Object], predicate: [Object], object: [Object], graph: [Object], type: 'pattern' }, expression: { type: 'expression', expressionType: 'operator', operator: '=', args: [Array] }, metadata: { scopedSource: [Object] } } ] }, cardinality: { type: 'estimate', value: Infinity }, order: undefined, availableOrders: undefined, actor: 'urn:comunica:default:rdf-join/actors#inner-multi-bind-source' }
[0m[90m[2026-06-12T07:35:46.524Z]  DEBUG: Delaying request { url: 'https://data.allie.dbcls.jp/sparql?query=SELECT%20%3Fx%20%3FenglishLabel%20WHERE%20%7B%0A%20%20%3Fx%20%3Chttp%3A%2F%2Fwww.w3.org%2F2000%2F01%2Frdf-schema%23label%3E%20%3FenglishLabel.%0A%20%20FILTER((LANG(%3FenglishLabel))%20%3D%20%22en%22)%0A%7D', requestInterval: 291, currentDelay: 29, actor: 'urn:comunica:default:http/actors#limit-rate' }
[0m[32m[2026-06-12T07:35:46.525Z]  INFO: Requesting https://sparql.rhea-db.org/sparql?query=SELECT%20%3Fx%20%3FenglishLabel%20WHERE%20%7B%0A%20%20%3Fx%20%3Chttp%3A%2F%2Fwww.w3.org%2F2000%2F01%2Frdf-schema%23label%3E%20%3FenglishLabel.%0A%20%20FILTER((LANG(%3FenglishLabel))%20%3D%20%22en%22)%0A%7D { headers: { accept: 'application/sparql-results+json;q=1.0,application/sparql-results+xml;q=0.7', 'user-agent': 'Comunica/4.0 (linux; x64) ActorHttpFetch/4.4.1 Node.js/24' }, method: 'GET', actor: 'urn:comunica:default:http/actors#fetch' }
[0m[90m[2026-06-12T07:35:46.528Z]  DEBUG: Determined physical join operator 'inner-bind' { entries: 2, variables: [ [ 'x', 'englishLabel', 'englishLabelStr' ], [ 'chebi', 'englishLabelStr' ] ], costs: { 'inner-bind': NaN, 'inner-hash-def': NaN, 'inner-hash-undef': NaN, 'inner-symmetric-hash': NaN, 'inner-nested-loop': NaN }, coefficients: { 'inner-bind': { iterations: Infinity, persistedItems: 0, blockingItems: 0, requestTime: NaN }, 'inner-hash-def': { iterations: Infinity, persistedItems: Infinity, blockingItems: Infinity, requestTime: NaN }, 'inner-hash-undef': { iterations: Infinity, persistedItems: Infinity, blockingItems: Infinity, requestTime: NaN }, 'inner-symmetric-hash': { iterations: Infinity, persistedItems: Infinity, blockingItems: 0, requestTime: NaN }, 'inner-nested-loop': { iterations: Infinity, persistedItems: 0, blockingItems: 0, requestTime: NaN } } }
[0m[90m[2026-06-12T07:35:46.530Z]  DEBUG: First entry for Bind Join:  { entry: { type: 'extend', input: { type: 'join', input: [ { type: 'union', input: [Array] }, Quad { termType: 'Quad', value: '', subject: [Object], predicate: [Object], object: [Object], graph: [Object], type: 'pattern', metadata: [Object] } ] }, variable: Variable { termType: 'Variable', value: 'englishLabelStr' }, expression: { type: 'expression', expressionType: 'operator', operator: 'str', args: [ { type: 'expression', expressionType: 'term', term: [Object] } ] } }, cardinality: { type: 'estimate', value: Infinity }, order: undefined, availableOrders: undefined, actor: 'urn:comunica:default:rdf-join/actors#inner-multi-bind' }
[0m[32m[2026-06-12T07:35:46.554Z]  INFO: Requesting https://data.allie.dbcls.jp/sparql?query=SELECT%20%3Fx%20%3FenglishLabel%20WHERE%20%7B%0A%20%20%3Fx%20%3Chttp%3A%2F%2Fwww.w3.org%2F2000%2F01%2Frdf-schema%23label%3E%20%3FenglishLabel.%0A%20%20FILTER((LANG(%3FenglishLabel))%20%3D%20%22en%22)%0A%7D { headers: { accept: 'application/sparql-results+json;q=1.0,application/sparql-results+xml;q=0.7', 'user-agent': 'Comunica/4.0 (linux; x64) ActorHttpFetch/4.4.1 Node.js/24' }, method: 'GET', actor: 'urn:comunica:default:http/actors#fetch' }
[0m[32m[2026-06-12T07:36:29.328Z]  INFO: Requesting https://data.allie.dbcls.jp/sparql { headers: { accept: 'application/sparql-results+json;q=1.0,application/sparql-results+xml;q=0.7', 'content-length': '2145', 'content-type': 'application/x-www-form-urlencoded', 'user-agent': 'Comunica/4.0 (linux; x64) ActorHttpFetch/4.4.1 Node.js/24' }, method: 'POST', actor: 'urn:comunica:default:http/actors#fetch' }
[0m[90m[2026-06-12T07:36:29.335Z]  DEBUG: Delaying request { url: 'https://data.allie.dbcls.jp/sparql', requestInterval: 13032, currentDelay: 13024, actor: 'urn:comunica:default:http/actors#limit-rate' }
[0m[90m[2026-06-12T07:36:29.338Z]  DEBUG: Delaying request { url: 'https://data.allie.dbcls.jp/sparql', requestInterval: 13032, currentDelay: 26053, actor: 'urn:comunica:default:http/actors#limit-rate' }
[0m[90m[2026-06-12T07:36:29.553Z]  DEBUG: Delaying request { url: 'https://data.allie.dbcls.jp/sparql', requestInterval: 13032, currentDelay: 38870, actor: 'urn:comunica:default:http/actors#limit-rate' }
[0m[90m[2026-06-12T07:36:29.556Z]  DEBUG: Delaying request { url: 'https://data.allie.dbcls.jp/sparql', requestInterval: 13032, currentDelay: 51899, actor: 'urn:comunica:default:http/actors#limit-rate' }
[0m[90m[2026-06-12T07:36:29.559Z]  DEBUG: Delaying request { url: 'https://data.allie.dbcls.jp/sparql', requestInterval: 13032, currentDelay: 64928, actor: 'urn:comunica:default:http/actors#limit-rate' }
[0m[90m[2026-06-12T07:36:29.564Z]  DEBUG: Delaying request { url: 'https://data.allie.dbcls.jp/sparql', requestInterval: 13032, currentDelay: 77955, actor: 'urn:comunica:default:http/actors#limit-rate' }
[0m[90m[2026-06-12T07:36:29.567Z]  DEBUG: Delaying request { url: 'https://data.allie.dbcls.jp/sparql', requestInterval: 13032, currentDelay: 90984, actor: 'urn:comunica:default:http/actors#limit-rate' }
[0m[90m[2026-06-12T07:36:29.571Z]  DEBUG: Delaying request { url: 'https://data.allie.dbcls.jp/sparql', requestInterval: 13032, currentDelay: 104012, actor: 'urn:comunica:default:http/actors#limit-rate' }
[0m[90m[2026-06-12T07:36:29.575Z]  DEBUG: Delaying request { url: 'https://data.allie.dbcls.jp/sparql', requestInterval: 13032, currentDelay: 117040, actor: 'urn:comunica:default:http/actors#limit-rate' }
[0m[90m[2026-06-12T07:36:29.577Z]  DEBUG: Delaying request { url: 'https://data.allie.dbcls.jp/sparql', requestInterval: 13032, currentDelay: 130070, actor: 'urn:comunica:default:http/actors#limit-rate' }
[0m[90m[2026-06-12T07:36:29.581Z]  DEBUG: Delaying request { url: 'https://data.allie.dbcls.jp/sparql', requestInterval: 13032, currentDelay: 143098, actor: 'urn:comunica:default:http/actors#limit-rate' }
[0m[90m[2026-06-12T07:36:29.584Z]  DEBUG: Delaying request { url: 'https://data.allie.dbcls.jp/sparql', requestInterval: 13032, currentDelay: 156127, actor: 'urn:comunica:default:http/actors#limit-rate' }
[0m[90m[2026-06-12T07:36:29.586Z]  DEBUG: Delaying request { url: 'https://data.allie.dbcls.jp/sparql', requestInterval: 13032, currentDelay: 169157, actor: 'urn:comunica:default:http/actors#limit-rate' }
[0m[90m[2026-06-12T07:36:29.588Z]  DEBUG: Delaying request { url: 'https://data.allie.dbcls.jp/sparql', requestInterval: 13032, currentDelay: 182187, actor: 'urn:comunica:default:http/actors#limit-rate' }
[0m[90m[2026-06-12T07:36:29.779Z]  DEBUG: Delaying request { url: 'https://data.allie.dbcls.jp/sparql', requestInterval: 13032, currentDelay: 195028, actor: 'urn:comunica:default:http/actors#limit-rate' }
[0m[90m[2026-06-12T07:36:29.785Z]  DEBUG: Delaying request { url: 'https://data.allie.dbcls.jp/sparql', requestInterval: 13032, currentDelay: 208055, actor: 'urn:comunica:default:http/actors#limit-rate' }
[0m[90m[2026-06-12T07:36:29.787Z]  DEBUG: Delaying request { url: 'https://data.allie.dbcls.jp/sparql', requestInterval: 13032, currentDelay: 221084, actor: 'urn:comunica:default:http/actors#limit-rate' }
[0m[90m[2026-06-12T07:36:29.791Z]  DEBUG: Delaying request { url: 'https://data.allie.dbcls.jp/sparql', requestInterval: 13032, currentDelay: 234112, actor: 'urn:comunica:default:http/actors#limit-rate' }
[0m[90m[2026-06-12T07:36:29.793Z]  DEBUG: Delaying request { url: 'https://data.allie.dbcls.jp/sparql', requestInterval: 13032, currentDelay: 247142, actor: 'urn:comunica:default:http/actors#limit-rate' }
[0m[90m[2026-06-12T07:36:29.794Z]  DEBUG: Delaying request { url: 'https://data.allie.dbcls.jp/sparql', requestInterval: 13032, currentDelay: 260173, actor: 'urn:comunica:default:http/actors#limit-rate' }
[0m[90m[2026-06-12T07:36:29.797Z]  DEBUG: Delaying request { url: 'https://data.allie.dbcls.jp/sparql', requestInterval: 13032, currentDelay: 273202, actor: 'urn:comunica:default:http/actors#limit-rate' }
[0m[90m[2026-06-12T07:36:29.799Z]  DEBUG: Delaying request { url: 'https://data.allie.dbcls.jp/sparql', requestInterval: 13032, currentDelay: 286232, actor: 'urn:comunica:default:http/actors#limit-rate' }
[0m[90m[2026-06-12T07:36:29.805Z]  DEBUG: Delaying request { url: 'https://data.allie.dbcls.jp/sparql', requestInterval: 13032, currentDelay: 299258, actor: 'urn:comunica:default:http/actors#limit-rate' }
[0m[90m[2026-06-12T07:36:29.809Z]  DEBUG: Delaying request { url: 'https://data.allie.dbcls.jp/sparql', requestInterval: 13032, currentDelay: 312286, actor: 'urn:comunica:default:http/actors#limit-rate' }
[0m[90m[2026-06-12T07:36:29.812Z]  DEBUG: Delaying request { url: 'https://data.allie.dbcls.jp/sparql', requestInterval: 13032, currentDelay: 325315, actor: 'urn:comunica:default:http/actors#limit-rate' }
[0m[90m[2026-06-12T07:36:29.815Z]  DEBUG: Delaying request { url: 'https://data.allie.dbcls.jp/sparql', requestInterval: 13032, currentDelay: 338344, actor: 'urn:comunica:default:http/actors#limit-rate' }
[0m[90m[2026-06-12T07:36:29.818Z]  DEBUG: Delaying request { url: 'https://data.allie.dbcls.jp/sparql', requestInterval: 13032, currentDelay: 351373, actor: 'urn:comunica:default:http/actors#limit-rate' }
[0m[90m[2026-06-12T07:36:29.821Z]  DEBUG: Delaying request { url: 'https://data.allie.dbcls.jp/sparql', requestInterval: 13032, currentDelay: 364402, actor: 'urn:comunica:default:http/actors#limit-rate' }
[0m[90m[2026-06-12T07:36:29.823Z]  DEBUG: Delaying request { url: 'https://data.allie.dbcls.jp/sparql', requestInterval: 13032, currentDelay: 377432, actor: 'urn:comunica:default:http/actors#limit-rate' }
[0m[90m[2026-06-12T07:36:29.825Z]  DEBUG: Delaying request { url: 'https://data.allie.dbcls.jp/sparql', requestInterval: 13032, currentDelay: 390462, actor: 'urn:comunica:default:http/actors#limit-rate' }
[0m[90m[2026-06-12T07:36:29.830Z]  DEBUG: Delaying request { url: 'https://data.allie.dbcls.jp/sparql', requestInterval: 13032, currentDelay: 403489, actor: 'urn:comunica:default:http/actors#limit-rate' }
[0m[90m[2026-06-12T07:36:29.832Z]  DEBUG: Delaying request { url: 'https://data.allie.dbcls.jp/sparql', requestInterval: 13032, currentDelay: 416519, actor: 'urn:comunica:default:http/actors#limit-rate' }
[0m[90m[2026-06-12T07:36:29.836Z]  DEBUG: Delaying request { url: 'https://data.allie.dbcls.jp/sparql', requestInterval: 13032, currentDelay: 429547, actor: 'urn:comunica:default:http/actors#limit-rate' }
[0m[90m[2026-06-12T07:36:29.838Z]  DEBUG: Delaying request { url: 'https://data.allie.dbcls.jp/sparql', requestInterval: 13032, currentDelay: 442577, actor: 'urn:comunica:default:http/actors#limit-rate' }
[0m[90m[2026-06-12T07:36:29.840Z]  DEBUG: Delaying request { url: 'https://data.allie.dbcls.jp/sparql', requestInterval: 13032, currentDelay: 455607, actor: 'urn:comunica:default:http/actors#limit-rate' }
[0m[90m[2026-06-12T07:36:29.842Z]  DEBUG: Delaying request { url: 'https://data.allie.dbcls.jp/sparql', requestInterval: 13032, currentDelay: 468637, actor: 'urn:comunica:default:http/actors#limit-rate' }
[0m[90m[2026-06-12T07:36:29.843Z]  DEBUG: Delaying request { url: 'https://data.allie.dbcls.jp/sparql', requestInterval: 13032, currentDelay: 481668, actor: 'urn:comunica:default:http/actors#limit-rate' }
[0m[90m[2026-06-12T07:36:30.009Z]  DEBUG: Delaying request { url: 'https://data.allie.dbcls.jp/sparql', requestInterval: 13032, currentDelay: 494534, actor: 'urn:comunica:default:http/actors#limit-rate' }
[0m[90m[2026-06-12T07:36:30.013Z]  DEBUG: Delaying request { url: 'https://data.allie.dbcls.jp/sparql', requestInterval: 13032, currentDelay: 507562, actor: 'urn:comunica:default:http/actors#limit-rate' }
[0m[90m[2026-06-12T07:36:30.015Z]  DEBUG: Delaying request { url: 'https://data.allie.dbcls.jp/sparql', requestInterval: 13032, currentDelay: 520592, actor: 'urn:comunica:default:http/actors#limit-rate' }
[0m[90m[2026-06-12T07:36:30.017Z]  DEBUG: Delaying request { url: 'https://data.allie.dbcls.jp/sparql', requestInterval: 13032, currentDelay: 533622, actor: 'urn:comunica:default:http/actors#limit-rate' }
[0m[90m[2026-06-12T07:36:30.020Z]  DEBUG: Delaying request { url: 'https://data.allie.dbcls.jp/sparql', requestInterval: 13032, currentDelay: 546651, actor: 'urn:comunica:default:http/actors#limit-rate' }
[0m[90m[2026-06-12T07:36:30.022Z]  DEBUG: Delaying request { url: 'https://data.allie.dbcls.jp/sparql', requestInterval: 13032, currentDelay: 559681, actor: 'urn:comunica:default:http/actors#limit-rate' }
[0m[90m[2026-06-12T07:36:30.024Z]  DEBUG: Delaying request { url: 'https://data.allie.dbcls.jp/sparql', requestInterval: 13032, currentDelay: 572711, actor: 'urn:comunica:default:http/actors#limit-rate' }
[0m[90m[2026-06-12T07:36:30.028Z]  DEBUG: Delaying request { url: 'https://data.allie.dbcls.jp/sparql', requestInterval: 13032, currentDelay: 585739, actor: 'urn:comunica:default:http/actors#limit-rate' }
[0m[90m[2026-06-12T07:36:30.031Z]  DEBUG: Delaying request { url: 'https://data.allie.dbcls.jp/sparql', requestInterval: 13032, currentDelay: 598768, actor: 'urn:comunica:default:http/actors#limit-rate' }
[0m[90m[2026-06-12T07:36:30.034Z]  DEBUG: Delaying request { url: 'https://data.allie.dbcls.jp/sparql', requestInterval: 13032, currentDelay: 611797, actor: 'urn:comunica:default:http/actors#limit-rate' }
[0m[90m[2026-06-12T07:36:30.037Z]  DEBUG: Delaying request { url: 'https://data.allie.dbcls.jp/sparql', requestInterval: 13032, currentDelay: 624826, actor: 'urn:comunica:default:http/actors#limit-rate' }
[0m[90m[2026-06-12T07:36:30.040Z]  DEBUG: Delaying request { url: 'https://data.allie.dbcls.jp/sparql', requestInterval: 13032, currentDelay: 637855, actor: 'urn:comunica:default:http/actors#limit-rate' }
[0m[90m[2026-06-12T07:36:30.042Z]  DEBUG: Delaying request { url: 'https://data.allie.dbcls.jp/sparql', requestInterval: 13032, currentDelay: 650885, actor: 'urn:comunica:default:http/actors#limit-rate' }
[0m[90m[2026-06-12T07:36:30.046Z]  DEBUG: Delaying request { url: 'https://data.allie.dbcls.jp/sparql', requestInterval: 13032, currentDelay: 663913, actor: 'urn:comunica:default:http/actors#limit-rate' }
[0m[90m[2026-06-12T07:36:30.048Z]  DEBUG: Delaying request { url: 'https://data.allie.dbcls.jp/sparql', requestInterval: 13032, currentDelay: 676943, actor: 'urn:comunica:default:http/actors#limit-rate' }
[0m[90m[2026-06-12T07:36:30.050Z]  DEBUG: Delaying request { url: 'https://data.allie.dbcls.jp/sparql', requestInterval: 13032, currentDelay: 689973, actor: 'urn:comunica:default:http/actors#limit-rate' }
[0m[90m[2026-06-12T07:36:30.053Z]  DEBUG: Delaying request { url: 'https://data.allie.dbcls.jp/sparql', requestInterval: 13032, currentDelay: 703002, actor: 'urn:comunica:default:http/actors#limit-rate' }
[0m[90m[2026-06-12T07:36:30.055Z]  DEBUG: Delaying request { url: 'https://data.allie.dbcls.jp/sparql', requestInterval: 13032, currentDelay: 716032, actor: 'urn:comunica:default:http/actors#limit-rate' }
[0m[90m[2026-06-12T07:36:30.057Z]  DEBUG: Delaying request { url: 'https://data.allie.dbcls.jp/sparql', requestInterval: 13032, currentDelay: 729062, actor: 'urn:comunica:default:http/actors#limit-rate' }
[0m[90m[2026-06-12T07:36:30.060Z]  DEBUG: Delaying request { url: 'https://data.allie.dbcls.jp/sparql', requestInterval: 13032, currentDelay: 742091, actor: 'urn:comunica:default:http/actors#limit-rate' }
[0m[90m[2026-06-12T07:36:30.061Z]  DEBUG: Delaying request { url: 'https://data.allie.dbcls.jp/sparql', requestInterval: 13032, currentDelay: 755122, actor: 'urn:comunica:default:http/actors#limit-rate' }
[0m[90m[2026-06-12T07:36:30.062Z]  DEBUG: Delaying request { url: 'https://data.allie.dbcls.jp/sparql', requestInterval: 13032, currentDelay: 768153, actor: 'urn:comunica:default:http/actors#limit-rate' }
[0m[90m[2026-06-12T07:36:30.064Z]  DEBUG: Delaying request { url: 'https://data.allie.dbcls.jp/sparql', requestInterval: 13032, currentDelay: 781183, actor: 'urn:comunica:default:http/actors#limit-rate' }
[0m[90m[2026-06-12T07:36:30.065Z]  DEBUG: Delaying request { url: 'https://data.allie.dbcls.jp/sparql', requestInterval: 13032, currentDelay: 794214, actor: 'urn:comunica:default:http/actors#limit-rate' }
[0m[90m[2026-06-12T07:36:30.067Z]  DEBUG: Delaying request { url: 'https://data.allie.dbcls.jp/sparql', requestInterval: 13032, currentDelay: 807244, actor: 'urn:comunica:default:http/actors#limit-rate' }
[0m[90m[2026-06-12T07:36:30.070Z]  DEBUG: Delaying request { url: 'https://data.allie.dbcls.jp/sparql', requestInterval: 13032, currentDelay: 820273, actor: 'urn:comunica:default:http/actors#limit-rate' }
[0m[90m[2026-06-12T07:36:30.071Z]  DEBUG: Delaying request { url: 'https://data.allie.dbcls.jp/sparql', requestInterval: 13032, currentDelay: 833304, actor: 'urn:comunica:default:http/actors#limit-rate' }
[0m[90m[2026-06-12T07:36:30.072Z]  DEBUG: Delaying request { url: 'https://data.allie.dbcls.jp/sparql', requestInterval: 13032, currentDelay: 846335, actor: 'urn:comunica:default:http/actors#limit-rate' }
[0m[90m[2026-06-12T07:36:30.074Z]  DEBUG: Delaying request { url: 'https://data.allie.dbcls.jp/sparql', requestInterval: 13032, currentDelay: 859365, actor: 'urn:comunica:default:http/actors#limit-rate' }
[0m[90m[2026-06-12T07:36:30.076Z]  DEBUG: Delaying request { url: 'https://data.allie.dbcls.jp/sparql', requestInterval: 13032, currentDelay: 872395, actor: 'urn:comunica:default:http/actors#limit-rate' }
[0m[90m[2026-06-12T07:36:30.077Z]  DEBUG: Delaying request { url: 'https://data.allie.dbcls.jp/sparql', requestInterval: 13032, currentDelay: 885426, actor: 'urn:comunica:default:http/actors#limit-rate' }
[0m[90m[2026-06-12T07:36:30.080Z]  DEBUG: Delaying request { url: 'https://data.allie.dbcls.jp/sparql', requestInterval: 13032, currentDelay: 898455, actor: 'urn:comunica:default:http/actors#limit-rate' }
[0m[90m[2026-06-12T07:36:30.081Z]  DEBUG: Delaying request { url: 'https://data.allie.dbcls.jp/sparql', requestInterval: 13032, currentDelay: 911486, actor: 'urn:comunica:default:http/actors#limit-rate' }
[0m[90m[2026-06-12T07:36:30.083Z]  DEBUG: Delaying request { url: 'https://data.allie.dbcls.jp/sparql', requestInterval: 13032, currentDelay: 924516, actor: 'urn:comunica:default:http/actors#limit-rate' }
[0m[90m[2026-06-12T07:36:30.084Z]  DEBUG: Server reported client-side error { url: 'https://data.allie.dbcls.jp/sparql', status: 400, statusText: 'Bad Request', currentAttempt: '1 / 3', actor: 'urn:comunica:default:http/actors#retry' }
[0mRequest failed: https://data.allie.dbcls.jp/sparql
