[32m[2026-04-17T12:20:36.855Z]  INFO: Requesting https://sparql.rhea-db.org/sparql { headers: { accept: 'application/n-quads,application/trig;q=0.95,application/ld+json;q=0.9,application/n-triples;q=0.8,text/turtle;q=0.6,application/rdf+xml;q=0.5,text/n3;q=0.35,application/xml;q=0.3,image/svg+xml;q=0.3,text/xml;q=0.3,text/html;q=0.2,application/xhtml+xml;q=0.18,application/json;q=0.135,text/shaclc;q=0.1,text/shaclc-ext;q=0.05', 'user-agent': 'Comunica/4.0 (linux; x64) ActorHttpFetch/4.4.1 Node.js/24' }, method: undefined, actor: 'urn:comunica:default:http/actors#fetch' }
[0m[32m[2026-04-17T12:20:36.857Z]  INFO: Requesting https://data.allie.dbcls.jp/sparql { headers: { accept: 'application/n-quads,application/trig;q=0.95,application/ld+json;q=0.9,application/n-triples;q=0.8,text/turtle;q=0.6,application/rdf+xml;q=0.5,text/n3;q=0.35,application/xml;q=0.3,image/svg+xml;q=0.3,text/xml;q=0.3,text/html;q=0.2,application/xhtml+xml;q=0.18,application/json;q=0.135,text/shaclc;q=0.1,text/shaclc-ext;q=0.05', 'user-agent': 'Comunica/4.0 (linux; x64) ActorHttpFetch/4.4.1 Node.js/24' }, method: undefined, actor: 'urn:comunica:default:http/actors#fetch' }
[0m[32m[2026-04-17T12:20:36.994Z]  INFO: Identified https://sparql.rhea-db.org/sparql as sparql source with service URL: https://sparql.rhea-db.org/sparql { actor: 'urn:comunica:default:query-source-identify-hypermedia/actors#sparql' }
[0m[90m[2026-04-17T12:20:36.997Z]  DEBUG: Delaying request { url: 'https://sparql.rhea-db.org/sparql?query=ASK%20WHERE%20%7B%20%3Fx%20%3Chttp%3A%2F%2Fwww.w3.org%2F2000%2F01%2Frdf-schema%23label%3E%20%3FenglishLabel.%20%7D', requestInterval: 25, currentDelay: 25, actor: 'urn:comunica:default:http/actors#limit-rate' }
[0m[90m[2026-04-17T12:20:36.997Z]  DEBUG: Delaying request { url: 'https://sparql.rhea-db.org/sparql?query=ASK%20WHERE%20%7B%20%3Fs%20%3Chttp%3A%2F%2Fwww.w3.org%2F2000%2F01%2Frdf-schema%23label%3E%20%3Fo.%20%7D', requestInterval: 25, currentDelay: 50, actor: 'urn:comunica:default:http/actors#limit-rate' }
[0m[90m[2026-04-17T12:20:36.997Z]  DEBUG: Delaying request { url: 'https://sparql.rhea-db.org/sparql?query=ASK%20WHERE%20%7B%20%3Fs%20%3Chttp%3A%2F%2Fwww.geneontology.org%2Fformats%2FoboInOwl%23hasSynonym%3E%20%3Fo.%20%7D', requestInterval: 25, currentDelay: 75, actor: 'urn:comunica:default:http/actors#limit-rate' }
[0m[32m[2026-04-17T12:20:36.998Z]  INFO: Requesting https://sparql.rhea-db.org/sparql?query=ASK%20WHERE%20%7B%20%3Fx%20%3Chttp%3A%2F%2Fwww.w3.org%2F2000%2F01%2Frdf-schema%23label%3E%20%221%2C2%2C4-%E3%83%88%E3%83%AA%E3%82%AF%E3%83%AD%E3%83%AD%E3%83%99%E3%83%B3%E3%82%BC%E3%83%B3%22%40ja.%20%7D { headers: { accept: 'application/sparql-results+json;q=1.0,application/sparql-results+xml;q=0.7', 'user-agent': 'Comunica/4.0 (linux; x64) ActorHttpFetch/4.4.1 Node.js/24' }, method: 'GET', actor: 'urn:comunica:default:http/actors#fetch' }
[0m[32m[2026-04-17T12:20:37.023Z]  INFO: Requesting https://sparql.rhea-db.org/sparql?query=ASK%20WHERE%20%7B%20%3Fx%20%3Chttp%3A%2F%2Fwww.w3.org%2F2000%2F01%2Frdf-schema%23label%3E%20%3FenglishLabel.%20%7D { headers: { accept: 'application/sparql-results+json;q=1.0,application/sparql-results+xml;q=0.7', 'user-agent': 'Comunica/4.0 (linux; x64) ActorHttpFetch/4.4.1 Node.js/24' }, method: 'GET', actor: 'urn:comunica:default:http/actors#fetch' }
[0m[32m[2026-04-17T12:20:37.048Z]  INFO: Requesting https://sparql.rhea-db.org/sparql?query=ASK%20WHERE%20%7B%20%3Fs%20%3Chttp%3A%2F%2Fwww.w3.org%2F2000%2F01%2Frdf-schema%23label%3E%20%3Fo.%20%7D { headers: { accept: 'application/sparql-results+json;q=1.0,application/sparql-results+xml;q=0.7', 'user-agent': 'Comunica/4.0 (linux; x64) ActorHttpFetch/4.4.1 Node.js/24' }, method: 'GET', actor: 'urn:comunica:default:http/actors#fetch' }
[0m[32m[2026-04-17T12:20:37.073Z]  INFO: Requesting https://sparql.rhea-db.org/sparql?query=ASK%20WHERE%20%7B%20%3Fs%20%3Chttp%3A%2F%2Fwww.geneontology.org%2Fformats%2FoboInOwl%23hasSynonym%3E%20%3Fo.%20%7D { headers: { accept: 'application/sparql-results+json;q=1.0,application/sparql-results+xml;q=0.7', 'user-agent': 'Comunica/4.0 (linux; x64) ActorHttpFetch/4.4.1 Node.js/24' }, method: 'GET', actor: 'urn:comunica:default:http/actors#fetch' }
[0m[32m[2026-04-17T12:20:37.831Z]  INFO: Identified https://data.allie.dbcls.jp/sparql as sparql source with service URL: https://data.allie.dbcls.jp/sparql { actor: 'urn:comunica:default:query-source-identify-hypermedia/actors#sparql' }
[0m[90m[2026-04-17T12:20:37.832Z]  DEBUG: Delaying request { url: 'https://data.allie.dbcls.jp/sparql?query=ASK%20WHERE%20%7B%20%3Fx%20%3Chttp%3A%2F%2Fwww.w3.org%2F2000%2F01%2Frdf-schema%23label%3E%20%3FenglishLabel.%20%7D', requestInterval: 289, currentDelay: 289, actor: 'urn:comunica:default:http/actors#limit-rate' }
[0m[90m[2026-04-17T12:20:37.832Z]  DEBUG: Delaying request { url: 'https://data.allie.dbcls.jp/sparql?query=ASK%20WHERE%20%7B%20%3Fs%20%3Chttp%3A%2F%2Fwww.w3.org%2F2000%2F01%2Frdf-schema%23label%3E%20%3Fo.%20%7D', requestInterval: 289, currentDelay: 578, actor: 'urn:comunica:default:http/actors#limit-rate' }
[0m[90m[2026-04-17T12:20:37.832Z]  DEBUG: Delaying request { url: 'https://data.allie.dbcls.jp/sparql?query=ASK%20WHERE%20%7B%20%3Fs%20%3Chttp%3A%2F%2Fwww.geneontology.org%2Fformats%2FoboInOwl%23hasSynonym%3E%20%3Fo.%20%7D', requestInterval: 289, currentDelay: 867, actor: 'urn:comunica:default:http/actors#limit-rate' }
[0m[32m[2026-04-17T12:20:37.832Z]  INFO: Requesting https://data.allie.dbcls.jp/sparql?query=ASK%20WHERE%20%7B%20%3Fx%20%3Chttp%3A%2F%2Fwww.w3.org%2F2000%2F01%2Frdf-schema%23label%3E%20%221%2C2%2C4-%E3%83%88%E3%83%AA%E3%82%AF%E3%83%AD%E3%83%AD%E3%83%99%E3%83%B3%E3%82%BC%E3%83%B3%22%40ja.%20%7D { headers: { accept: 'application/sparql-results+json;q=1.0,application/sparql-results+xml;q=0.7', 'user-agent': 'Comunica/4.0 (linux; x64) ActorHttpFetch/4.4.1 Node.js/24' }, method: 'GET', actor: 'urn:comunica:default:http/actors#fetch' }
[0m[32m[2026-04-17T12:20:38.122Z]  INFO: Requesting https://data.allie.dbcls.jp/sparql?query=ASK%20WHERE%20%7B%20%3Fx%20%3Chttp%3A%2F%2Fwww.w3.org%2F2000%2F01%2Frdf-schema%23label%3E%20%3FenglishLabel.%20%7D { headers: { accept: 'application/sparql-results+json;q=1.0,application/sparql-results+xml;q=0.7', 'user-agent': 'Comunica/4.0 (linux; x64) ActorHttpFetch/4.4.1 Node.js/24' }, method: 'GET', actor: 'urn:comunica:default:http/actors#fetch' }
[0m[32m[2026-04-17T12:20:38.412Z]  INFO: Requesting https://data.allie.dbcls.jp/sparql?query=ASK%20WHERE%20%7B%20%3Fs%20%3Chttp%3A%2F%2Fwww.w3.org%2F2000%2F01%2Frdf-schema%23label%3E%20%3Fo.%20%7D { headers: { accept: 'application/sparql-results+json;q=1.0,application/sparql-results+xml;q=0.7', 'user-agent': 'Comunica/4.0 (linux; x64) ActorHttpFetch/4.4.1 Node.js/24' }, method: 'GET', actor: 'urn:comunica:default:http/actors#fetch' }
[0m[32m[2026-04-17T12:20:38.700Z]  INFO: Requesting https://data.allie.dbcls.jp/sparql?query=ASK%20WHERE%20%7B%20%3Fs%20%3Chttp%3A%2F%2Fwww.geneontology.org%2Fformats%2FoboInOwl%23hasSynonym%3E%20%3Fo.%20%7D { headers: { accept: 'application/sparql-results+json;q=1.0,application/sparql-results+xml;q=0.7', 'user-agent': 'Comunica/4.0 (linux; x64) ActorHttpFetch/4.4.1 Node.js/24' }, method: 'GET', actor: 'urn:comunica:default:http/actors#fetch' }
[0m[90m[2026-04-17T12:20:39.046Z]  DEBUG: Pruning 2 source-specific operations { actor: 'urn:comunica:default:optimize-query-operation/actors#prune-empty-source-operations' }
[0m[90m[2026-04-17T12:20:39.048Z]  DEBUG: Push down filter across union entries with 2 fully overlapping, 0 partially overlapping, and 0 not overlapping { actor: 'urn:comunica:default:optimize-query-operation/actors#filter-pushdown' }
[0m[90m[2026-04-17T12:20:39.048Z]  DEBUG: Push down filter across join entries with 1 fully overlapping, 0 partially overlapping, and 1 not overlapping { actor: 'urn:comunica:default:optimize-query-operation/actors#filter-pushdown' }
[0m[90m[2026-04-17T12:20:39.048Z]  DEBUG: Pushed down filters in 2 iterations { actor: 'urn:comunica:default:optimize-query-operation/actors#filter-pushdown' }
[0m[90m[2026-04-17T12:20:39.049Z]  DEBUG: Hoist 1 source-specific operations into a single filter operation for QuerySourceHypermedia(https://sparql.rhea-db.org/sparql)(SkolemID:0) { actor: 'urn:comunica:default:optimize-query-operation/actors#group-sources' }
[0m[90m[2026-04-17T12:20:39.049Z]  DEBUG: Hoist 1 source-specific operations into a single filter operation for QuerySourceHypermedia(https://data.allie.dbcls.jp/sparql)(SkolemID:1) { actor: 'urn:comunica:default:optimize-query-operation/actors#group-sources' }
[0m[90m[2026-04-17T12:20:39.058Z]  DEBUG: Delaying request { url: 'https://data.allie.dbcls.jp/sparql?query=SELECT%20(COUNT(*)%20AS%20%3Fcount)%20WHERE%20%7B%20%3Fs%20%3Chttp%3A%2F%2Fwww.w3.org%2F2000%2F01%2Frdf-schema%23label%3E%20%3Fo.%20%7D', requestInterval: 283, currentDelay: 283, actor: 'urn:comunica:default:http/actors#limit-rate' }
[0m[90m[2026-04-17T12:20:39.058Z]  DEBUG: Delaying request { url: 'https://data.allie.dbcls.jp/sparql?query=SELECT%20(COUNT(*)%20AS%20%3Fcount)%20WHERE%20%7B%0A%20%20%3Fx%20%3Chttp%3A%2F%2Fwww.w3.org%2F2000%2F01%2Frdf-schema%23label%3E%20%3FenglishLabel.%0A%20%20FILTER((LANG(%3FenglishLabel))%20%3D%20%22en%22)%0A%7D', requestInterval: 283, currentDelay: 566, actor: 'urn:comunica:default:http/actors#limit-rate' }
[0m[32m[2026-04-17T12:20:39.058Z]  INFO: Requesting https://data.allie.dbcls.jp/sparql?query=SELECT%20(COUNT(*)%20AS%20%3Fcount)%20WHERE%20%7B%20%3Fs%20%3Chttp%3A%2F%2Fwww.w3.org%2F2000%2F01%2Frdf-schema%23label%3E%20%221%2C2%2C4-%E3%83%88%E3%83%AA%E3%82%AF%E3%83%AD%E3%83%AD%E3%83%99%E3%83%B3%E3%82%BC%E3%83%B3%22%40ja.%20%7D { headers: { accept: 'application/sparql-results+json;q=1.0,application/sparql-results+xml;q=0.7', 'user-agent': 'Comunica/4.0 (linux; x64) ActorHttpFetch/4.4.1 Node.js/24' }, method: 'GET', actor: 'urn:comunica:default:http/actors#fetch' }
[0m[32m[2026-04-17T12:20:39.341Z]  INFO: Requesting https://data.allie.dbcls.jp/sparql?query=SELECT%20(COUNT(*)%20AS%20%3Fcount)%20WHERE%20%7B%20%3Fs%20%3Chttp%3A%2F%2Fwww.w3.org%2F2000%2F01%2Frdf-schema%23label%3E%20%3Fo.%20%7D { headers: { accept: 'application/sparql-results+json;q=1.0,application/sparql-results+xml;q=0.7', 'user-agent': 'Comunica/4.0 (linux; x64) ActorHttpFetch/4.4.1 Node.js/24' }, method: 'GET', actor: 'urn:comunica:default:http/actors#fetch' }
[0m[32m[2026-04-17T12:20:39.625Z]  INFO: Requesting https://data.allie.dbcls.jp/sparql?query=SELECT%20(COUNT(*)%20AS%20%3Fcount)%20WHERE%20%7B%0A%20%20%3Fx%20%3Chttp%3A%2F%2Fwww.w3.org%2F2000%2F01%2Frdf-schema%23label%3E%20%3FenglishLabel.%0A%20%20FILTER((LANG(%3FenglishLabel))%20%3D%20%22en%22)%0A%7D { headers: { accept: 'application/sparql-results+json;q=1.0,application/sparql-results+xml;q=0.7', 'user-agent': 'Comunica/4.0 (linux; x64) ActorHttpFetch/4.4.1 Node.js/24' }, method: 'GET', actor: 'urn:comunica:default:http/actors#fetch' }
[0m[90m[2026-04-17T12:20:42.062Z]  DEBUG: Determined physical join operator 'inner-bind-source' { entries: 2, variables: [ [ 'x', 'englishLabel' ], [ 'x' ] ], costs: { 'inner-bind-source': NaN, 'inner-bind': Infinity, 'inner-hash-def': NaN, 'inner-hash-undef': NaN, 'inner-symmetric-hash': NaN, 'inner-nested-loop': NaN }, coefficients: { 'inner-bind-source': { iterations: 1, persistedItems: Infinity, blockingItems: Infinity, requestTime: NaN }, 'inner-bind': { iterations: Infinity, persistedItems: 0, blockingItems: 0, requestTime: Infinity }, 'inner-hash-def': { iterations: Infinity, persistedItems: 3, blockingItems: 3, requestTime: NaN }, 'inner-hash-undef': { iterations: Infinity, persistedItems: 3, blockingItems: 3, requestTime: NaN }, 'inner-symmetric-hash': { iterations: Infinity, persistedItems: Infinity, blockingItems: 0, requestTime: NaN }, 'inner-nested-loop': { iterations: Infinity, persistedItems: 0, blockingItems: 0, requestTime: NaN } } }
[0m[90m[2026-04-17T12:20:42.063Z]  DEBUG: First entry for Bind Join Source:  { entry: { type: 'union', input: [ { type: 'filter', input: Quad { termType: 'Quad', value: '', subject: [Object], predicate: [Object], object: [Object], graph: [Object], type: 'pattern' }, expression: { type: 'expression', expressionType: 'operator', operator: '=', args: [Array] }, metadata: { scopedSource: [Object] } }, { type: 'filter', input: Quad { termType: 'Quad', value: '', subject: [Object], predicate: [Object], object: [Object], graph: [Object], type: 'pattern' }, expression: { type: 'expression', expressionType: 'operator', operator: '=', args: [Array] }, metadata: { scopedSource: [Object] } } ] }, cardinality: { type: 'estimate', value: Infinity }, order: undefined, availableOrders: undefined, actor: 'urn:comunica:default:rdf-join/actors#inner-multi-bind-source' }
[0m[32m[2026-04-17T12:20:42.070Z]  INFO: Requesting https://sparql.rhea-db.org/sparql?query=SELECT%20%3Fx%20%3FenglishLabel%20WHERE%20%7B%0A%20%20%3Fx%20%3Chttp%3A%2F%2Fwww.w3.org%2F2000%2F01%2Frdf-schema%23label%3E%20%3FenglishLabel.%0A%20%20FILTER((LANG(%3FenglishLabel))%20%3D%20%22en%22)%0A%7D { headers: { accept: 'application/sparql-results+json;q=1.0,application/sparql-results+xml;q=0.7', 'user-agent': 'Comunica/4.0 (linux; x64) ActorHttpFetch/4.4.1 Node.js/24' }, method: 'GET', actor: 'urn:comunica:default:http/actors#fetch' }
[0m[32m[2026-04-17T12:20:42.070Z]  INFO: Requesting https://data.allie.dbcls.jp/sparql?query=SELECT%20%3Fx%20%3FenglishLabel%20WHERE%20%7B%0A%20%20%3Fx%20%3Chttp%3A%2F%2Fwww.w3.org%2F2000%2F01%2Frdf-schema%23label%3E%20%3FenglishLabel.%0A%20%20FILTER((LANG(%3FenglishLabel))%20%3D%20%22en%22)%0A%7D { headers: { accept: 'application/sparql-results+json;q=1.0,application/sparql-results+xml;q=0.7', 'user-agent': 'Comunica/4.0 (linux; x64) ActorHttpFetch/4.4.1 Node.js/24' }, method: 'GET', actor: 'urn:comunica:default:http/actors#fetch' }
[0m[90m[2026-04-17T12:20:42.073Z]  DEBUG: Determined physical join operator 'inner-bind' { entries: 2, variables: [ [ 'x', 'englishLabel', 'englishLabelStr' ], [ 'chebi', 'englishLabelStr' ] ], costs: { 'inner-bind': Infinity, 'inner-hash-def': NaN, 'inner-hash-undef': NaN, 'inner-symmetric-hash': NaN, 'inner-nested-loop': NaN }, coefficients: { 'inner-bind': { iterations: Infinity, persistedItems: 0, blockingItems: 0, requestTime: Infinity }, 'inner-hash-def': { iterations: Infinity, persistedItems: 7584749, blockingItems: 7584749, requestTime: NaN }, 'inner-hash-undef': { iterations: Infinity, persistedItems: 7584749, blockingItems: 7584749, requestTime: NaN }, 'inner-symmetric-hash': { iterations: Infinity, persistedItems: Infinity, blockingItems: 0, requestTime: NaN }, 'inner-nested-loop': { iterations: Infinity, persistedItems: 0, blockingItems: 0, requestTime: NaN } } }
[0m[90m[2026-04-17T12:20:42.075Z]  DEBUG: First entry for Bind Join:  { entry: { type: 'extend', input: { type: 'join', input: [ { type: 'union', input: [Array] }, Quad { termType: 'Quad', value: '', subject: [Object], predicate: [Object], object: [Object], graph: [Object], type: 'pattern', metadata: [Object] } ] }, variable: Variable { termType: 'Variable', value: 'englishLabelStr' }, expression: { type: 'expression', expressionType: 'operator', operator: 'str', args: [ { type: 'expression', expressionType: 'term', term: [Object] } ] } }, cardinality: { type: 'estimate', value: Infinity }, order: undefined, availableOrders: undefined, actor: 'urn:comunica:default:rdf-join/actors#inner-multi-bind' }
[0m[32m[2026-04-17T12:21:27.089Z]  INFO: Requesting https://data.allie.dbcls.jp/sparql { headers: { accept: 'application/sparql-results+json;q=1.0,application/sparql-results+xml;q=0.7', 'content-length': '2267', 'content-type': 'application/x-www-form-urlencoded', 'user-agent': 'Comunica/4.0 (linux; x64) ActorHttpFetch/4.4.1 Node.js/24' }, method: 'POST', actor: 'urn:comunica:default:http/actors#fetch' }
[0m[90m[2026-04-17T12:21:27.096Z]  DEBUG: Delaying request { url: 'https://data.allie.dbcls.jp/sparql', requestInterval: 16074, currentDelay: 16066, actor: 'urn:comunica:default:http/actors#limit-rate' }
[0m[90m[2026-04-17T12:21:27.096Z]  DEBUG: Delaying request { url: 'https://data.allie.dbcls.jp/sparql', requestInterval: 16074, currentDelay: 32140, actor: 'urn:comunica:default:http/actors#limit-rate' }
[0m[90m[2026-04-17T12:21:27.316Z]  DEBUG: Delaying request { url: 'https://data.allie.dbcls.jp/sparql', requestInterval: 16074, currentDelay: 47994, actor: 'urn:comunica:default:http/actors#limit-rate' }
[0m[90m[2026-04-17T12:21:27.319Z]  DEBUG: Delaying request { url: 'https://data.allie.dbcls.jp/sparql', requestInterval: 16074, currentDelay: 64065, actor: 'urn:comunica:default:http/actors#limit-rate' }
[0m[90m[2026-04-17T12:21:27.321Z]  DEBUG: Delaying request { url: 'https://data.allie.dbcls.jp/sparql', requestInterval: 16074, currentDelay: 80137, actor: 'urn:comunica:default:http/actors#limit-rate' }
[0m[90m[2026-04-17T12:21:27.324Z]  DEBUG: Delaying request { url: 'https://data.allie.dbcls.jp/sparql', requestInterval: 16074, currentDelay: 96208, actor: 'urn:comunica:default:http/actors#limit-rate' }
[0m[90m[2026-04-17T12:21:27.326Z]  DEBUG: Delaying request { url: 'https://data.allie.dbcls.jp/sparql', requestInterval: 16074, currentDelay: 112280, actor: 'urn:comunica:default:http/actors#limit-rate' }
[0m[90m[2026-04-17T12:21:27.328Z]  DEBUG: Delaying request { url: 'https://data.allie.dbcls.jp/sparql', requestInterval: 16074, currentDelay: 128352, actor: 'urn:comunica:default:http/actors#limit-rate' }
[0m[90m[2026-04-17T12:21:27.331Z]  DEBUG: Delaying request { url: 'https://data.allie.dbcls.jp/sparql', requestInterval: 16074, currentDelay: 144423, actor: 'urn:comunica:default:http/actors#limit-rate' }
[0m[90m[2026-04-17T12:21:27.333Z]  DEBUG: Delaying request { url: 'https://data.allie.dbcls.jp/sparql', requestInterval: 16074, currentDelay: 160495, actor: 'urn:comunica:default:http/actors#limit-rate' }
[0m[90m[2026-04-17T12:21:27.334Z]  DEBUG: Delaying request { url: 'https://data.allie.dbcls.jp/sparql', requestInterval: 16074, currentDelay: 176568, actor: 'urn:comunica:default:http/actors#limit-rate' }
[0m[90m[2026-04-17T12:21:27.336Z]  DEBUG: Delaying request { url: 'https://data.allie.dbcls.jp/sparql', requestInterval: 16074, currentDelay: 192640, actor: 'urn:comunica:default:http/actors#limit-rate' }
[0m[90m[2026-04-17T12:21:27.338Z]  DEBUG: Delaying request { url: 'https://data.allie.dbcls.jp/sparql', requestInterval: 16074, currentDelay: 208712, actor: 'urn:comunica:default:http/actors#limit-rate' }
[0m[90m[2026-04-17T12:21:27.546Z]  DEBUG: Delaying request { url: 'https://data.allie.dbcls.jp/sparql', requestInterval: 16074, currentDelay: 224578, actor: 'urn:comunica:default:http/actors#limit-rate' }
[0m[90m[2026-04-17T12:21:27.548Z]  DEBUG: Delaying request { url: 'https://data.allie.dbcls.jp/sparql', requestInterval: 16074, currentDelay: 240650, actor: 'urn:comunica:default:http/actors#limit-rate' }
[0m[90m[2026-04-17T12:21:27.550Z]  DEBUG: Delaying request { url: 'https://data.allie.dbcls.jp/sparql', requestInterval: 16074, currentDelay: 256722, actor: 'urn:comunica:default:http/actors#limit-rate' }
[0m[90m[2026-04-17T12:21:27.551Z]  DEBUG: Delaying request { url: 'https://data.allie.dbcls.jp/sparql', requestInterval: 16074, currentDelay: 272795, actor: 'urn:comunica:default:http/actors#limit-rate' }
[0m[90m[2026-04-17T12:21:27.554Z]  DEBUG: Delaying request { url: 'https://data.allie.dbcls.jp/sparql', requestInterval: 16074, currentDelay: 288866, actor: 'urn:comunica:default:http/actors#limit-rate' }
[0m[90m[2026-04-17T12:21:27.555Z]  DEBUG: Delaying request { url: 'https://data.allie.dbcls.jp/sparql', requestInterval: 16074, currentDelay: 304939, actor: 'urn:comunica:default:http/actors#limit-rate' }
[0m[90m[2026-04-17T12:21:27.560Z]  DEBUG: Delaying request { url: 'https://data.allie.dbcls.jp/sparql', requestInterval: 16074, currentDelay: 321008, actor: 'urn:comunica:default:http/actors#limit-rate' }
[0m[90m[2026-04-17T12:21:27.561Z]  DEBUG: Delaying request { url: 'https://data.allie.dbcls.jp/sparql', requestInterval: 16074, currentDelay: 337081, actor: 'urn:comunica:default:http/actors#limit-rate' }
[0m[90m[2026-04-17T12:21:27.564Z]  DEBUG: Delaying request { url: 'https://data.allie.dbcls.jp/sparql', requestInterval: 16074, currentDelay: 353152, actor: 'urn:comunica:default:http/actors#limit-rate' }
[0m[90m[2026-04-17T12:21:27.565Z]  DEBUG: Delaying request { url: 'https://data.allie.dbcls.jp/sparql', requestInterval: 16074, currentDelay: 369225, actor: 'urn:comunica:default:http/actors#limit-rate' }
[0m[90m[2026-04-17T12:21:27.567Z]  DEBUG: Delaying request { url: 'https://data.allie.dbcls.jp/sparql', requestInterval: 16074, currentDelay: 385297, actor: 'urn:comunica:default:http/actors#limit-rate' }
[0m[90m[2026-04-17T12:21:27.569Z]  DEBUG: Delaying request { url: 'https://data.allie.dbcls.jp/sparql', requestInterval: 16074, currentDelay: 401369, actor: 'urn:comunica:default:http/actors#limit-rate' }
[0m[90m[2026-04-17T12:21:27.570Z]  DEBUG: Delaying request { url: 'https://data.allie.dbcls.jp/sparql', requestInterval: 16074, currentDelay: 417442, actor: 'urn:comunica:default:http/actors#limit-rate' }
[0m[90m[2026-04-17T12:21:27.572Z]  DEBUG: Delaying request { url: 'https://data.allie.dbcls.jp/sparql', requestInterval: 16074, currentDelay: 433514, actor: 'urn:comunica:default:http/actors#limit-rate' }
[0m[90m[2026-04-17T12:21:27.574Z]  DEBUG: Delaying request { url: 'https://data.allie.dbcls.jp/sparql', requestInterval: 16074, currentDelay: 449586, actor: 'urn:comunica:default:http/actors#limit-rate' }
[0m[90m[2026-04-17T12:21:27.575Z]  DEBUG: Delaying request { url: 'https://data.allie.dbcls.jp/sparql', requestInterval: 16074, currentDelay: 465659, actor: 'urn:comunica:default:http/actors#limit-rate' }
[0m[90m[2026-04-17T12:21:27.578Z]  DEBUG: Delaying request { url: 'https://data.allie.dbcls.jp/sparql', requestInterval: 16074, currentDelay: 481730, actor: 'urn:comunica:default:http/actors#limit-rate' }
[0m[90m[2026-04-17T12:21:27.591Z]  DEBUG: Delaying request { url: 'https://data.allie.dbcls.jp/sparql', requestInterval: 16074, currentDelay: 497791, actor: 'urn:comunica:default:http/actors#limit-rate' }
[0m[90m[2026-04-17T12:21:27.593Z]  DEBUG: Delaying request { url: 'https://data.allie.dbcls.jp/sparql', requestInterval: 16074, currentDelay: 513863, actor: 'urn:comunica:default:http/actors#limit-rate' }
[0m[90m[2026-04-17T12:21:27.595Z]  DEBUG: Delaying request { url: 'https://data.allie.dbcls.jp/sparql', requestInterval: 16074, currentDelay: 529935, actor: 'urn:comunica:default:http/actors#limit-rate' }
[0m[90m[2026-04-17T12:21:27.597Z]  DEBUG: Delaying request { url: 'https://data.allie.dbcls.jp/sparql', requestInterval: 16074, currentDelay: 546007, actor: 'urn:comunica:default:http/actors#limit-rate' }
[0m[90m[2026-04-17T12:21:27.599Z]  DEBUG: Delaying request { url: 'https://data.allie.dbcls.jp/sparql', requestInterval: 16074, currentDelay: 562079, actor: 'urn:comunica:default:http/actors#limit-rate' }
[0m[90m[2026-04-17T12:21:27.600Z]  DEBUG: Delaying request { url: 'https://data.allie.dbcls.jp/sparql', requestInterval: 16074, currentDelay: 578152, actor: 'urn:comunica:default:http/actors#limit-rate' }
[0m[90m[2026-04-17T12:21:27.773Z]  DEBUG: Delaying request { url: 'https://data.allie.dbcls.jp/sparql', requestInterval: 16074, currentDelay: 594053, actor: 'urn:comunica:default:http/actors#limit-rate' }
[0m[90m[2026-04-17T12:21:27.776Z]  DEBUG: Delaying request { url: 'https://data.allie.dbcls.jp/sparql', requestInterval: 16074, currentDelay: 610124, actor: 'urn:comunica:default:http/actors#limit-rate' }
[0m[90m[2026-04-17T12:21:27.777Z]  DEBUG: Delaying request { url: 'https://data.allie.dbcls.jp/sparql', requestInterval: 16074, currentDelay: 626197, actor: 'urn:comunica:default:http/actors#limit-rate' }
[0m[90m[2026-04-17T12:21:27.778Z]  DEBUG: Delaying request { url: 'https://data.allie.dbcls.jp/sparql', requestInterval: 16074, currentDelay: 642270, actor: 'urn:comunica:default:http/actors#limit-rate' }
[0m[90m[2026-04-17T12:21:27.780Z]  DEBUG: Delaying request { url: 'https://data.allie.dbcls.jp/sparql', requestInterval: 16074, currentDelay: 658342, actor: 'urn:comunica:default:http/actors#limit-rate' }
[0m[90m[2026-04-17T12:21:27.782Z]  DEBUG: Delaying request { url: 'https://data.allie.dbcls.jp/sparql', requestInterval: 16074, currentDelay: 674414, actor: 'urn:comunica:default:http/actors#limit-rate' }
[0m[90m[2026-04-17T12:21:27.783Z]  DEBUG: Delaying request { url: 'https://data.allie.dbcls.jp/sparql', requestInterval: 16074, currentDelay: 690487, actor: 'urn:comunica:default:http/actors#limit-rate' }
[0m[90m[2026-04-17T12:21:27.784Z]  DEBUG: Delaying request { url: 'https://data.allie.dbcls.jp/sparql', requestInterval: 16074, currentDelay: 706560, actor: 'urn:comunica:default:http/actors#limit-rate' }
[0m[90m[2026-04-17T12:21:27.785Z]  DEBUG: Delaying request { url: 'https://data.allie.dbcls.jp/sparql', requestInterval: 16074, currentDelay: 722633, actor: 'urn:comunica:default:http/actors#limit-rate' }
[0m[90m[2026-04-17T12:21:27.787Z]  DEBUG: Delaying request { url: 'https://data.allie.dbcls.jp/sparql', requestInterval: 16074, currentDelay: 738705, actor: 'urn:comunica:default:http/actors#limit-rate' }
[0m[90m[2026-04-17T12:21:27.788Z]  DEBUG: Delaying request { url: 'https://data.allie.dbcls.jp/sparql', requestInterval: 16074, currentDelay: 754778, actor: 'urn:comunica:default:http/actors#limit-rate' }
[0m[90m[2026-04-17T12:21:27.789Z]  DEBUG: Delaying request { url: 'https://data.allie.dbcls.jp/sparql', requestInterval: 16074, currentDelay: 770851, actor: 'urn:comunica:default:http/actors#limit-rate' }
[0m[90m[2026-04-17T12:21:27.790Z]  DEBUG: Delaying request { url: 'https://data.allie.dbcls.jp/sparql', requestInterval: 16074, currentDelay: 786924, actor: 'urn:comunica:default:http/actors#limit-rate' }
[0m[90m[2026-04-17T12:21:27.792Z]  DEBUG: Delaying request { url: 'https://data.allie.dbcls.jp/sparql', requestInterval: 16074, currentDelay: 802997, actor: 'urn:comunica:default:http/actors#limit-rate' }
[0m[90m[2026-04-17T12:21:27.792Z]  DEBUG: Delaying request { url: 'https://data.allie.dbcls.jp/sparql', requestInterval: 16074, currentDelay: 819070, actor: 'urn:comunica:default:http/actors#limit-rate' }
[0m[90m[2026-04-17T12:21:27.794Z]  DEBUG: Delaying request { url: 'https://data.allie.dbcls.jp/sparql', requestInterval: 16074, currentDelay: 835142, actor: 'urn:comunica:default:http/actors#limit-rate' }
[0m[90m[2026-04-17T12:21:27.795Z]  DEBUG: Delaying request { url: 'https://data.allie.dbcls.jp/sparql', requestInterval: 16074, currentDelay: 851215, actor: 'urn:comunica:default:http/actors#limit-rate' }
[0m[90m[2026-04-17T12:21:27.796Z]  DEBUG: Delaying request { url: 'https://data.allie.dbcls.jp/sparql', requestInterval: 16074, currentDelay: 867288, actor: 'urn:comunica:default:http/actors#limit-rate' }
[0m[90m[2026-04-17T12:21:27.797Z]  DEBUG: Delaying request { url: 'https://data.allie.dbcls.jp/sparql', requestInterval: 16074, currentDelay: 883361, actor: 'urn:comunica:default:http/actors#limit-rate' }
[0m[90m[2026-04-17T12:21:27.798Z]  DEBUG: Delaying request { url: 'https://data.allie.dbcls.jp/sparql', requestInterval: 16074, currentDelay: 899434, actor: 'urn:comunica:default:http/actors#limit-rate' }
[0m[90m[2026-04-17T12:21:27.800Z]  DEBUG: Delaying request { url: 'https://data.allie.dbcls.jp/sparql', requestInterval: 16074, currentDelay: 915506, actor: 'urn:comunica:default:http/actors#limit-rate' }
[0m[90m[2026-04-17T12:21:27.801Z]  DEBUG: Delaying request { url: 'https://data.allie.dbcls.jp/sparql', requestInterval: 16074, currentDelay: 931579, actor: 'urn:comunica:default:http/actors#limit-rate' }
[0m[90m[2026-04-17T12:21:27.802Z]  DEBUG: Delaying request { url: 'https://data.allie.dbcls.jp/sparql', requestInterval: 16074, currentDelay: 947652, actor: 'urn:comunica:default:http/actors#limit-rate' }
[0m[90m[2026-04-17T12:21:27.804Z]  DEBUG: Delaying request { url: 'https://data.allie.dbcls.jp/sparql', requestInterval: 16074, currentDelay: 963724, actor: 'urn:comunica:default:http/actors#limit-rate' }
[0m[90m[2026-04-17T12:21:27.805Z]  DEBUG: Delaying request { url: 'https://data.allie.dbcls.jp/sparql', requestInterval: 16074, currentDelay: 979797, actor: 'urn:comunica:default:http/actors#limit-rate' }
[0m[90m[2026-04-17T12:21:27.806Z]  DEBUG: Delaying request { url: 'https://data.allie.dbcls.jp/sparql', requestInterval: 16074, currentDelay: 995870, actor: 'urn:comunica:default:http/actors#limit-rate' }
[0m[90m[2026-04-17T12:21:27.807Z]  DEBUG: Delaying request { url: 'https://data.allie.dbcls.jp/sparql', requestInterval: 16074, currentDelay: 1011943, actor: 'urn:comunica:default:http/actors#limit-rate' }
[0m[90m[2026-04-17T12:21:27.808Z]  DEBUG: Delaying request { url: 'https://data.allie.dbcls.jp/sparql', requestInterval: 16074, currentDelay: 1028016, actor: 'urn:comunica:default:http/actors#limit-rate' }
[0m[90m[2026-04-17T12:21:27.809Z]  DEBUG: Delaying request { url: 'https://data.allie.dbcls.jp/sparql', requestInterval: 16074, currentDelay: 1044089, actor: 'urn:comunica:default:http/actors#limit-rate' }
[0m[90m[2026-04-17T12:21:27.811Z]  DEBUG: Delaying request { url: 'https://data.allie.dbcls.jp/sparql', requestInterval: 16074, currentDelay: 1060162, actor: 'urn:comunica:default:http/actors#limit-rate' }
[0m[90m[2026-04-17T12:21:27.812Z]  DEBUG: Delaying request { url: 'https://data.allie.dbcls.jp/sparql', requestInterval: 16074, currentDelay: 1076234, actor: 'urn:comunica:default:http/actors#limit-rate' }
[0m[90m[2026-04-17T12:21:27.813Z]  DEBUG: Delaying request { url: 'https://data.allie.dbcls.jp/sparql', requestInterval: 16074, currentDelay: 1092307, actor: 'urn:comunica:default:http/actors#limit-rate' }
[0m[90m[2026-04-17T12:21:27.814Z]  DEBUG: Delaying request { url: 'https://data.allie.dbcls.jp/sparql', requestInterval: 16074, currentDelay: 1108380, actor: 'urn:comunica:default:http/actors#limit-rate' }
[0m[90m[2026-04-17T12:21:27.815Z]  DEBUG: Delaying request { url: 'https://data.allie.dbcls.jp/sparql', requestInterval: 16074, currentDelay: 1124453, actor: 'urn:comunica:default:http/actors#limit-rate' }
[0m[90m[2026-04-17T12:21:27.816Z]  DEBUG: Delaying request { url: 'https://data.allie.dbcls.jp/sparql', requestInterval: 16074, currentDelay: 1140526, actor: 'urn:comunica:default:http/actors#limit-rate' }
[0m[90m[2026-04-17T12:21:27.817Z]  DEBUG: Delaying request { url: 'https://data.allie.dbcls.jp/sparql', requestInterval: 16074, currentDelay: 1156599, actor: 'urn:comunica:default:http/actors#limit-rate' }
[0m[90m[2026-04-17T12:21:27.819Z]  DEBUG: Delaying request { url: 'https://data.allie.dbcls.jp/sparql', requestInterval: 16074, currentDelay: 1172671, actor: 'urn:comunica:default:http/actors#limit-rate' }
[0m[90m[2026-04-17T12:21:27.820Z]  DEBUG: Delaying request { url: 'https://data.allie.dbcls.jp/sparql', requestInterval: 16074, currentDelay: 1188744, actor: 'urn:comunica:default:http/actors#limit-rate' }
[0m[90m[2026-04-17T12:21:27.821Z]  DEBUG: Delaying request { url: 'https://data.allie.dbcls.jp/sparql', requestInterval: 16074, currentDelay: 1204817, actor: 'urn:comunica:default:http/actors#limit-rate' }
[0m[90m[2026-04-17T12:21:27.822Z]  DEBUG: Delaying request { url: 'https://data.allie.dbcls.jp/sparql', requestInterval: 16074, currentDelay: 1220890, actor: 'urn:comunica:default:http/actors#limit-rate' }
[0m[90m[2026-04-17T12:21:27.823Z]  DEBUG: Delaying request { url: 'https://data.allie.dbcls.jp/sparql', requestInterval: 16074, currentDelay: 1236963, actor: 'urn:comunica:default:http/actors#limit-rate' }
[0m[90m[2026-04-17T12:21:27.824Z]  DEBUG: Delaying request { url: 'https://data.allie.dbcls.jp/sparql', requestInterval: 16074, currentDelay: 1253036, actor: 'urn:comunica:default:http/actors#limit-rate' }
[0m[90m[2026-04-17T12:21:27.826Z]  DEBUG: Delaying request { url: 'https://data.allie.dbcls.jp/sparql', requestInterval: 16074, currentDelay: 1269108, actor: 'urn:comunica:default:http/actors#limit-rate' }
[0m[90m[2026-04-17T12:21:27.827Z]  DEBUG: Delaying request { url: 'https://data.allie.dbcls.jp/sparql', requestInterval: 16074, currentDelay: 1285181, actor: 'urn:comunica:default:http/actors#limit-rate' }
[0m[90m[2026-04-17T12:21:27.847Z]  DEBUG: Server reported client-side error { url: 'https://data.allie.dbcls.jp/sparql', status: 400, statusText: 'Bad Request', currentAttempt: '1 / 3', actor: 'urn:comunica:default:http/actors#retry' }
[0mRequest failed: https://data.allie.dbcls.jp/sparql
