[32m[2026-04-17T09:23:20.024Z]  INFO: Requesting https://sparql.rhea-db.org/sparql { headers: { accept: 'application/n-quads,application/trig;q=0.95,application/ld+json;q=0.9,application/n-triples;q=0.8,text/turtle;q=0.6,application/rdf+xml;q=0.5,text/n3;q=0.35,application/xml;q=0.3,image/svg+xml;q=0.3,text/xml;q=0.3,text/html;q=0.2,application/xhtml+xml;q=0.18,application/json;q=0.135,text/shaclc;q=0.1,text/shaclc-ext;q=0.05', 'user-agent': 'Comunica/4.0 (linux; x64) ActorHttpFetch/4.4.1 Node.js/24' }, method: undefined, actor: 'urn:comunica:default:http/actors#fetch' }
[0m[32m[2026-04-17T09:23:20.026Z]  INFO: Requesting https://data.allie.dbcls.jp/sparql { headers: { accept: 'application/n-quads,application/trig;q=0.95,application/ld+json;q=0.9,application/n-triples;q=0.8,text/turtle;q=0.6,application/rdf+xml;q=0.5,text/n3;q=0.35,application/xml;q=0.3,image/svg+xml;q=0.3,text/xml;q=0.3,text/html;q=0.2,application/xhtml+xml;q=0.18,application/json;q=0.135,text/shaclc;q=0.1,text/shaclc-ext;q=0.05', 'user-agent': 'Comunica/4.0 (linux; x64) ActorHttpFetch/4.4.1 Node.js/24' }, method: undefined, actor: 'urn:comunica:default:http/actors#fetch' }
[0m[32m[2026-04-17T09:23:20.204Z]  INFO: Identified https://sparql.rhea-db.org/sparql as sparql source with service URL: https://sparql.rhea-db.org/sparql { actor: 'urn:comunica:default:query-source-identify-hypermedia/actors#sparql' }
[0m[90m[2026-04-17T09:23:20.210Z]  DEBUG: Delaying request { url: 'https://sparql.rhea-db.org/sparql?query=ASK%20WHERE%20%7B%20%3Fx%20%3Chttp%3A%2F%2Fwww.w3.org%2F2000%2F01%2Frdf-schema%23label%3E%20%3FenglishLabel.%20%7D', requestInterval: 26, currentDelay: 25, actor: 'urn:comunica:default:http/actors#limit-rate' }
[0m[90m[2026-04-17T09:23:20.210Z]  DEBUG: Delaying request { url: 'https://sparql.rhea-db.org/sparql?query=ASK%20WHERE%20%7B%20%3Fs%20%3Chttp%3A%2F%2Fwww.w3.org%2F2000%2F01%2Frdf-schema%23label%3E%20%3Fo.%20%7D', requestInterval: 26, currentDelay: 51, actor: 'urn:comunica:default:http/actors#limit-rate' }
[0m[90m[2026-04-17T09:23:20.210Z]  DEBUG: Delaying request { url: 'https://sparql.rhea-db.org/sparql?query=ASK%20WHERE%20%7B%20%3Fs%20%3Chttp%3A%2F%2Fwww.geneontology.org%2Fformats%2FoboInOwl%23hasSynonym%3E%20%3Fo.%20%7D', requestInterval: 26, currentDelay: 77, actor: 'urn:comunica:default:http/actors#limit-rate' }
[0m[32m[2026-04-17T09:23:20.211Z]  INFO: Requesting https://sparql.rhea-db.org/sparql?query=ASK%20WHERE%20%7B%20%3Fx%20%3Chttp%3A%2F%2Fwww.w3.org%2F2000%2F01%2Frdf-schema%23label%3E%20%221%2C2%2C4-%E3%83%88%E3%83%AA%E3%82%AF%E3%83%AD%E3%83%AD%E3%83%99%E3%83%B3%E3%82%BC%E3%83%B3%22%40ja.%20%7D { headers: { accept: 'application/sparql-results+json;q=1.0,application/sparql-results+xml;q=0.7', 'user-agent': 'Comunica/4.0 (linux; x64) ActorHttpFetch/4.4.1 Node.js/24' }, method: 'GET', actor: 'urn:comunica:default:http/actors#fetch' }
[0m[32m[2026-04-17T09:23:20.235Z]  INFO: Requesting https://sparql.rhea-db.org/sparql?query=ASK%20WHERE%20%7B%20%3Fx%20%3Chttp%3A%2F%2Fwww.w3.org%2F2000%2F01%2Frdf-schema%23label%3E%20%3FenglishLabel.%20%7D { headers: { accept: 'application/sparql-results+json;q=1.0,application/sparql-results+xml;q=0.7', 'user-agent': 'Comunica/4.0 (linux; x64) ActorHttpFetch/4.4.1 Node.js/24' }, method: 'GET', actor: 'urn:comunica:default:http/actors#fetch' }
[0m[32m[2026-04-17T09:23:20.262Z]  INFO: Requesting https://sparql.rhea-db.org/sparql?query=ASK%20WHERE%20%7B%20%3Fs%20%3Chttp%3A%2F%2Fwww.w3.org%2F2000%2F01%2Frdf-schema%23label%3E%20%3Fo.%20%7D { headers: { accept: 'application/sparql-results+json;q=1.0,application/sparql-results+xml;q=0.7', 'user-agent': 'Comunica/4.0 (linux; x64) ActorHttpFetch/4.4.1 Node.js/24' }, method: 'GET', actor: 'urn:comunica:default:http/actors#fetch' }
[0m[32m[2026-04-17T09:23:20.288Z]  INFO: Requesting https://sparql.rhea-db.org/sparql?query=ASK%20WHERE%20%7B%20%3Fs%20%3Chttp%3A%2F%2Fwww.geneontology.org%2Fformats%2FoboInOwl%23hasSynonym%3E%20%3Fo.%20%7D { headers: { accept: 'application/sparql-results+json;q=1.0,application/sparql-results+xml;q=0.7', 'user-agent': 'Comunica/4.0 (linux; x64) ActorHttpFetch/4.4.1 Node.js/24' }, method: 'GET', actor: 'urn:comunica:default:http/actors#fetch' }
[0m[32m[2026-04-17T09:23:21.023Z]  INFO: Identified https://data.allie.dbcls.jp/sparql as sparql source with service URL: https://data.allie.dbcls.jp/sparql { actor: 'urn:comunica:default:query-source-identify-hypermedia/actors#sparql' }
[0m[90m[2026-04-17T09:23:21.025Z]  DEBUG: Delaying request { url: 'https://data.allie.dbcls.jp/sparql?query=ASK%20WHERE%20%7B%20%3Fx%20%3Chttp%3A%2F%2Fwww.w3.org%2F2000%2F01%2Frdf-schema%23label%3E%20%3FenglishLabel.%20%7D', requestInterval: 293, currentDelay: 293, actor: 'urn:comunica:default:http/actors#limit-rate' }
[0m[90m[2026-04-17T09:23:21.025Z]  DEBUG: Delaying request { url: 'https://data.allie.dbcls.jp/sparql?query=ASK%20WHERE%20%7B%20%3Fs%20%3Chttp%3A%2F%2Fwww.w3.org%2F2000%2F01%2Frdf-schema%23label%3E%20%3Fo.%20%7D', requestInterval: 293, currentDelay: 586, actor: 'urn:comunica:default:http/actors#limit-rate' }
[0m[90m[2026-04-17T09:23:21.026Z]  DEBUG: Delaying request { url: 'https://data.allie.dbcls.jp/sparql?query=ASK%20WHERE%20%7B%20%3Fs%20%3Chttp%3A%2F%2Fwww.geneontology.org%2Fformats%2FoboInOwl%23hasSynonym%3E%20%3Fo.%20%7D', requestInterval: 293, currentDelay: 878, actor: 'urn:comunica:default:http/actors#limit-rate' }
[0m[32m[2026-04-17T09:23:21.026Z]  INFO: Requesting https://data.allie.dbcls.jp/sparql?query=ASK%20WHERE%20%7B%20%3Fx%20%3Chttp%3A%2F%2Fwww.w3.org%2F2000%2F01%2Frdf-schema%23label%3E%20%221%2C2%2C4-%E3%83%88%E3%83%AA%E3%82%AF%E3%83%AD%E3%83%AD%E3%83%99%E3%83%B3%E3%82%BC%E3%83%B3%22%40ja.%20%7D { headers: { accept: 'application/sparql-results+json;q=1.0,application/sparql-results+xml;q=0.7', 'user-agent': 'Comunica/4.0 (linux; x64) ActorHttpFetch/4.4.1 Node.js/24' }, method: 'GET', actor: 'urn:comunica:default:http/actors#fetch' }
[0m[32m[2026-04-17T09:23:21.319Z]  INFO: Requesting https://data.allie.dbcls.jp/sparql?query=ASK%20WHERE%20%7B%20%3Fx%20%3Chttp%3A%2F%2Fwww.w3.org%2F2000%2F01%2Frdf-schema%23label%3E%20%3FenglishLabel.%20%7D { headers: { accept: 'application/sparql-results+json;q=1.0,application/sparql-results+xml;q=0.7', 'user-agent': 'Comunica/4.0 (linux; x64) ActorHttpFetch/4.4.1 Node.js/24' }, method: 'GET', actor: 'urn:comunica:default:http/actors#fetch' }
[0m[32m[2026-04-17T09:23:21.612Z]  INFO: Requesting https://data.allie.dbcls.jp/sparql?query=ASK%20WHERE%20%7B%20%3Fs%20%3Chttp%3A%2F%2Fwww.w3.org%2F2000%2F01%2Frdf-schema%23label%3E%20%3Fo.%20%7D { headers: { accept: 'application/sparql-results+json;q=1.0,application/sparql-results+xml;q=0.7', 'user-agent': 'Comunica/4.0 (linux; x64) ActorHttpFetch/4.4.1 Node.js/24' }, method: 'GET', actor: 'urn:comunica:default:http/actors#fetch' }
[0m[32m[2026-04-17T09:23:21.904Z]  INFO: Requesting https://data.allie.dbcls.jp/sparql?query=ASK%20WHERE%20%7B%20%3Fs%20%3Chttp%3A%2F%2Fwww.geneontology.org%2Fformats%2FoboInOwl%23hasSynonym%3E%20%3Fo.%20%7D { headers: { accept: 'application/sparql-results+json;q=1.0,application/sparql-results+xml;q=0.7', 'user-agent': 'Comunica/4.0 (linux; x64) ActorHttpFetch/4.4.1 Node.js/24' }, method: 'GET', actor: 'urn:comunica:default:http/actors#fetch' }
[0m[90m[2026-04-17T09:23:22.140Z]  DEBUG: Pruning 2 source-specific operations { actor: 'urn:comunica:default:optimize-query-operation/actors#prune-empty-source-operations' }
[0m[90m[2026-04-17T09:23:22.143Z]  DEBUG: Push down filter across union entries with 2 fully overlapping, 0 partially overlapping, and 0 not overlapping { actor: 'urn:comunica:default:optimize-query-operation/actors#filter-pushdown' }
[0m[90m[2026-04-17T09:23:22.143Z]  DEBUG: Push down filter across join entries with 1 fully overlapping, 0 partially overlapping, and 1 not overlapping { actor: 'urn:comunica:default:optimize-query-operation/actors#filter-pushdown' }
[0m[90m[2026-04-17T09:23:22.144Z]  DEBUG: Pushed down filters in 2 iterations { actor: 'urn:comunica:default:optimize-query-operation/actors#filter-pushdown' }
[0m[90m[2026-04-17T09:23:22.144Z]  DEBUG: Hoist 1 source-specific operations into a single filter operation for QuerySourceHypermedia(https://sparql.rhea-db.org/sparql)(SkolemID:0) { actor: 'urn:comunica:default:optimize-query-operation/actors#group-sources' }
[0m[90m[2026-04-17T09:23:22.145Z]  DEBUG: Hoist 1 source-specific operations into a single filter operation for QuerySourceHypermedia(https://data.allie.dbcls.jp/sparql)(SkolemID:1) { actor: 'urn:comunica:default:optimize-query-operation/actors#group-sources' }
[0m[90m[2026-04-17T09:23:22.160Z]  DEBUG: Determined physical join operator 'inner-bind-source' { entries: 2, variables: [ [ 'x', 'englishLabel' ], [ 'x' ] ], costs: { 'inner-bind-source': NaN, 'inner-bind': NaN, 'inner-hash-def': NaN, 'inner-hash-undef': NaN, 'inner-symmetric-hash': NaN, 'inner-nested-loop': NaN }, coefficients: { 'inner-bind-source': { iterations: 1, persistedItems: Infinity, blockingItems: Infinity, requestTime: NaN }, 'inner-bind': { iterations: Infinity, persistedItems: 0, blockingItems: 0, requestTime: NaN }, 'inner-hash-def': { iterations: Infinity, persistedItems: Infinity, blockingItems: Infinity, requestTime: NaN }, 'inner-hash-undef': { iterations: Infinity, persistedItems: Infinity, blockingItems: Infinity, requestTime: NaN }, 'inner-symmetric-hash': { iterations: Infinity, persistedItems: Infinity, blockingItems: 0, requestTime: NaN }, 'inner-nested-loop': { iterations: Infinity, persistedItems: 0, blockingItems: 0, requestTime: NaN } } }
[0m[90m[2026-04-17T09:23:22.162Z]  DEBUG: First entry for Bind Join Source:  { entry: { type: 'union', input: [ { type: 'filter', input: Quad { termType: 'Quad', value: '', subject: [Object], predicate: [Object], object: [Object], graph: [Object], type: 'pattern' }, expression: { type: 'expression', expressionType: 'operator', operator: '=', args: [Array] }, metadata: { scopedSource: [Object] } }, { type: 'filter', input: Quad { termType: 'Quad', value: '', subject: [Object], predicate: [Object], object: [Object], graph: [Object], type: 'pattern' }, expression: { type: 'expression', expressionType: 'operator', operator: '=', args: [Array] }, metadata: { scopedSource: [Object] } } ] }, cardinality: { type: 'estimate', value: Infinity }, order: undefined, availableOrders: undefined, actor: 'urn:comunica:default:rdf-join/actors#inner-multi-bind-source' }
[0m[90m[2026-04-17T09:23:22.170Z]  DEBUG: Delaying request { url: 'https://data.allie.dbcls.jp/sparql?query=SELECT%20%3Fx%20%3FenglishLabel%20WHERE%20%7B%0A%20%20%3Fx%20%3Chttp%3A%2F%2Fwww.w3.org%2F2000%2F01%2Frdf-schema%23label%3E%20%3FenglishLabel.%0A%20%20FILTER((LANG(%3FenglishLabel))%20%3D%20%22en%22)%0A%7D', requestInterval: 355, currentDelay: 89, actor: 'urn:comunica:default:http/actors#limit-rate' }
[0m[32m[2026-04-17T09:23:22.170Z]  INFO: Requesting https://sparql.rhea-db.org/sparql?query=SELECT%20%3Fx%20%3FenglishLabel%20WHERE%20%7B%0A%20%20%3Fx%20%3Chttp%3A%2F%2Fwww.w3.org%2F2000%2F01%2Frdf-schema%23label%3E%20%3FenglishLabel.%0A%20%20FILTER((LANG(%3FenglishLabel))%20%3D%20%22en%22)%0A%7D { headers: { accept: 'application/sparql-results+json;q=1.0,application/sparql-results+xml;q=0.7', 'user-agent': 'Comunica/4.0 (linux; x64) ActorHttpFetch/4.4.1 Node.js/24' }, method: 'GET', actor: 'urn:comunica:default:http/actors#fetch' }
[0m[90m[2026-04-17T09:23:22.173Z]  DEBUG: Determined physical join operator 'inner-bind' { entries: 2, variables: [ [ 'x', 'englishLabel', 'englishLabelStr' ], [ 'chebi', 'englishLabelStr' ] ], costs: { 'inner-bind': NaN, 'inner-hash-def': NaN, 'inner-hash-undef': NaN, 'inner-symmetric-hash': NaN, 'inner-nested-loop': NaN }, coefficients: { 'inner-bind': { iterations: Infinity, persistedItems: 0, blockingItems: 0, requestTime: NaN }, 'inner-hash-def': { iterations: Infinity, persistedItems: Infinity, blockingItems: Infinity, requestTime: NaN }, 'inner-hash-undef': { iterations: Infinity, persistedItems: Infinity, blockingItems: Infinity, requestTime: NaN }, 'inner-symmetric-hash': { iterations: Infinity, persistedItems: Infinity, blockingItems: 0, requestTime: NaN }, 'inner-nested-loop': { iterations: Infinity, persistedItems: 0, blockingItems: 0, requestTime: NaN } } }
[0m[90m[2026-04-17T09:23:22.175Z]  DEBUG: First entry for Bind Join:  { entry: { type: 'extend', input: { type: 'join', input: [ { type: 'union', input: [Array] }, Quad { termType: 'Quad', value: '', subject: [Object], predicate: [Object], object: [Object], graph: [Object], type: 'pattern', metadata: [Object] } ] }, variable: Variable { termType: 'Variable', value: 'englishLabelStr' }, expression: { type: 'expression', expressionType: 'operator', operator: 'str', args: [ { type: 'expression', expressionType: 'term', term: [Object] } ] } }, cardinality: { type: 'estimate', value: Infinity }, order: undefined, availableOrders: undefined, actor: 'urn:comunica:default:rdf-join/actors#inner-multi-bind' }
[0m[32m[2026-04-17T09:23:22.259Z]  INFO: Requesting https://data.allie.dbcls.jp/sparql?query=SELECT%20%3Fx%20%3FenglishLabel%20WHERE%20%7B%0A%20%20%3Fx%20%3Chttp%3A%2F%2Fwww.w3.org%2F2000%2F01%2Frdf-schema%23label%3E%20%3FenglishLabel.%0A%20%20FILTER((LANG(%3FenglishLabel))%20%3D%20%22en%22)%0A%7D { headers: { accept: 'application/sparql-results+json;q=1.0,application/sparql-results+xml;q=0.7', 'user-agent': 'Comunica/4.0 (linux; x64) ActorHttpFetch/4.4.1 Node.js/24' }, method: 'GET', actor: 'urn:comunica:default:http/actors#fetch' }
[0m[32m[2026-04-17T09:24:10.172Z]  INFO: Requesting https://data.allie.dbcls.jp/sparql { headers: { accept: 'application/sparql-results+json;q=1.0,application/sparql-results+xml;q=0.7', 'content-length': '2267', 'content-type': 'application/x-www-form-urlencoded', 'user-agent': 'Comunica/4.0 (linux; x64) ActorHttpFetch/4.4.1 Node.js/24' }, method: 'POST', actor: 'urn:comunica:default:http/actors#fetch' }
[0m[90m[2026-04-17T09:24:10.177Z]  DEBUG: Delaying request { url: 'https://data.allie.dbcls.jp/sparql', requestInterval: 14620, currentDelay: 14615, actor: 'urn:comunica:default:http/actors#limit-rate' }
[0m[90m[2026-04-17T09:24:10.178Z]  DEBUG: Delaying request { url: 'https://data.allie.dbcls.jp/sparql', requestInterval: 14620, currentDelay: 29234, actor: 'urn:comunica:default:http/actors#limit-rate' }
[0m[90m[2026-04-17T09:24:10.399Z]  DEBUG: Delaying request { url: 'https://data.allie.dbcls.jp/sparql', requestInterval: 14620, currentDelay: 43633, actor: 'urn:comunica:default:http/actors#limit-rate' }
[0m[90m[2026-04-17T09:24:10.401Z]  DEBUG: Delaying request { url: 'https://data.allie.dbcls.jp/sparql', requestInterval: 14620, currentDelay: 58251, actor: 'urn:comunica:default:http/actors#limit-rate' }
[0m[90m[2026-04-17T09:24:10.402Z]  DEBUG: Delaying request { url: 'https://data.allie.dbcls.jp/sparql', requestInterval: 14620, currentDelay: 72870, actor: 'urn:comunica:default:http/actors#limit-rate' }
[0m[90m[2026-04-17T09:24:10.405Z]  DEBUG: Delaying request { url: 'https://data.allie.dbcls.jp/sparql', requestInterval: 14620, currentDelay: 87487, actor: 'urn:comunica:default:http/actors#limit-rate' }
[0m[90m[2026-04-17T09:24:10.407Z]  DEBUG: Delaying request { url: 'https://data.allie.dbcls.jp/sparql', requestInterval: 14620, currentDelay: 102105, actor: 'urn:comunica:default:http/actors#limit-rate' }
[0m[90m[2026-04-17T09:24:10.409Z]  DEBUG: Delaying request { url: 'https://data.allie.dbcls.jp/sparql', requestInterval: 14620, currentDelay: 116723, actor: 'urn:comunica:default:http/actors#limit-rate' }
[0m[90m[2026-04-17T09:24:10.411Z]  DEBUG: Delaying request { url: 'https://data.allie.dbcls.jp/sparql', requestInterval: 14620, currentDelay: 131341, actor: 'urn:comunica:default:http/actors#limit-rate' }
[0m[90m[2026-04-17T09:24:10.413Z]  DEBUG: Delaying request { url: 'https://data.allie.dbcls.jp/sparql', requestInterval: 14620, currentDelay: 145959, actor: 'urn:comunica:default:http/actors#limit-rate' }
[0m[90m[2026-04-17T09:24:10.415Z]  DEBUG: Delaying request { url: 'https://data.allie.dbcls.jp/sparql', requestInterval: 14620, currentDelay: 160577, actor: 'urn:comunica:default:http/actors#limit-rate' }
[0m[90m[2026-04-17T09:24:10.416Z]  DEBUG: Delaying request { url: 'https://data.allie.dbcls.jp/sparql', requestInterval: 14620, currentDelay: 175196, actor: 'urn:comunica:default:http/actors#limit-rate' }
[0m[90m[2026-04-17T09:24:10.418Z]  DEBUG: Delaying request { url: 'https://data.allie.dbcls.jp/sparql', requestInterval: 14620, currentDelay: 189814, actor: 'urn:comunica:default:http/actors#limit-rate' }
[0m[90m[2026-04-17T09:24:10.419Z]  DEBUG: Delaying request { url: 'https://data.allie.dbcls.jp/sparql', requestInterval: 14620, currentDelay: 204433, actor: 'urn:comunica:default:http/actors#limit-rate' }
[0m[90m[2026-04-17T09:24:10.626Z]  DEBUG: Delaying request { url: 'https://data.allie.dbcls.jp/sparql', requestInterval: 14620, currentDelay: 218846, actor: 'urn:comunica:default:http/actors#limit-rate' }
[0m[90m[2026-04-17T09:24:10.628Z]  DEBUG: Delaying request { url: 'https://data.allie.dbcls.jp/sparql', requestInterval: 14620, currentDelay: 233464, actor: 'urn:comunica:default:http/actors#limit-rate' }
[0m[90m[2026-04-17T09:24:10.631Z]  DEBUG: Delaying request { url: 'https://data.allie.dbcls.jp/sparql', requestInterval: 14620, currentDelay: 248081, actor: 'urn:comunica:default:http/actors#limit-rate' }
[0m[90m[2026-04-17T09:24:10.633Z]  DEBUG: Delaying request { url: 'https://data.allie.dbcls.jp/sparql', requestInterval: 14620, currentDelay: 262699, actor: 'urn:comunica:default:http/actors#limit-rate' }
[0m[90m[2026-04-17T09:24:10.635Z]  DEBUG: Delaying request { url: 'https://data.allie.dbcls.jp/sparql', requestInterval: 14620, currentDelay: 277317, actor: 'urn:comunica:default:http/actors#limit-rate' }
[0m[90m[2026-04-17T09:24:10.636Z]  DEBUG: Delaying request { url: 'https://data.allie.dbcls.jp/sparql', requestInterval: 14620, currentDelay: 291936, actor: 'urn:comunica:default:http/actors#limit-rate' }
[0m[90m[2026-04-17T09:24:10.637Z]  DEBUG: Delaying request { url: 'https://data.allie.dbcls.jp/sparql', requestInterval: 14620, currentDelay: 306555, actor: 'urn:comunica:default:http/actors#limit-rate' }
[0m[90m[2026-04-17T09:24:10.639Z]  DEBUG: Delaying request { url: 'https://data.allie.dbcls.jp/sparql', requestInterval: 14620, currentDelay: 321173, actor: 'urn:comunica:default:http/actors#limit-rate' }
[0m[90m[2026-04-17T09:24:10.641Z]  DEBUG: Delaying request { url: 'https://data.allie.dbcls.jp/sparql', requestInterval: 14620, currentDelay: 335791, actor: 'urn:comunica:default:http/actors#limit-rate' }
[0m[90m[2026-04-17T09:24:10.642Z]  DEBUG: Delaying request { url: 'https://data.allie.dbcls.jp/sparql', requestInterval: 14620, currentDelay: 350410, actor: 'urn:comunica:default:http/actors#limit-rate' }
[0m[90m[2026-04-17T09:24:10.644Z]  DEBUG: Delaying request { url: 'https://data.allie.dbcls.jp/sparql', requestInterval: 14620, currentDelay: 365028, actor: 'urn:comunica:default:http/actors#limit-rate' }
[0m[90m[2026-04-17T09:24:10.645Z]  DEBUG: Delaying request { url: 'https://data.allie.dbcls.jp/sparql', requestInterval: 14620, currentDelay: 379647, actor: 'urn:comunica:default:http/actors#limit-rate' }
[0m[90m[2026-04-17T09:24:10.658Z]  DEBUG: Delaying request { url: 'https://data.allie.dbcls.jp/sparql', requestInterval: 14620, currentDelay: 394254, actor: 'urn:comunica:default:http/actors#limit-rate' }
[0m[90m[2026-04-17T09:24:10.663Z]  DEBUG: Delaying request { url: 'https://data.allie.dbcls.jp/sparql', requestInterval: 14620, currentDelay: 408869, actor: 'urn:comunica:default:http/actors#limit-rate' }
[0m[90m[2026-04-17T09:24:10.665Z]  DEBUG: Delaying request { url: 'https://data.allie.dbcls.jp/sparql', requestInterval: 14620, currentDelay: 423487, actor: 'urn:comunica:default:http/actors#limit-rate' }
[0m[90m[2026-04-17T09:24:10.668Z]  DEBUG: Delaying request { url: 'https://data.allie.dbcls.jp/sparql', requestInterval: 14620, currentDelay: 438104, actor: 'urn:comunica:default:http/actors#limit-rate' }
[0m[90m[2026-04-17T09:24:10.671Z]  DEBUG: Delaying request { url: 'https://data.allie.dbcls.jp/sparql', requestInterval: 14620, currentDelay: 452721, actor: 'urn:comunica:default:http/actors#limit-rate' }
[0m[90m[2026-04-17T09:24:10.673Z]  DEBUG: Delaying request { url: 'https://data.allie.dbcls.jp/sparql', requestInterval: 14620, currentDelay: 467339, actor: 'urn:comunica:default:http/actors#limit-rate' }
[0m[90m[2026-04-17T09:24:10.856Z]  DEBUG: Delaying request { url: 'https://data.allie.dbcls.jp/sparql', requestInterval: 14620, currentDelay: 481776, actor: 'urn:comunica:default:http/actors#limit-rate' }
[0m[90m[2026-04-17T09:24:10.858Z]  DEBUG: Delaying request { url: 'https://data.allie.dbcls.jp/sparql', requestInterval: 14620, currentDelay: 496394, actor: 'urn:comunica:default:http/actors#limit-rate' }
[0m[90m[2026-04-17T09:24:10.859Z]  DEBUG: Delaying request { url: 'https://data.allie.dbcls.jp/sparql', requestInterval: 14620, currentDelay: 511013, actor: 'urn:comunica:default:http/actors#limit-rate' }
[0m[90m[2026-04-17T09:24:10.860Z]  DEBUG: Delaying request { url: 'https://data.allie.dbcls.jp/sparql', requestInterval: 14620, currentDelay: 525632, actor: 'urn:comunica:default:http/actors#limit-rate' }
[0m[90m[2026-04-17T09:24:10.861Z]  DEBUG: Delaying request { url: 'https://data.allie.dbcls.jp/sparql', requestInterval: 14620, currentDelay: 540251, actor: 'urn:comunica:default:http/actors#limit-rate' }
[0m[90m[2026-04-17T09:24:10.862Z]  DEBUG: Delaying request { url: 'https://data.allie.dbcls.jp/sparql', requestInterval: 14620, currentDelay: 554870, actor: 'urn:comunica:default:http/actors#limit-rate' }
[0m[90m[2026-04-17T09:24:10.863Z]  DEBUG: Delaying request { url: 'https://data.allie.dbcls.jp/sparql', requestInterval: 14620, currentDelay: 569489, actor: 'urn:comunica:default:http/actors#limit-rate' }
[0m[90m[2026-04-17T09:24:10.864Z]  DEBUG: Delaying request { url: 'https://data.allie.dbcls.jp/sparql', requestInterval: 14620, currentDelay: 584108, actor: 'urn:comunica:default:http/actors#limit-rate' }
[0m[90m[2026-04-17T09:24:10.865Z]  DEBUG: Delaying request { url: 'https://data.allie.dbcls.jp/sparql', requestInterval: 14620, currentDelay: 598727, actor: 'urn:comunica:default:http/actors#limit-rate' }
[0m[90m[2026-04-17T09:24:10.866Z]  DEBUG: Delaying request { url: 'https://data.allie.dbcls.jp/sparql', requestInterval: 14620, currentDelay: 613346, actor: 'urn:comunica:default:http/actors#limit-rate' }
[0m[90m[2026-04-17T09:24:10.867Z]  DEBUG: Delaying request { url: 'https://data.allie.dbcls.jp/sparql', requestInterval: 14620, currentDelay: 627965, actor: 'urn:comunica:default:http/actors#limit-rate' }
[0m[90m[2026-04-17T09:24:10.868Z]  DEBUG: Delaying request { url: 'https://data.allie.dbcls.jp/sparql', requestInterval: 14620, currentDelay: 642584, actor: 'urn:comunica:default:http/actors#limit-rate' }
[0m[90m[2026-04-17T09:24:10.869Z]  DEBUG: Delaying request { url: 'https://data.allie.dbcls.jp/sparql', requestInterval: 14620, currentDelay: 657203, actor: 'urn:comunica:default:http/actors#limit-rate' }
[0m[90m[2026-04-17T09:24:10.870Z]  DEBUG: Delaying request { url: 'https://data.allie.dbcls.jp/sparql', requestInterval: 14620, currentDelay: 671822, actor: 'urn:comunica:default:http/actors#limit-rate' }
[0m[90m[2026-04-17T09:24:10.871Z]  DEBUG: Delaying request { url: 'https://data.allie.dbcls.jp/sparql', requestInterval: 14620, currentDelay: 686441, actor: 'urn:comunica:default:http/actors#limit-rate' }
[0m[90m[2026-04-17T09:24:10.872Z]  DEBUG: Delaying request { url: 'https://data.allie.dbcls.jp/sparql', requestInterval: 14620, currentDelay: 701060, actor: 'urn:comunica:default:http/actors#limit-rate' }
[0m[90m[2026-04-17T09:24:10.874Z]  DEBUG: Delaying request { url: 'https://data.allie.dbcls.jp/sparql', requestInterval: 14620, currentDelay: 715678, actor: 'urn:comunica:default:http/actors#limit-rate' }
[0m[90m[2026-04-17T09:24:10.875Z]  DEBUG: Delaying request { url: 'https://data.allie.dbcls.jp/sparql', requestInterval: 14620, currentDelay: 730297, actor: 'urn:comunica:default:http/actors#limit-rate' }
[0m[90m[2026-04-17T09:24:10.876Z]  DEBUG: Delaying request { url: 'https://data.allie.dbcls.jp/sparql', requestInterval: 14620, currentDelay: 744916, actor: 'urn:comunica:default:http/actors#limit-rate' }
[0m[90m[2026-04-17T09:24:10.877Z]  DEBUG: Delaying request { url: 'https://data.allie.dbcls.jp/sparql', requestInterval: 14620, currentDelay: 759535, actor: 'urn:comunica:default:http/actors#limit-rate' }
[0m[90m[2026-04-17T09:24:10.878Z]  DEBUG: Delaying request { url: 'https://data.allie.dbcls.jp/sparql', requestInterval: 14620, currentDelay: 774154, actor: 'urn:comunica:default:http/actors#limit-rate' }
[0m[90m[2026-04-17T09:24:10.879Z]  DEBUG: Delaying request { url: 'https://data.allie.dbcls.jp/sparql', requestInterval: 14620, currentDelay: 788773, actor: 'urn:comunica:default:http/actors#limit-rate' }
[0m[90m[2026-04-17T09:24:10.880Z]  DEBUG: Delaying request { url: 'https://data.allie.dbcls.jp/sparql', requestInterval: 14620, currentDelay: 803392, actor: 'urn:comunica:default:http/actors#limit-rate' }
[0m[90m[2026-04-17T09:24:10.882Z]  DEBUG: Delaying request { url: 'https://data.allie.dbcls.jp/sparql', requestInterval: 14620, currentDelay: 818010, actor: 'urn:comunica:default:http/actors#limit-rate' }
[0m[90m[2026-04-17T09:24:10.883Z]  DEBUG: Delaying request { url: 'https://data.allie.dbcls.jp/sparql', requestInterval: 14620, currentDelay: 832629, actor: 'urn:comunica:default:http/actors#limit-rate' }
[0m[90m[2026-04-17T09:24:10.884Z]  DEBUG: Delaying request { url: 'https://data.allie.dbcls.jp/sparql', requestInterval: 14620, currentDelay: 847248, actor: 'urn:comunica:default:http/actors#limit-rate' }
[0m[90m[2026-04-17T09:24:10.885Z]  DEBUG: Delaying request { url: 'https://data.allie.dbcls.jp/sparql', requestInterval: 14620, currentDelay: 861867, actor: 'urn:comunica:default:http/actors#limit-rate' }
[0m[90m[2026-04-17T09:24:10.886Z]  DEBUG: Delaying request { url: 'https://data.allie.dbcls.jp/sparql', requestInterval: 14620, currentDelay: 876486, actor: 'urn:comunica:default:http/actors#limit-rate' }
[0m[90m[2026-04-17T09:24:10.887Z]  DEBUG: Delaying request { url: 'https://data.allie.dbcls.jp/sparql', requestInterval: 14620, currentDelay: 891105, actor: 'urn:comunica:default:http/actors#limit-rate' }
[0m[90m[2026-04-17T09:24:10.888Z]  DEBUG: Delaying request { url: 'https://data.allie.dbcls.jp/sparql', requestInterval: 14620, currentDelay: 905724, actor: 'urn:comunica:default:http/actors#limit-rate' }
[0m[90m[2026-04-17T09:24:10.889Z]  DEBUG: Delaying request { url: 'https://data.allie.dbcls.jp/sparql', requestInterval: 14620, currentDelay: 920343, actor: 'urn:comunica:default:http/actors#limit-rate' }
[0m[90m[2026-04-17T09:24:10.890Z]  DEBUG: Delaying request { url: 'https://data.allie.dbcls.jp/sparql', requestInterval: 14620, currentDelay: 934962, actor: 'urn:comunica:default:http/actors#limit-rate' }
[0m[90m[2026-04-17T09:24:10.891Z]  DEBUG: Delaying request { url: 'https://data.allie.dbcls.jp/sparql', requestInterval: 14620, currentDelay: 949581, actor: 'urn:comunica:default:http/actors#limit-rate' }
[0m[90m[2026-04-17T09:24:10.892Z]  DEBUG: Delaying request { url: 'https://data.allie.dbcls.jp/sparql', requestInterval: 14620, currentDelay: 964200, actor: 'urn:comunica:default:http/actors#limit-rate' }
[0m[90m[2026-04-17T09:24:10.893Z]  DEBUG: Delaying request { url: 'https://data.allie.dbcls.jp/sparql', requestInterval: 14620, currentDelay: 978819, actor: 'urn:comunica:default:http/actors#limit-rate' }
[0m[90m[2026-04-17T09:24:10.894Z]  DEBUG: Delaying request { url: 'https://data.allie.dbcls.jp/sparql', requestInterval: 14620, currentDelay: 993438, actor: 'urn:comunica:default:http/actors#limit-rate' }
[0m[90m[2026-04-17T09:24:10.895Z]  DEBUG: Delaying request { url: 'https://data.allie.dbcls.jp/sparql', requestInterval: 14620, currentDelay: 1008057, actor: 'urn:comunica:default:http/actors#limit-rate' }
[0m[90m[2026-04-17T09:24:10.896Z]  DEBUG: Delaying request { url: 'https://data.allie.dbcls.jp/sparql', requestInterval: 14620, currentDelay: 1022676, actor: 'urn:comunica:default:http/actors#limit-rate' }
[0m[90m[2026-04-17T09:24:10.897Z]  DEBUG: Delaying request { url: 'https://data.allie.dbcls.jp/sparql', requestInterval: 14620, currentDelay: 1037295, actor: 'urn:comunica:default:http/actors#limit-rate' }
[0m[90m[2026-04-17T09:24:10.898Z]  DEBUG: Delaying request { url: 'https://data.allie.dbcls.jp/sparql', requestInterval: 14620, currentDelay: 1051914, actor: 'urn:comunica:default:http/actors#limit-rate' }
[0m[90m[2026-04-17T09:24:10.899Z]  DEBUG: Delaying request { url: 'https://data.allie.dbcls.jp/sparql', requestInterval: 14620, currentDelay: 1066533, actor: 'urn:comunica:default:http/actors#limit-rate' }
[0m[90m[2026-04-17T09:24:10.900Z]  DEBUG: Delaying request { url: 'https://data.allie.dbcls.jp/sparql', requestInterval: 14620, currentDelay: 1081152, actor: 'urn:comunica:default:http/actors#limit-rate' }
[0m[90m[2026-04-17T09:24:10.900Z]  DEBUG: Delaying request { url: 'https://data.allie.dbcls.jp/sparql', requestInterval: 14620, currentDelay: 1095772, actor: 'urn:comunica:default:http/actors#limit-rate' }
[0m[90m[2026-04-17T09:24:10.962Z]  DEBUG: Server reported client-side error { url: 'https://data.allie.dbcls.jp/sparql', status: 400, statusText: 'Bad Request', currentAttempt: '1 / 3', actor: 'urn:comunica:default:http/actors#retry' }
[0mRequest failed: https://data.allie.dbcls.jp/sparql
